
Allocating common symbols
Common symbol       size              file

HIDIO_ack_buf_data  0x4e              CMakeFiles/kiibohd.dir/Output/HID-IO/hidio_com.c.obj
LED_framerate       0x4               CMakeFiles/kiibohd.dir/Scan/Devices/ISSILed/led_scan.c.obj
triggerPendingDebugMode
                    0x1               CMakeFiles/kiibohd.dir/Macro/PartialMap/macro.c.obj
uart_tx_buf         0x106             CMakeFiles/kiibohd.dir/Scan/Devices/UARTConnect/connect_scan.c.obj
Pixel_AnimationStack
                    0x54              CMakeFiles/kiibohd.dir/Macro/PixelMap/pixel.c.obj
Pixel_animationControl
                    0x1               CMakeFiles/kiibohd.dir/Macro/PixelMap/pixel.c.obj
Connect_receive_RemoteCapabilityBuffer
                    0x6               CMakeFiles/kiibohd.dir/Scan/Devices/UARTConnect/connect_scan.c.obj
gWDT_entropy_pool   0x20              CMakeFiles/kiibohd.dir/Lib/entropy.c.obj
macroPauseMode      0x1               CMakeFiles/kiibohd.dir/Macro/PartialMap/macro.c.obj
macroTriggerEventBufferSize
                    0x2               CMakeFiles/kiibohd.dir/Macro/PartialMap/macro.c.obj
macroResultDelayedCapabilities
                    0x7c              CMakeFiles/kiibohd.dir/Macro/PartialMap/result.c.obj
Pixel_FrameState    0x1               CMakeFiles/kiibohd.dir/Macro/PixelMap/pixel.c.obj
LED_chipSend        0x1               CMakeFiles/kiibohd.dir/Scan/Devices/ISSILed/led_scan.c.obj
gWDT_buffer_position
                    0x1               CMakeFiles/kiibohd.dir/Lib/entropy.c.obj
CLIHexDebugMode     0x1               CMakeFiles/kiibohd.dir/main.c.obj
Output_DebugMode    0x1               CMakeFiles/kiibohd.dir/Output/Interface/output_gen.c.obj
USBKeys_Idle_Count  0x1               CMakeFiles/kiibohd.dir/Output/USB/output_usb.c.obj
LED_pause           0x1               CMakeFiles/kiibohd.dir/Scan/Devices/ISSILed/led_scan.c.obj
CLIHistoryCurrent   0x1               CMakeFiles/kiibohd.dir/main.c.obj
USBMouse_Changed    0x1               CMakeFiles/kiibohd.dir/Output/USB/output_usb.c.obj
usb_rx_byte_count_data
                    0x14              CMakeFiles/kiibohd.dir/Output/USB/arm/usb_dev.c.obj
USBInit_TimeEnd     0x4               CMakeFiles/kiibohd.dir/Output/USB/output_usb.c.obj
capDebugMode        0x1               CMakeFiles/kiibohd.dir/Macro/PartialMap/result.c.obj
CLILEDState         0x1               CMakeFiles/kiibohd.dir/main.c.obj
CLIDictionariesUsed
                    0x1               CMakeFiles/kiibohd.dir/main.c.obj
LED_enable_current  0x1               CMakeFiles/kiibohd.dir/Scan/Devices/ISSILed/led_scan.c.obj
Pixel_AnimationElement_Stor
                    0x140             CMakeFiles/kiibohd.dir/Macro/PixelMap/pixel.c.obj
USBMouse_Buttons    0x2               CMakeFiles/kiibohd.dir/Output/USB/output_usb.c.obj
LED_displayFPS      0x1               CMakeFiles/kiibohd.dir/Scan/Devices/ISSILed/led_scan.c.obj
USBMouse_VertWheel  0x1               CMakeFiles/kiibohd.dir/Output/USB/output_usb.c.obj
CLIHistoryBuffer    0x3e8             CMakeFiles/kiibohd.dir/main.c.obj
uart_tx_status      0x4               CMakeFiles/kiibohd.dir/Scan/Devices/UARTConnect/connect_scan.c.obj
HIDIO_Id_List_Size  0x4               CMakeFiles/kiibohd.dir/Output/HID-IO/hidio_com.c.obj
voteDebugMode       0x1               CMakeFiles/kiibohd.dir/Macro/PartialMap/macro.c.obj
CLILineBuffer       0x65              CMakeFiles/kiibohd.dir/main.c.obj
macroResultMacroPendingList
                    0x25c             CMakeFiles/kiibohd.dir/Macro/PartialMap/result.c.obj
Pixel_testMode      0x1               CMakeFiles/kiibohd.dir/Macro/PixelMap/pixel.c.obj
HIDIO_Packet_Size   0x2               CMakeFiles/kiibohd.dir/Output/HID-IO/hidio_com.c.obj
HIDIO_assembly_buf_data
                    0xd0              CMakeFiles/kiibohd.dir/Output/HID-IO/hidio_com.c.obj
CLIHistoryHead      0x1               CMakeFiles/kiibohd.dir/main.c.obj
USBMouse_Relative_y
                    0x2               CMakeFiles/kiibohd.dir/Output/USB/output_usb.c.obj
USBInit_Ticks       0x2               CMakeFiles/kiibohd.dir/Output/USB/output_usb.c.obj
LayerState          0x3               CMakeFiles/kiibohd.dir/Macro/PartialMap/macro.c.obj
Connect_receive_RemoteCapabilityArgs
                    0x19              CMakeFiles/kiibohd.dir/Scan/Devices/UARTConnect/connect_scan.c.obj
Layer_rotationLayer
                    0x2               CMakeFiles/kiibohd.dir/Macro/PartialMap/layer.c.obj
USBKeys_idle        0x22              CMakeFiles/kiibohd.dir/Output/USB/output_usb.c.obj
LED_pageBuffer_brightness
                    0x124             CMakeFiles/kiibohd.dir/Scan/Devices/ISSILed/led_scan.c.obj
HIDIO_ack_buf       0x4               CMakeFiles/kiibohd.dir/Output/HID-IO/hidio_com.c.obj
gWDT_buffer         0x20              CMakeFiles/kiibohd.dir/Lib/entropy.c.obj
KLL_pageBuffer      0x120             CMakeFiles/kiibohd.dir/generatedPixelmap.c.obj
macroTriggerEventBuffer
[...]
Memory Configuration

Name             Origin             Length             Attributes
FLASH            0x0000000000002000 0x000000000003e000 xr
RAM              0x000000001fff8000 0x0000000000010000 xrw
*default*        0x0000000000000000 0xffffffffffffffff

Linker script and memory map

LOAD CMakeFiles/kiibohd.dir/main.c.obj
LOAD CMakeFiles/kiibohd.dir/Lib/kinetis.c.obj
LOAD CMakeFiles/kiibohd.dir/Lib/delay.c.obj
LOAD CMakeFiles/kiibohd.dir/Lib/entropy.c.obj
LOAD CMakeFiles/kiibohd.dir/Lib/gpio.c.obj
LOAD CMakeFiles/kiibohd.dir/Lib/periodic.c.obj
LOAD CMakeFiles/kiibohd.dir/Lib/storage.c.obj
LOAD CMakeFiles/kiibohd.dir/Lib/time.c.obj
LOAD CMakeFiles/kiibohd.dir/Lib/arm_cortex.c.obj
LOAD CMakeFiles/kiibohd.dir/Scan/Devices/ISSILed/i2c.c.obj
LOAD CMakeFiles/kiibohd.dir/Scan/Devices/ISSILed/led_scan.c.obj
LOAD CMakeFiles/kiibohd.dir/Scan/Devices/MatrixARMPeriodic/matrix_scan.c.obj
LOAD CMakeFiles/kiibohd.dir/Scan/Devices/STLcd/lcd_scan.c.obj
LOAD CMakeFiles/kiibohd.dir/Scan/Devices/UARTConnect/connect_scan.c.obj
LOAD CMakeFiles/kiibohd.dir/Scan/Infinity_Ergodox/scan_loop.c.obj
LOAD CMakeFiles/kiibohd.dir/Macro/PartialMap/kll.c.obj
LOAD CMakeFiles/kiibohd.dir/Macro/PartialMap/layer.c.obj
LOAD CMakeFiles/kiibohd.dir/Macro/PartialMap/macro.c.obj
LOAD CMakeFiles/kiibohd.dir/Macro/PartialMap/result.c.obj
LOAD CMakeFiles/kiibohd.dir/Macro/PartialMap/trigger.c.obj
LOAD CMakeFiles/kiibohd.dir/Macro/PixelMap/pixel.c.obj
LOAD CMakeFiles/kiibohd.dir/generatedPixelmap.c.obj
LOAD CMakeFiles/kiibohd.dir/Output/HID-IO/hidio_com.c.obj
LOAD CMakeFiles/kiibohd.dir/Output/Interface/output_gen.c.obj
LOAD CMakeFiles/kiibohd.dir/Output/USB/output_com.c.obj
LOAD CMakeFiles/kiibohd.dir/Output/USB/output_usb.c.obj
LOAD CMakeFiles/kiibohd.dir/Output/USB/arm/usb_desc.c.obj
LOAD CMakeFiles/kiibohd.dir/Output/USB/arm/usb_dev.c.obj
LOAD CMakeFiles/kiibohd.dir/Output/USB/arm/usb_joystick.c.obj
LOAD CMakeFiles/kiibohd.dir/Output/USB/arm/usb_keyboard.c.obj
LOAD CMakeFiles/kiibohd.dir/Output/USB/arm/usb_mem.c.obj
LOAD CMakeFiles/kiibohd.dir/Output/USB/arm/usb_mouse.c.obj
LOAD CMakeFiles/kiibohd.dir/Output/USB/arm/usb_rawio.c.obj
LOAD CMakeFiles/kiibohd.dir/Output/USB/arm/usb_serial.c.obj
LOAD CMakeFiles/kiibohd.dir/Debug/cli/cli.c.obj
LOAD CMakeFiles/kiibohd.dir/Debug/latency/latency.c.obj
LOAD CMakeFiles/kiibohd.dir/Debug/led/led.c.obj
LOAD CMakeFiles/kiibohd.dir/Debug/print/print.c.obj
                0x0000000000002000                _app_rom = ORIGIN (FLASH)
                0x0000000000040000                _app_rom_end = (ORIGIN (FLASH) + LENGTH (FLASH))

.text           0x0000000000002000    0x150c8
                0x0000000000000000                . = 0x0
 *(.vectors)
 .vectors       0x0000000000002000      0x1bc CMakeFiles/kiibohd.dir/Lib/kinetis.c.obj
                0x0000000000002000                gVectors
 *(.startup*)
 .startup       0x00000000000021bc      0x180 CMakeFiles/kiibohd.dir/Lib/kinetis.c.obj
                0x00000000000021bc                ResetHandler
                0x0000000000000400                . = 0x400
 *fill*         0x000000000000233c       0xc4 
 *(.flashconfig)
 *(.text*)
 .text.main_periodic
                0x0000000000002400       0x58 CMakeFiles/kiibohd.dir/main.c.obj
                0x0000000000002400                main_periodic
 .text.startup.main
                0x0000000000002458       0x48 CMakeFiles/kiibohd.dir/main.c.obj
                0x0000000000002458                main
 .text.systick_default_isr
                0x00000000000024a0       0x5c CMakeFiles/kiibohd.dir/Lib/kinetis.c.obj
                0x00000000000024a0                systick_isr
                0x00000000000024a0                systick_default_isr
 .text.fault_isr
                0x00000000000024fc       0x48 CMakeFiles/kiibohd.dir/Lib/kinetis.c.obj
                0x00000000000024fc                fault_isr
 .text.unused_isr
                0x0000000000002544       0x10 CMakeFiles/kiibohd.dir/Lib/kinetis.c.obj
                0x0000000000002544                enet_tx_isr
                0x0000000000002544                dma_ch6_isr
                0x0000000000002544                uart0_lon_isr
                0x0000000000002544                dma_ch8_isr
                0x0000000000002544                portcd_isr
                0x0000000000002544                can1_rx_warn_isr
                0x0000000000002544                dma_error_isr
                0x0000000000002544                portd_isr
                0x0000000000002544                enet_error_isr
                0x0000000000002544                tpm1_isr
                0x0000000000002544                porte_isr
                0x0000000000002544                portb_isr
                0x0000000000002544                spi1_isr
                0x0000000000002544                uart3_status_isr
                0x0000000000002544                mcm_isr
                0x0000000000002544                uart1_status_isr
                0x0000000000002544                randnum_isr
                0x0000000000002544                dma_ch11_isr
                0x0000000000002544                i2c2_isr
                0x0000000000002544                pit1_isr
                0x0000000000002544                dma_ch4_isr
                0x0000000000002544                software_isr
                0x0000000000002544                dma_ch7_isr
                0x0000000000002544                can1_bus_off_isr
                0x0000000000002544                ftm2_isr
                0x0000000000002544                uart5_status_isr
                0x0000000000002544                lpuart0_status_isr
                0x0000000000002544                dma_ch9_isr
                0x0000000000002544                pit2_isr
                0x0000000000002544                i2c3_isr
                0x0000000000002544                can1_error_isr
                0x0000000000002544                can0_wakeup_isr
                0x0000000000002544                flash_cmd_isr
                0x0000000000002544                uart2_status_isr
                0x0000000000002544                svcall_isr
                0x0000000000002544                dma_ch15_isr
                0x0000000000002544                uart1_error_isr
                0x0000000000002544                usbhs_phy_isr
                0x0000000000002544                unused_isr
                0x0000000000002544                spi0_isr
                0x0000000000002544                dma_ch3_isr
                0x0000000000002544                flash_error_isr
                0x0000000000002544                uart5_error_isr
                0x0000000000002544                rtc_seconds_isr
                0x0000000000002544                pdb_isr
                0x0000000000002544                dac1_isr
                0x0000000000002544                dma_ch14_isr
                0x0000000000002544                rtc_alarm_isr
                0x0000000000002544                dma_ch2_isr
                0x0000000000002544                ftm1_isr
                0x0000000000002544                dma_ch13_isr
                0x0000000000002544                uart2_error_isr
                0x0000000000002544                usb_charge_isr
                0x0000000000002544                cmt_isr
                0x0000000000002544                usbhs_isr
                0x0000000000002544                ftm3_isr
                0x0000000000002544                tsi0_isr
                0x0000000000002544                spi2_isr
                0x0000000000002544                can0_bus_off_isr
                0x0000000000002544                uart3_error_isr
                0x0000000000002544                porta_isr
                0x0000000000002544                low_voltage_isr
                0x0000000000002544                can0_error_isr
                0x0000000000002544                dma_ch12_isr
                0x0000000000002544                can1_wakeup_isr
                0x0000000000002544                pit3_isr
                0x0000000000002544                enet_rx_isr
                0x0000000000002544                portc_isr
                0x0000000000002544                debugmonitor_isr
                0x0000000000002544                cmp1_isr
                0x0000000000002544                ftm0_isr
                0x0000000000002544                tpm0_isr
                0x0000000000002544                i2s0_rx_isr
                0x0000000000002544                uart4_error_isr
                0x0000000000002544                can0_message_isr
                0x0000000000002544                can1_message_isr
                0x0000000000002544                sdhc_isr
                0x0000000000002544                dma_ch10_isr
                0x0000000000002544                uart0_error_isr
                0x0000000000002544                i2s0_isr
                0x0000000000002544                enet_timer_isr
                0x0000000000002544                i2s0_tx_isr
                0x0000000000002544                adc1_isr
                0x0000000000002544                cmp0_isr
                0x0000000000002544                pit_isr
                0x0000000000002544                dac0_isr
                0x0000000000002544                can1_tx_warn_isr
                0x0000000000002544                uart0_status_isr
                0x0000000000002544                mcg_isr
                0x0000000000002544                dma_ch1_isr
                0x0000000000002544                dma_ch5_isr
                0x0000000000002544                can0_rx_warn_isr
                0x0000000000002544                can0_tx_warn_isr
                0x0000000000002544                uart4_status_isr
                0x0000000000002544                cmp2_isr
                0x0000000000002544                pendablesrvreq_isr
                0x0000000000002544                wakeup_isr
                0x0000000000002544                cmp3_isr
                0x0000000000002544                tpm2_isr
                0x0000000000002544                dma_ch0_isr
                0x0000000000002544                adc0_isr
 .text.nmi_default_isr
                0x0000000000002554       0x28 CMakeFiles/kiibohd.dir/Lib/kinetis.c.obj
                0x0000000000002554                nmi_isr
                0x0000000000002554                nmi_default_isr
 .text.hard_fault_default_isr
                0x000000000000257c       0x4c CMakeFiles/kiibohd.dir/Lib/kinetis.c.obj
                0x000000000000257c                hard_fault_isr
                0x000000000000257c                hard_fault_default_isr
 .text.memmanage_fault_default_isr
                0x00000000000025c8       0x58 CMakeFiles/kiibohd.dir/Lib/kinetis.c.obj
                0x00000000000025c8                memmanage_fault_default_isr
                0x00000000000025c8                memmanage_fault_isr
 .text.bus_fault_default_isr
                0x0000000000002620       0x58 CMakeFiles/kiibohd.dir/Lib/kinetis.c.obj
                0x0000000000002620                bus_fault_isr
                0x0000000000002620                bus_fault_default_isr
 .text.usage_fault_default_isr
                0x0000000000002678       0x40 CMakeFiles/kiibohd.dir/Lib/kinetis.c.obj
                0x0000000000002678                usage_fault_default_isr
                0x0000000000002678                usage_fault_isr
 .text.watchdog_default_isr
                0x00000000000026b8       0x78 CMakeFiles/kiibohd.dir/Lib/kinetis.c.obj
                0x00000000000026b8                watchdog_isr
                0x00000000000026b8                watchdog_default_isr
 .text.__stack_chk_fail
                0x0000000000002730       0x1c CMakeFiles/kiibohd.dir/Lib/kinetis.c.obj
                0x0000000000002730                __stack_chk_fail
 .text.memset   0x000000000000274c       0x2c CMakeFiles/kiibohd.dir/Lib/kinetis.c.obj
                0x000000000000274c                memset
 .text.memcpy   0x0000000000002778       0x4c CMakeFiles/kiibohd.dir/Lib/kinetis.c.obj
                0x0000000000002778                memcpy
 .text.us_now   0x00000000000027c4       0x60 CMakeFiles/kiibohd.dir/Lib/delay.c.obj
                0x00000000000027c4                us_now
 .text.yield    0x0000000000002824       0x20 CMakeFiles/kiibohd.dir/Lib/delay.c.obj
                0x0000000000002824                yield
 .text.delay_us
                0x0000000000002844       0x34 CMakeFiles/kiibohd.dir/Lib/delay.c.obj
                0x0000000000002844                delay_us
 .text.delay_ms
                0x0000000000002878       0x34 CMakeFiles/kiibohd.dir/Lib/delay.c.obj
                0x0000000000002878                delay_ms
 .text.rand_initialize
                0x00000000000028ac       0x78 CMakeFiles/kiibohd.dir/Lib/entropy.c.obj
                0x00000000000028ac                rand_initialize
 .text.rand_value32
                0x0000000000002924       0x7c CMakeFiles/kiibohd.dir/Lib/entropy.c.obj
                0x0000000000002924                rand_value32
 .text.rand_available
                0x00000000000029a0       0x28 CMakeFiles/kiibohd.dir/Lib/entropy.c.obj
                0x00000000000029a0                rand_available
 .text.lptmr_isr
                0x00000000000029c8      0x140 CMakeFiles/kiibohd.dir/Lib/entropy.c.obj
                0x00000000000029c8                lptmr_isr
 .text.GPIO_Ctrl
                0x0000000000002b08       0xd8 CMakeFiles/kiibohd.dir/Lib/gpio.c.obj
                0x0000000000002b08                GPIO_Ctrl
 .text.Periodic_init
                0x0000000000002be0       0x5c CMakeFiles/kiibohd.dir/Lib/periodic.c.obj
                0x0000000000002be0                Periodic_init
 .text.Periodic_enable
                0x0000000000002c3c       0x28 CMakeFiles/kiibohd.dir/Lib/periodic.c.obj
                0x0000000000002c3c                Periodic_enable
 .text.Periodic_disable
                0x0000000000002c64       0x28 CMakeFiles/kiibohd.dir/Lib/periodic.c.obj
                0x0000000000002c64                Periodic_disable
 .text.Periodic_function
                0x0000000000002c8c       0x28 CMakeFiles/kiibohd.dir/Lib/periodic.c.obj
                0x0000000000002c8c                Periodic_function
 .text.Periodic_cycles
                0x0000000000002cb4       0x28 CMakeFiles/kiibohd.dir/Lib/periodic.c.obj
                0x0000000000002cb4                Periodic_cycles
 .text.pit0_isr
                0x0000000000002cdc       0x30 CMakeFiles/kiibohd.dir/Lib/periodic.c.obj
                0x0000000000002cdc                pit0_isr
 .text.Time_now
                0x0000000000002d0c       0x30 CMakeFiles/kiibohd.dir/Lib/time.c.obj
                0x0000000000002d0c                Time_now
 .text.Time_init
                0x0000000000002d3c       0x24 CMakeFiles/kiibohd.dir/Lib/time.c.obj
                0x0000000000002d3c                Time_init
 .text.Time_add
                0x0000000000002d60       0x5c CMakeFiles/kiibohd.dir/Lib/time.c.obj
                0x0000000000002d60                Time_add
 .text.Time_compare
                0x0000000000002dbc       0x50 CMakeFiles/kiibohd.dir/Lib/time.c.obj
                0x0000000000002dbc                Time_compare
 .text.Time_ms  0x0000000000002e0c       0x24 CMakeFiles/kiibohd.dir/Lib/time.c.obj
                0x0000000000002e0c                Time_ms
 .text.Time_us  0x0000000000002e30       0x48 CMakeFiles/kiibohd.dir/Lib/time.c.obj
                0x0000000000002e30                Time_us
 .text.Time_ns  0x0000000000002e78       0x50 CMakeFiles/kiibohd.dir/Lib/time.c.obj
                0x0000000000002e78                Time_ns
 .text.Time_duration_rollover
                0x0000000000002ec8       0x6c CMakeFiles/kiibohd.dir/Lib/time.c.obj
                0x0000000000002ec8                Time_duration_rollover
 .text.Time_duration_rollover_now
                0x0000000000002f34       0x4c CMakeFiles/kiibohd.dir/Lib/time.c.obj
                0x0000000000002f34                Time_duration_rollover_now
 .text.Time_duration
                0x0000000000002f80       0x30 CMakeFiles/kiibohd.dir/Lib/time.c.obj
                0x0000000000002f80                Time_duration
 .text.Time_duration_ms
                0x0000000000002fb0       0x30 CMakeFiles/kiibohd.dir/Lib/time.c.obj
                0x0000000000002fb0                Time_duration_ms
 .text.Time_duration_us
                0x0000000000002fe0       0x3c CMakeFiles/kiibohd.dir/Lib/time.c.obj
                0x0000000000002fe0                Time_duration_us
 .text.Time_duration_ns
                0x000000000000301c       0x3c CMakeFiles/kiibohd.dir/Lib/time.c.obj
                0x000000000000301c                Time_duration_ns
 .text.Time_duration_ticks
                0x0000000000003058       0x4c CMakeFiles/kiibohd.dir/Lib/time.c.obj
                0x0000000000003058                Time_duration_ticks
 .text.Time_tick_reset
                0x00000000000030a4       0x3c CMakeFiles/kiibohd.dir/Lib/time.c.obj
                0x00000000000030a4                Time_tick_reset
 .text.Time_tick_start
                0x00000000000030e0       0x38 CMakeFiles/kiibohd.dir/Lib/time.c.obj
                0x00000000000030e0                Time_tick_start
 .text.Time_tick_update
                0x0000000000003118       0x80 CMakeFiles/kiibohd.dir/Lib/time.c.obj
                0x0000000000003118                Time_tick_update
 .text.i2c_initial
                0x0000000000003198       0x2c CMakeFiles/kiibohd.dir/Scan/Devices/ISSILed/i2c.c.obj
                0x0000000000003198                i2c_initial
 .text.i2c_setup
                0x00000000000031c4       0x70 CMakeFiles/kiibohd.dir/Scan/Devices/ISSILed/i2c.c.obj
                0x00000000000031c4                i2c_setup
 .text.i2c_error
                0x0000000000003234       0x2c CMakeFiles/kiibohd.dir/Scan/Devices/ISSILed/i2c.c.obj
                0x0000000000003234                i2c_error
 .text.i2c_reset
                0x0000000000003260       0x2c CMakeFiles/kiibohd.dir/Scan/Devices/ISSILed/i2c.c.obj
                0x0000000000003260                i2c_reset
 .text.i2c_busy
                0x000000000000328c       0x30 CMakeFiles/kiibohd.dir/Scan/Devices/ISSILed/i2c.c.obj
                0x000000000000328c                i2c_busy
 .text.i2c_send_sequence
                0x00000000000032bc      0x12c CMakeFiles/kiibohd.dir/Scan/Devices/ISSILed/i2c.c.obj
                0x00000000000032bc                i2c_send_sequence
 .text.i2c_isr  0x00000000000033e8      0x1e0 CMakeFiles/kiibohd.dir/Scan/Devices/ISSILed/i2c.c.obj
                0x00000000000033e8                i2c_isr
 .text.i2c0_isr
                0x00000000000035c8       0x24 CMakeFiles/kiibohd.dir/Scan/Devices/ISSILed/i2c.c.obj
                0x00000000000035c8                i2c0_isr
 .text.i2c1_isr
                0x00000000000035ec       0x24 CMakeFiles/kiibohd.dir/Scan/Devices/ISSILed/i2c.c.obj
                0x00000000000035ec                i2c1_isr
 .text.cliFunc_ledToggle
                0x0000000000003610       0x40 CMakeFiles/kiibohd.dir/Scan/Devices/ISSILed/led_scan.c.obj
                0x0000000000003610                cliFunc_ledToggle
 .text.cliFunc_ledCheck
                0x0000000000003650       0x28 CMakeFiles/kiibohd.dir/Scan/Devices/ISSILed/led_scan.c.obj
                0x0000000000003650                cliFunc_ledCheck
 .text.cliFunc_ledSet
                0x0000000000003678       0x5c CMakeFiles/kiibohd.dir/Scan/Devices/ISSILed/led_scan.c.obj
                0x0000000000003678                cliFunc_ledSet
 .text.LED_linkedSend
                0x00000000000036d4       0x74 CMakeFiles/kiibohd.dir/Scan/Devices/ISSILed/led_scan.c.obj
                0x00000000000036d4                LED_linkedSend
 .text.cliFunc_ledFPS
                0x0000000000003748       0x90 CMakeFiles/kiibohd.dir/Scan/Devices/ISSILed/led_scan.c.obj
                0x0000000000003748                cliFunc_ledFPS
 .text.LED_setupPage
                0x00000000000037d8       0x5c CMakeFiles/kiibohd.dir/Scan/Devices/ISSILed/led_scan.c.obj
                0x00000000000037d8                LED_setupPage
 .text.LED_zeroPages
                0x0000000000003834       0x94 CMakeFiles/kiibohd.dir/Scan/Devices/ISSILed/led_scan.c.obj
                0x0000000000003834                LED_zeroPages
 .text.LED_zeroControlPages
                0x00000000000038c8       0x30 CMakeFiles/kiibohd.dir/Scan/Devices/ISSILed/led_scan.c.obj
                0x00000000000038c8                LED_zeroControlPages
 .text.LED_sendPage
                0x00000000000038f8       0x4c CMakeFiles/kiibohd.dir/Scan/Devices/ISSILed/led_scan.c.obj
                0x00000000000038f8                LED_sendPage
 .text.LED_writeReg
                0x0000000000003944       0x64 CMakeFiles/kiibohd.dir/Scan/Devices/ISSILed/led_scan.c.obj
                0x0000000000003944                LED_writeReg
 .text.LED_reset
                0x00000000000039a8       0x94 CMakeFiles/kiibohd.dir/Scan/Devices/ISSILed/led_scan.c.obj
                0x00000000000039a8                LED_reset
 .text.cliFunc_ledReset
                0x0000000000003a3c       0x44 CMakeFiles/kiibohd.dir/Scan/Devices/ISSILed/led_scan.c.obj
                0x0000000000003a3c                cliFunc_ledReset
 .text.LED_setup
                0x0000000000003a80       0xe4 CMakeFiles/kiibohd.dir/Scan/Devices/ISSILed/led_scan.c.obj
                0x0000000000003a80                LED_setup
 .text.LED_scan
                0x0000000000003b64      0x1c8 CMakeFiles/kiibohd.dir/Scan/Devices/ISSILed/led_scan.c.obj
                0x0000000000003b64                LED_scan
 .text.LED_currentChange
                0x0000000000003d2c       0x28 CMakeFiles/kiibohd.dir/Scan/Devices/ISSILed/led_scan.c.obj
                0x0000000000003d2c                LED_currentChange
 .text.LED_control
                0x0000000000003d54       0xa8 CMakeFiles/kiibohd.dir/Scan/Devices/ISSILed/led_scan.c.obj
                0x0000000000003d54                LED_control
 .text.LED_control_capability
                0x0000000000003dfc       0x8c CMakeFiles/kiibohd.dir/Scan/Devices/ISSILed/led_scan.c.obj
                0x0000000000003dfc                LED_control_capability
 .text.cliFunc_matrixState
                0x0000000000003e88       0x40 CMakeFiles/kiibohd.dir/Scan/Devices/MatrixARMPeriodic/matrix_scan.c.obj
                0x0000000000003e88                cliFunc_matrixState
 .text.cliFunc_debounce
                0x0000000000003ec8       0x60 CMakeFiles/kiibohd.dir/Scan/Devices/MatrixARMPeriodic/matrix_scan.c.obj
                0x0000000000003ec8                cliFunc_debounce
 .text.cliFunc_matrixInfo
                0x0000000000003f28       0x64 CMakeFiles/kiibohd.dir/Scan/Devices/MatrixARMPeriodic/matrix_scan.c.obj
                0x0000000000003f28                cliFunc_matrixInfo
 .text.cliFunc_matrixDebug
                0x0000000000003f8c       0x90 CMakeFiles/kiibohd.dir/Scan/Devices/MatrixARMPeriodic/matrix_scan.c.obj
                0x0000000000003f8c                cliFunc_matrixDebug
 .text.cliFunc_strobeDelay
                0x000000000000401c       0x60 CMakeFiles/kiibohd.dir/Scan/Devices/MatrixARMPeriodic/matrix_scan.c.obj
                0x000000000000401c                cliFunc_strobeDelay
 .text.Matrix_setup
                0x000000000000407c      0x12c CMakeFiles/kiibohd.dir/Scan/Devices/MatrixARMPeriodic/matrix_scan.c.obj
                0x000000000000407c                Matrix_setup
 .text.Matrix_keyPositionDebug
                0x00000000000041a8       0x74 CMakeFiles/kiibohd.dir/Scan/Devices/MatrixARMPeriodic/matrix_scan.c.obj
                0x00000000000041a8                Matrix_keyPositionDebug
 .text.Matrix_single_scan
                0x000000000000421c      0x4a0 CMakeFiles/kiibohd.dir/Scan/Devices/MatrixARMPeriodic/matrix_scan.c.obj
                0x000000000000421c                Matrix_single_scan
 .text.Matrix_start
                0x00000000000046bc       0x28 CMakeFiles/kiibohd.dir/Scan/Devices/MatrixARMPeriodic/matrix_scan.c.obj
                0x00000000000046bc                Matrix_start
 .text.Matrix_currentChange
                0x00000000000046e4       0x20 CMakeFiles/kiibohd.dir/Scan/Devices/MatrixARMPeriodic/matrix_scan.c.obj
                0x00000000000046e4                Matrix_currentChange
 .text.cliFunc_lcdColor
                0x0000000000004704       0x60 CMakeFiles/kiibohd.dir/Scan/Devices/STLcd/lcd_scan.c.obj
                0x0000000000004704                cliFunc_lcdColor
 .text.SPI_setup
                0x0000000000004764       0x58 CMakeFiles/kiibohd.dir/Scan/Devices/STLcd/lcd_scan.c.obj
                0x0000000000004764                SPI_setup
 .text.SPI_write
                0x00000000000047bc       0x60 CMakeFiles/kiibohd.dir/Scan/Devices/STLcd/lcd_scan.c.obj
                0x00000000000047bc                SPI_write
 .text.LCD_writeControlReg
                0x000000000000481c       0x68 CMakeFiles/kiibohd.dir/Scan/Devices/STLcd/lcd_scan.c.obj
                0x000000000000481c                LCD_writeControlReg
 .text.cliFunc_lcdDisp
                0x0000000000004884       0x90 CMakeFiles/kiibohd.dir/Scan/Devices/STLcd/lcd_scan.c.obj
                0x0000000000004884                cliFunc_lcdDisp
 .text.LCD_writeDataReg
                0x0000000000004914       0x58 CMakeFiles/kiibohd.dir/Scan/Devices/STLcd/lcd_scan.c.obj
                0x0000000000004914                LCD_writeDataReg
 .text.cliFunc_lcdCmd
                0x000000000000496c       0x9c CMakeFiles/kiibohd.dir/Scan/Devices/STLcd/lcd_scan.c.obj
                0x000000000000496c                cliFunc_lcdCmd
 .text.LCD_writeDisplayReg
                0x0000000000004a08       0x48 CMakeFiles/kiibohd.dir/Scan/Devices/STLcd/lcd_scan.c.obj
                0x0000000000004a08                LCD_writeDisplayReg
 .text.cliFunc_lcdTest
                0x0000000000004a50       0x58 CMakeFiles/kiibohd.dir/Scan/Devices/STLcd/lcd_scan.c.obj
                0x0000000000004a50                cliFunc_lcdTest
 .text.LCD_layerStackExact_capability.part.0
                0x0000000000004aa8      0x14c CMakeFiles/kiibohd.dir/Scan/Devices/STLcd/lcd_scan.c.obj
 .text.LCD_clearPage
                0x0000000000004bf4       0x60 CMakeFiles/kiibohd.dir/Scan/Devices/STLcd/lcd_scan.c.obj
                0x0000000000004bf4                LCD_clearPage
 .text.LCD_clear
                0x0000000000004c54       0x44 CMakeFiles/kiibohd.dir/Scan/Devices/STLcd/lcd_scan.c.obj
                0x0000000000004c54                LCD_clear
 .text.LCD_initialize
                0x0000000000004c98       0x60 CMakeFiles/kiibohd.dir/Scan/Devices/STLcd/lcd_scan.c.obj
                0x0000000000004c98                LCD_initialize
 .text.cliFunc_lcdInit
                0x0000000000004cf8       0x24 CMakeFiles/kiibohd.dir/Scan/Devices/STLcd/lcd_scan.c.obj
                0x0000000000004cf8                cliFunc_lcdInit
 .text.LCD_setup
                0x0000000000004d1c      0x12c CMakeFiles/kiibohd.dir/Scan/Devices/STLcd/lcd_scan.c.obj
                0x0000000000004d1c                LCD_setup
 .text.LCD_scan
                0x0000000000004e48       0xa0 CMakeFiles/kiibohd.dir/Scan/Devices/STLcd/lcd_scan.c.obj
                0x0000000000004e48                LCD_scan
 .text.LCD_currentChange
                0x0000000000004ee8       0x34 CMakeFiles/kiibohd.dir/Scan/Devices/STLcd/lcd_scan.c.obj
                0x0000000000004ee8                LCD_currentChange
 .text.LCD_layerStackExact_capability
                0x0000000000004f1c       0x60 CMakeFiles/kiibohd.dir/Scan/Devices/STLcd/lcd_scan.c.obj
                0x0000000000004f1c                LCD_layerStackExact_capability
 .text.LCD_layerStack_capability
                0x0000000000004f7c       0xd8 CMakeFiles/kiibohd.dir/Scan/Devices/STLcd/lcd_scan.c.obj
                0x0000000000004f7c                LCD_layerStack_capability
 .text.Connect_receive_RemoteOutput
                0x0000000000005054       0x28 CMakeFiles/kiibohd.dir/Scan/Devices/UARTConnect/connect_scan.c.obj
                0x0000000000005054                Connect_receive_RemoteOutput
 .text.Connect_receive_Animation
                0x000000000000507c       0x2c CMakeFiles/kiibohd.dir/Scan/Devices/UARTConnect/connect_scan.c.obj
                0x000000000000507c                Connect_receive_Animation
 .text.cliFunc_connectDbg
                0x00000000000050a8       0x40 CMakeFiles/kiibohd.dir/Scan/Devices/UARTConnect/connect_scan.c.obj
                0x00000000000050a8                cliFunc_connectDbg
 .text.Connect_receive_CurrentEvent
                0x00000000000050e8       0x68 CMakeFiles/kiibohd.dir/Scan/Devices/UARTConnect/connect_scan.c.obj
                0x00000000000050e8                Connect_receive_CurrentEvent
 .text.Connect_receive_CableCheck
                0x0000000000005150      0x154 CMakeFiles/kiibohd.dir/Scan/Devices/UARTConnect/connect_scan.c.obj
                0x0000000000005150                Connect_receive_CableCheck
 .text.cliFunc_connectLst
                0x00000000000052a4       0x7c CMakeFiles/kiibohd.dir/Scan/Devices/UARTConnect/connect_scan.c.obj
                0x00000000000052a4                cliFunc_connectLst
 .text.cliFunc_connectSts
                0x0000000000005320      0x160 CMakeFiles/kiibohd.dir/Scan/Devices/UARTConnect/connect_scan.c.obj
                0x0000000000005320                cliFunc_connectSts
 .text.cliFunc_connectMst
                0x0000000000005480       0x84 CMakeFiles/kiibohd.dir/Scan/Devices/UARTConnect/connect_scan.c.obj
                0x0000000000005480                cliFunc_connectMst
 .text.Connect_addBytes.part.1
                0x0000000000005504       0xdc CMakeFiles/kiibohd.dir/Scan/Devices/UARTConnect/connect_scan.c.obj
 .text.Connect_receive_ScanCode
                0x00000000000055e0      0x198 CMakeFiles/kiibohd.dir/Scan/Devices/UARTConnect/connect_scan.c.obj
                0x00000000000055e0                Connect_receive_ScanCode
 .text.Connect_receive_RemoteInput
                0x0000000000005778       0x28 CMakeFiles/kiibohd.dir/Scan/Devices/UARTConnect/connect_scan.c.obj
                0x0000000000005778                Connect_receive_RemoteInput
 .text.Connect_addBytes
                0x00000000000057a0       0x54 CMakeFiles/kiibohd.dir/Scan/Devices/UARTConnect/connect_scan.c.obj
                0x00000000000057a0                Connect_addBytes
 .text.Connect_receive_RemoteCapability
                0x00000000000057f4      0x134 CMakeFiles/kiibohd.dir/Scan/Devices/UARTConnect/connect_scan.c.obj
                0x00000000000057f4                Connect_receive_RemoteCapability
 .text.Connect_send_CableCheck
                0x0000000000005928       0xa0 CMakeFiles/kiibohd.dir/Scan/Devices/UARTConnect/connect_scan.c.obj
                0x0000000000005928                Connect_send_CableCheck
 .text.Connect_send_IdRequest
                0x00000000000059c8       0x58 CMakeFiles/kiibohd.dir/Scan/Devices/UARTConnect/connect_scan.c.obj
                0x00000000000059c8                Connect_send_IdRequest
 .text.Connect_send_IdEnumeration
                0x0000000000005a20       0x58 CMakeFiles/kiibohd.dir/Scan/Devices/UARTConnect/connect_scan.c.obj
                0x0000000000005a20                Connect_send_IdEnumeration
 .text.Connect_receive_IdRequest
                0x0000000000005a78       0x50 CMakeFiles/kiibohd.dir/Scan/Devices/UARTConnect/connect_scan.c.obj
                0x0000000000005a78                Connect_receive_IdRequest
 .text.Connect_send_IdReport
                0x0000000000005ac8       0x58 CMakeFiles/kiibohd.dir/Scan/Devices/UARTConnect/connect_scan.c.obj
                0x0000000000005ac8                Connect_send_IdReport
 .text.Connect_receive_IdEnumeration
                0x0000000000005b20       0x6c CMakeFiles/kiibohd.dir/Scan/Devices/UARTConnect/connect_scan.c.obj
                0x0000000000005b20                Connect_receive_IdEnumeration
 .text.Connect_send_ScanCode
                0x0000000000005b8c       0x74 CMakeFiles/kiibohd.dir/Scan/Devices/UARTConnect/connect_scan.c.obj
                0x0000000000005b8c                Connect_send_ScanCode
 .text.Connect_send_RemoteCapability
                0x0000000000005c00       0xdc CMakeFiles/kiibohd.dir/Scan/Devices/UARTConnect/connect_scan.c.obj
                0x0000000000005c00                Connect_send_RemoteCapability
 .text.Connect_send_Idle
                0x0000000000005cdc       0x7c CMakeFiles/kiibohd.dir/Scan/Devices/UARTConnect/connect_scan.c.obj
                0x0000000000005cdc                Connect_send_Idle
 .text.cliFunc_connectIdl
                0x0000000000005d58       0x4c CMakeFiles/kiibohd.dir/Scan/Devices/UARTConnect/connect_scan.c.obj
                0x0000000000005d58                cliFunc_connectIdl
 .text.Connect_send_CurrentEvent
                0x0000000000005da4       0x60 CMakeFiles/kiibohd.dir/Scan/Devices/UARTConnect/connect_scan.c.obj
                0x0000000000005da4                Connect_send_CurrentEvent
 .text.cliFunc_connectCmd
                0x0000000000005e04       0x94 CMakeFiles/kiibohd.dir/Scan/Devices/UARTConnect/connect_scan.c.obj
                0x0000000000005e04                cliFunc_connectCmd
 .text.Connect_reset
                0x0000000000005e98       0x60 CMakeFiles/kiibohd.dir/Scan/Devices/UARTConnect/connect_scan.c.obj
                0x0000000000005e98                Connect_reset
 .text.cliFunc_connectRst
                0x0000000000005ef8       0x40 CMakeFiles/kiibohd.dir/Scan/Devices/UARTConnect/connect_scan.c.obj
                0x0000000000005ef8                cliFunc_connectRst
 .text.Connect_setup
                0x0000000000005f38      0x200 CMakeFiles/kiibohd.dir/Scan/Devices/UARTConnect/connect_scan.c.obj
                0x0000000000005f38                Connect_setup
 .text.Connect_rx_process
                0x0000000000006138      0x1e0 CMakeFiles/kiibohd.dir/Scan/Devices/UARTConnect/connect_scan.c.obj
                0x0000000000006138                Connect_rx_process
 .text.Connect_scan
                0x0000000000006318      0x20c CMakeFiles/kiibohd.dir/Scan/Devices/UARTConnect/connect_scan.c.obj
                0x0000000000006318                Connect_scan
 .text.Connect_currentChange
                0x0000000000006524       0x38 CMakeFiles/kiibohd.dir/Scan/Devices/UARTConnect/connect_scan.c.obj
                0x0000000000006524                Connect_currentChange
 .text.Connect_receive_IdReport
                0x000000000000655c       0x80 CMakeFiles/kiibohd.dir/Scan/Devices/UARTConnect/connect_scan.c.obj
                0x000000000000655c                Connect_receive_IdReport
 .text.Scan_setup
                0x00000000000065dc       0x40 CMakeFiles/kiibohd.dir/Scan/Infinity_Ergodox/scan_loop.c.obj
                0x00000000000065dc                Scan_setup
 .text.Scan_poll
                0x000000000000661c       0x2c CMakeFiles/kiibohd.dir/Scan/Infinity_Ergodox/scan_loop.c.obj
                0x000000000000661c                Scan_poll
 .text.Scan_periodic
                0x0000000000006648       0x28 CMakeFiles/kiibohd.dir/Scan/Infinity_Ergodox/scan_loop.c.obj
                0x0000000000006648                Scan_periodic
 .text.Scan_finishedWithMacro
                0x0000000000006670       0x20 CMakeFiles/kiibohd.dir/Scan/Infinity_Ergodox/scan_loop.c.obj
                0x0000000000006670                Scan_finishedWithMacro
 .text.Scan_finishedWithOutput
                0x0000000000006690       0x20 CMakeFiles/kiibohd.dir/Scan/Infinity_Ergodox/scan_loop.c.obj
                0x0000000000006690                Scan_finishedWithOutput
 .text.Scan_currentChange
                0x00000000000066b0       0x38 CMakeFiles/kiibohd.dir/Scan/Infinity_Ergodox/scan_loop.c.obj
                0x00000000000066b0                Scan_currentChange
 .text.KLL_TriggerIndex_loopkup
                0x00000000000066e8       0x58 CMakeFiles/kiibohd.dir/Macro/PartialMap/kll.c.obj
                0x00000000000066e8                KLL_TriggerIndex_loopkup
 .text.KLL_CapabilityState
                0x0000000000006740       0x80 CMakeFiles/kiibohd.dir/Macro/PartialMap/kll.c.obj
                0x0000000000006740                KLL_CapabilityState
 .text.Layer_layerStateSet.part.0
                0x00000000000067c0      0x160 CMakeFiles/kiibohd.dir/Macro/PartialMap/layer.c.obj
 .text.Layer_layerState_capability
                0x0000000000006920       0x7c CMakeFiles/kiibohd.dir/Macro/PartialMap/layer.c.obj
                0x0000000000006920                Layer_layerState_capability
 .text.Layer_layerLatch_capability
                0x000000000000699c       0x78 CMakeFiles/kiibohd.dir/Macro/PartialMap/layer.c.obj
                0x000000000000699c                Layer_layerLatch_capability
 .text.Layer_layerLock_capability
                0x0000000000006a14       0x78 CMakeFiles/kiibohd.dir/Macro/PartialMap/layer.c.obj
                0x0000000000006a14                Layer_layerLock_capability
 .text.Layer_layerShift_capability
                0x0000000000006a8c       0xb4 CMakeFiles/kiibohd.dir/Macro/PartialMap/layer.c.obj
                0x0000000000006a8c                Layer_layerShift_capability
 .text.Layer_layerRotate_capability
                0x0000000000006b40       0xb0 CMakeFiles/kiibohd.dir/Macro/PartialMap/layer.c.obj
                0x0000000000006b40                Layer_layerRotate_capability
 .text.Layer_clearLayers
                0x0000000000006bf0       0x34 CMakeFiles/kiibohd.dir/Macro/PartialMap/layer.c.obj
                0x0000000000006bf0                Layer_clearLayers
 .text.Layer_setup
                0x0000000000006c24       0x34 CMakeFiles/kiibohd.dir/Macro/PartialMap/layer.c.obj
                0x0000000000006c24                Layer_setup
 .text.Layer_layerLookup
                0x0000000000006c58      0x150 CMakeFiles/kiibohd.dir/Macro/PartialMap/layer.c.obj
                0x0000000000006c58                Layer_layerLookup
 .text.Macro_none_capability
                0x0000000000006da8       0x3c CMakeFiles/kiibohd.dir/Macro/PartialMap/macro.c.obj
                0x0000000000006da8                Macro_none_capability
 .text.cliFunc_posList
                0x0000000000006de4       0x28 CMakeFiles/kiibohd.dir/Macro/PartialMap/macro.c.obj
                0x0000000000006de4                cliFunc_posList
 .text.cliFunc_capDebug
                0x0000000000006e0c       0x48 CMakeFiles/kiibohd.dir/Macro/PartialMap/macro.c.obj
                0x0000000000006e0c                cliFunc_capDebug
 .text.cliFunc_layerDebug
                0x0000000000006e54       0x48 CMakeFiles/kiibohd.dir/Macro/PartialMap/macro.c.obj
                0x0000000000006e54                cliFunc_layerDebug
 .text.cliFunc_macroProc
                0x0000000000006e9c       0x48 CMakeFiles/kiibohd.dir/Macro/PartialMap/macro.c.obj
                0x0000000000006e9c                cliFunc_macroProc
 .text.cliFunc_capList
                0x0000000000006ee4       0x80 CMakeFiles/kiibohd.dir/Macro/PartialMap/macro.c.obj
                0x0000000000006ee4                cliFunc_capList
 .text.cliFunc_macroList
                0x0000000000006f64      0x1a0 CMakeFiles/kiibohd.dir/Macro/PartialMap/macro.c.obj
                0x0000000000006f64                cliFunc_macroList
 .text.cliFunc_macroDebug
                0x0000000000007104       0x88 CMakeFiles/kiibohd.dir/Macro/PartialMap/macro.c.obj
                0x0000000000007104                cliFunc_macroDebug
 .text.cliFunc_capSelect
                0x000000000000718c      0x124 CMakeFiles/kiibohd.dir/Macro/PartialMap/macro.c.obj
                0x000000000000718c                cliFunc_capSelect
 .text.cliFunc_layerState
                0x00000000000072b0       0x80 CMakeFiles/kiibohd.dir/Macro/PartialMap/macro.c.obj
                0x00000000000072b0                cliFunc_layerState
 .text.cliFunc_macroStep
                0x0000000000007330       0x3c CMakeFiles/kiibohd.dir/Macro/PartialMap/macro.c.obj
                0x0000000000007330                cliFunc_macroStep
 .text.cliFunc_layerList
                0x000000000000736c       0xb8 CMakeFiles/kiibohd.dir/Macro/PartialMap/macro.c.obj
                0x000000000000736c                cliFunc_layerList
 .text.cliFunc_voteDebug
                0x0000000000007424       0x5c CMakeFiles/kiibohd.dir/Macro/PartialMap/macro.c.obj
                0x0000000000007424                cliFunc_voteDebug
 .text.Macro_showScheduleType
                0x0000000000007480       0xc4 CMakeFiles/kiibohd.dir/Macro/PartialMap/macro.c.obj
                0x0000000000007480                Macro_showScheduleType
 .text.Macro_showTriggerType
                0x0000000000007544      0x108 CMakeFiles/kiibohd.dir/Macro/PartialMap/macro.c.obj
                0x0000000000007544                Macro_showTriggerType
 .text.Macro_testThreadSafe_capability
                0x000000000000764c       0x7c CMakeFiles/kiibohd.dir/Macro/PartialMap/macro.c.obj
                0x000000000000764c                Macro_testThreadSafe_capability
 .text.Macro_testThreadUnsafe_capability
                0x00000000000076c8       0x7c CMakeFiles/kiibohd.dir/Macro/PartialMap/macro.c.obj
                0x00000000000076c8                Macro_testThreadUnsafe_capability
 .text.Macro_showTriggerEvent
                0x0000000000007744       0x74 CMakeFiles/kiibohd.dir/Macro/PartialMap/macro.c.obj
                0x0000000000007744                Macro_showTriggerEvent
 .text.Macro_pressReleaseAdd
                0x00000000000077b8       0xf8 CMakeFiles/kiibohd.dir/Macro/PartialMap/macro.c.obj
                0x00000000000077b8                Macro_pressReleaseAdd
 .text.Macro_keyState
                0x00000000000078b0       0x80 CMakeFiles/kiibohd.dir/Macro/PartialMap/macro.c.obj
                0x00000000000078b0                Macro_keyState
 .text.cliFunc_keyHold
                0x0000000000007930       0x48 CMakeFiles/kiibohd.dir/Macro/PartialMap/macro.c.obj
                0x0000000000007930                cliFunc_keyHold
 .text.cliFunc_keyPress
                0x0000000000007978       0x48 CMakeFiles/kiibohd.dir/Macro/PartialMap/macro.c.obj
                0x0000000000007978                cliFunc_keyPress
 .text.cliFunc_keyRelease
                0x00000000000079c0       0x48 CMakeFiles/kiibohd.dir/Macro/PartialMap/macro.c.obj
                0x00000000000079c0                cliFunc_keyRelease
 .text.Macro_ledState
                0x0000000000007a08       0x44 CMakeFiles/kiibohd.dir/Macro/PartialMap/macro.c.obj
                0x0000000000007a08                Macro_ledState
 .text.Macro_animationState
                0x0000000000007a4c       0x74 CMakeFiles/kiibohd.dir/Macro/PartialMap/macro.c.obj
                0x0000000000007a4c                Macro_animationState
 .text.Macro_layerState
                0x0000000000007ac0       0x78 CMakeFiles/kiibohd.dir/Macro/PartialMap/macro.c.obj
                0x0000000000007ac0                Macro_layerState
 .text.Macro_timeState
                0x0000000000007b38       0x90 CMakeFiles/kiibohd.dir/Macro/PartialMap/macro.c.obj
                0x0000000000007b38                Macro_timeState
 .text.Macro_rotationState
                0x0000000000007bc8       0x68 CMakeFiles/kiibohd.dir/Macro/PartialMap/macro.c.obj
                0x0000000000007bc8                Macro_rotationState
 .text.Macro_rotate_capability
                0x0000000000007c30       0x58 CMakeFiles/kiibohd.dir/Macro/PartialMap/macro.c.obj
                0x0000000000007c30                Macro_rotate_capability
 .text.Macro_tick_update
                0x0000000000007c88       0x68 CMakeFiles/kiibohd.dir/Macro/PartialMap/macro.c.obj
                0x0000000000007c88                Macro_tick_update
 .text.Macro_poll
                0x0000000000007cf0       0x24 CMakeFiles/kiibohd.dir/Macro/PartialMap/macro.c.obj
                0x0000000000007cf0                Macro_poll
 .text.Macro_periodic
                0x0000000000007d14      0x1b8 CMakeFiles/kiibohd.dir/Macro/PartialMap/macro.c.obj
                0x0000000000007d14                Macro_periodic
 .text.Macro_setup
                0x0000000000007ecc       0x8c CMakeFiles/kiibohd.dir/Macro/PartialMap/macro.c.obj
                0x0000000000007ecc                Macro_setup
 .text.macroDebugShowTrigger
                0x0000000000007f58      0x170 CMakeFiles/kiibohd.dir/Macro/PartialMap/macro.c.obj
                0x0000000000007f58                macroDebugShowTrigger
 .text.macroDebugShowResult
                0x00000000000080c8      0x138 CMakeFiles/kiibohd.dir/Macro/PartialMap/macro.c.obj
                0x00000000000080c8                macroDebugShowResult
 .text.cliFunc_macroShow
                0x0000000000008200       0x58 CMakeFiles/kiibohd.dir/Macro/PartialMap/macro.c.obj
                0x0000000000008200                cliFunc_macroShow
 .text.Result_evalResultMacroCombo
                0x0000000000008258      0x158 CMakeFiles/kiibohd.dir/Macro/PartialMap/result.c.obj
                0x0000000000008258                Result_evalResultMacroCombo
 .text.Result_appendResultMacroToPendingList
                0x00000000000083b0      0x150 CMakeFiles/kiibohd.dir/Macro/PartialMap/result.c.obj
                0x00000000000083b0                Result_appendResultMacroToPendingList
 .text.Result_evalResultMacro
                0x0000000000008500       0x90 CMakeFiles/kiibohd.dir/Macro/PartialMap/result.c.obj
                0x0000000000008500                Result_evalResultMacro
 .text.Result_setup
                0x0000000000008590       0x3c CMakeFiles/kiibohd.dir/Macro/PartialMap/result.c.obj
                0x0000000000008590                Result_setup
 .text.Result_process_delayed
                0x00000000000085cc       0xac CMakeFiles/kiibohd.dir/Macro/PartialMap/result.c.obj
                0x00000000000085cc                Result_process_delayed
 .text.Result_process
                0x0000000000008678       0x68 CMakeFiles/kiibohd.dir/Macro/PartialMap/result.c.obj
                0x0000000000008678                Result_process
 .text.Trigger_showTriggerMacroVote
                0x00000000000086e0       0xac CMakeFiles/kiibohd.dir/Macro/PartialMap/trigger.c.obj
                0x00000000000086e0                Trigger_showTriggerMacroVote
 .text.Trigger_isLongResultMacro
                0x000000000000878c       0x44 CMakeFiles/kiibohd.dir/Macro/PartialMap/trigger.c.obj
                0x000000000000878c                Trigger_isLongResultMacro
 .text.Trigger_isLongTriggerMacro
                0x00000000000087d0       0x2c CMakeFiles/kiibohd.dir/Macro/PartialMap/trigger.c.obj
                0x00000000000087d0                Trigger_isLongTriggerMacro
 .text.Trigger_evalShortTriggerMacroVote_PHRO
                0x00000000000087fc       0x38 CMakeFiles/kiibohd.dir/Macro/PartialMap/trigger.c.obj
                0x00000000000087fc                Trigger_evalShortTriggerMacroVote_PHRO
 .text.Trigger_evalShortTriggerMacroVote_DRO
                0x0000000000008834       0x28 CMakeFiles/kiibohd.dir/Macro/PartialMap/trigger.c.obj
                0x0000000000008834                Trigger_evalShortTriggerMacroVote_DRO
 .text.Trigger_evalShortTriggerMacroVote
                0x000000000000885c       0xf8 CMakeFiles/kiibohd.dir/Macro/PartialMap/trigger.c.obj
                0x000000000000885c                Trigger_evalShortTriggerMacroVote
 .text.Trigger_evalLongTriggerMacroVote
                0x0000000000008954       0xd4 CMakeFiles/kiibohd.dir/Macro/PartialMap/trigger.c.obj
                0x0000000000008954                Trigger_evalLongTriggerMacroVote
 .text.Trigger_overallVote
                0x0000000000008a28       0xc0 CMakeFiles/kiibohd.dir/Macro/PartialMap/trigger.c.obj
                0x0000000000008a28                Trigger_overallVote
 .text.Trigger_evalTriggerMacro
                0x0000000000008ae8      0x1f8 CMakeFiles/kiibohd.dir/Macro/PartialMap/trigger.c.obj
                0x0000000000008ae8                Trigger_evalTriggerMacro
 .text.Trigger_updateTriggerMacroPendingList
                0x0000000000008ce0       0xd4 CMakeFiles/kiibohd.dir/Macro/PartialMap/trigger.c.obj
                0x0000000000008ce0                Trigger_updateTriggerMacroPendingList
 .text.Trigger_setup
                0x0000000000008db4       0x38 CMakeFiles/kiibohd.dir/Macro/PartialMap/trigger.c.obj
                0x0000000000008db4                Trigger_setup
 .text.Trigger_process
                0x0000000000008dec      0x110 CMakeFiles/kiibohd.dir/Macro/PartialMap/trigger.c.obj
                0x0000000000008dec                Trigger_process
 .text.cliFunc_aniAdd
                0x0000000000008efc       0x28 CMakeFiles/kiibohd.dir/Macro/PixelMap/pixel.c.obj
                0x0000000000008efc                cliFunc_aniAdd
 .text.cliFunc_aniDel
                0x0000000000008f24       0x34 CMakeFiles/kiibohd.dir/Macro/PixelMap/pixel.c.obj
                0x0000000000008f24                cliFunc_aniDel
 .text.cliFunc_aniStack
                0x0000000000008f58       0xe4 CMakeFiles/kiibohd.dir/Macro/PixelMap/pixel.c.obj
                0x0000000000008f58                cliFunc_aniStack
 .text.cliFunc_pixelList
                0x000000000000903c      0x15c CMakeFiles/kiibohd.dir/Macro/PixelMap/pixel.c.obj
                0x000000000000903c                cliFunc_pixelList
 .text.cliFunc_pixelTest
                0x0000000000009198      0x10c CMakeFiles/kiibohd.dir/Macro/PixelMap/pixel.c.obj
                0x0000000000009198                cliFunc_pixelTest
 .text.cliFunc_chanTest
                0x00000000000092a4      0x104 CMakeFiles/kiibohd.dir/Macro/PixelMap/pixel.c.obj
                0x00000000000092a4                cliFunc_chanTest
 .text.cliFunc_pixelSCTest
                0x00000000000093a8       0xf0 CMakeFiles/kiibohd.dir/Macro/PixelMap/pixel.c.obj
                0x00000000000093a8                cliFunc_pixelSCTest
 .text.Pixel_Pixel_capability
                0x0000000000009498       0x3c CMakeFiles/kiibohd.dir/Macro/PixelMap/pixel.c.obj
                0x0000000000009498                Pixel_Pixel_capability
 .text.Pixel_AnimationControl_capability
                0x00000000000094d4       0x90 CMakeFiles/kiibohd.dir/Macro/PixelMap/pixel.c.obj
                0x00000000000094d4                Pixel_AnimationControl_capability
 .text.Pixel_FadeSet_capability
                0x0000000000009564       0x7c CMakeFiles/kiibohd.dir/Macro/PixelMap/pixel.c.obj
                0x0000000000009564                Pixel_FadeSet_capability
 .text.Pixel_FadeLayerHighlight_capability
                0x00000000000095e0       0x28 CMakeFiles/kiibohd.dir/Macro/PixelMap/pixel.c.obj
                0x00000000000095e0                Pixel_FadeLayerHighlight_capability
 .text.Pixel_showPixelElement
                0x0000000000009608       0x74 CMakeFiles/kiibohd.dir/Macro/PixelMap/pixel.c.obj
                0x0000000000009608                Pixel_showPixelElement
 .text.Pixel_clearAnimations
                0x000000000000967c       0x3c CMakeFiles/kiibohd.dir/Macro/PixelMap/pixel.c.obj
                0x000000000000967c                Pixel_clearAnimations
 .text.Pixel_lookupAnimation
                0x00000000000096b8       0x40 CMakeFiles/kiibohd.dir/Macro/PixelMap/pixel.c.obj
                0x00000000000096b8                Pixel_lookupAnimation
 .text.Pixel_addAnimation
                0x00000000000096f8       0xe0 CMakeFiles/kiibohd.dir/Macro/PixelMap/pixel.c.obj
                0x00000000000096f8                Pixel_addAnimation
 .text.Pixel_AnimationIndex_capability
                0x00000000000097d8       0x7c CMakeFiles/kiibohd.dir/Macro/PixelMap/pixel.c.obj
                0x00000000000097d8                Pixel_AnimationIndex_capability
 .text.Pixel_Animation_capability
                0x0000000000009854       0x78 CMakeFiles/kiibohd.dir/Macro/PixelMap/pixel.c.obj
                0x0000000000009854                Pixel_Animation_capability
 .text.Pixel_addDefaultAnimation
                0x00000000000098cc       0x58 CMakeFiles/kiibohd.dir/Macro/PixelMap/pixel.c.obj
                0x00000000000098cc                Pixel_addDefaultAnimation
 .text.Pixel_bufferMap
                0x0000000000009924       0x74 CMakeFiles/kiibohd.dir/Macro/PixelMap/pixel.c.obj
                0x0000000000009924                Pixel_bufferMap
 .text.LED_bufferMap
                0x0000000000009998       0x74 CMakeFiles/kiibohd.dir/Macro/PixelMap/pixel.c.obj
                0x0000000000009998                LED_bufferMap
 .text.Pixel_pixelEvaluation
                0x0000000000009a0c      0x340 CMakeFiles/kiibohd.dir/Macro/PixelMap/pixel.c.obj
                0x0000000000009a0c                Pixel_pixelEvaluation
 .text.Pixel_pixelTweenNextPos
                0x0000000000009d4c       0x44 CMakeFiles/kiibohd.dir/Macro/PixelMap/pixel.c.obj
                0x0000000000009d4c                Pixel_pixelTweenNextPos
 .text.Pixel_channelSet
                0x0000000000009d90       0x84 CMakeFiles/kiibohd.dir/Macro/PixelMap/pixel.c.obj
                0x0000000000009d90                Pixel_channelSet
 .text.Pixel_channelToggle
                0x0000000000009e14       0x90 CMakeFiles/kiibohd.dir/Macro/PixelMap/pixel.c.obj
                0x0000000000009e14                Pixel_channelToggle
 .text.Pixel_pixelSet
                0x0000000000009ea4       0x3c CMakeFiles/kiibohd.dir/Macro/PixelMap/pixel.c.obj
                0x0000000000009ea4                Pixel_pixelSet
 .text.Pixel_clearPixels
                0x0000000000009ee0       0x34 CMakeFiles/kiibohd.dir/Macro/PixelMap/pixel.c.obj
                0x0000000000009ee0                Pixel_clearPixels
 .text.Pixel_pixelToggle
                0x0000000000009f14       0x38 CMakeFiles/kiibohd.dir/Macro/PixelMap/pixel.c.obj
                0x0000000000009f14                Pixel_pixelToggle
 .text.cliFunc_pixelXYTest
                0x0000000000009f4c      0x23c CMakeFiles/kiibohd.dir/Macro/PixelMap/pixel.c.obj
                0x0000000000009f4c                cliFunc_pixelXYTest
 .text.Pixel_SecondaryProcessing_profile_init
                0x000000000000a188       0x54 CMakeFiles/kiibohd.dir/Macro/PixelMap/pixel.c.obj
                0x000000000000a188                Pixel_SecondaryProcessing_profile_init
 .text.Pixel_SecondaryProcessing_setup
                0x000000000000a1dc       0x90 CMakeFiles/kiibohd.dir/Macro/PixelMap/pixel.c.obj
                0x000000000000a1dc                Pixel_SecondaryProcessing_setup
 .text.Pixel_SecondaryProcessing
                0x000000000000a26c      0x1fc CMakeFiles/kiibohd.dir/Macro/PixelMap/pixel.c.obj
                0x000000000000a26c                Pixel_SecondaryProcessing
 .text.Pixel_determineLastTriggerScanCode
                0x000000000000a468       0x3c CMakeFiles/kiibohd.dir/Macro/PixelMap/pixel.c.obj
                0x000000000000a468                Pixel_determineLastTriggerScanCode
 .text.Pixel_fillPixelLookup
                0x000000000000a4a4      0x274 CMakeFiles/kiibohd.dir/Macro/PixelMap/pixel.c.obj
                0x000000000000a4a4                Pixel_fillPixelLookup
 .text.Pixel_pixelTweenStandard
                0x000000000000a718       0x70 CMakeFiles/kiibohd.dir/Macro/PixelMap/pixel.c.obj
                0x000000000000a718                Pixel_pixelTweenStandard
 .text.Pixel_pixelTweenInterpolation
                0x000000000000a788      0x240 CMakeFiles/kiibohd.dir/Macro/PixelMap/pixel.c.obj
                0x000000000000a788                Pixel_pixelTweenInterpolation
 .text.Pixel_frameTweenStandard
                0x000000000000a9c8       0x58 CMakeFiles/kiibohd.dir/Macro/PixelMap/pixel.c.obj
                0x000000000000a9c8                Pixel_frameTweenStandard
 .text.Pixel_animationProcess
                0x000000000000aa20       0xa8 CMakeFiles/kiibohd.dir/Macro/PixelMap/pixel.c.obj
                0x000000000000aa20                Pixel_animationProcess
 .text.Pixel_stackProcess
                0x000000000000aac8       0x6c CMakeFiles/kiibohd.dir/Macro/PixelMap/pixel.c.obj
                0x000000000000aac8                Pixel_stackProcess
 .text.Pixel_setAnimationControl
                0x000000000000ab34       0x28 CMakeFiles/kiibohd.dir/Macro/PixelMap/pixel.c.obj
                0x000000000000ab34                Pixel_setAnimationControl
 .text.Pixel_initializeStartAnimations
                0x000000000000ab5c       0x60 CMakeFiles/kiibohd.dir/Macro/PixelMap/pixel.c.obj
                0x000000000000ab5c                Pixel_initializeStartAnimations
 .text.Pixel_process
                0x000000000000abbc      0x2d4 CMakeFiles/kiibohd.dir/Macro/PixelMap/pixel.c.obj
                0x000000000000abbc                Pixel_process
 .text.Pixel_setup
                0x000000000000ae90       0x68 CMakeFiles/kiibohd.dir/Macro/PixelMap/pixel.c.obj
                0x000000000000ae90                Pixel_setup
 .text.Pixel_dispBuffer
                0x000000000000aef8       0xd4 CMakeFiles/kiibohd.dir/Macro/PixelMap/pixel.c.obj
                0x000000000000aef8                Pixel_dispBuffer
 .text.cliFunc_rectDisp
                0x000000000000afcc       0x2c CMakeFiles/kiibohd.dir/Macro/PixelMap/pixel.c.obj
                0x000000000000afcc                cliFunc_rectDisp
 .text.HIDIO_supported_0_call
                0x000000000000aff8       0x24 CMakeFiles/kiibohd.dir/Output/HID-IO/hidio_com.c.obj
                0x000000000000aff8                HIDIO_supported_0_call
 .text.HIDIO_supported_0_reply
                0x000000000000b01c       0x24 CMakeFiles/kiibohd.dir/Output/HID-IO/hidio_com.c.obj
                0x000000000000b01c                HIDIO_supported_0_reply
 .text.HIDIO_test_2_reply
                0x000000000000b040       0x4c CMakeFiles/kiibohd.dir/Output/HID-IO/hidio_com.c.obj
                0x000000000000b040                HIDIO_test_2_reply
 .text.HIDIO_info_1_reply
                0x000000000000b08c       0x24 CMakeFiles/kiibohd.dir/Output/HID-IO/hidio_com.c.obj
                0x000000000000b08c                HIDIO_info_1_reply
 .text.HIDIO_info_1_call
                0x000000000000b0b0       0x24 CMakeFiles/kiibohd.dir/Output/HID-IO/hidio_com.c.obj
                0x000000000000b0b0                HIDIO_info_1_call
 .text.HIDIO_buffer_munch
                0x000000000000b0d4       0x58 CMakeFiles/kiibohd.dir/Output/HID-IO/hidio_com.c.obj
                0x000000000000b0d4                HIDIO_buffer_munch
 .text.HIDIO_buffer_push_byte
                0x000000000000b12c       0x34 CMakeFiles/kiibohd.dir/Output/HID-IO/hidio_com.c.obj
                0x000000000000b12c                HIDIO_buffer_push_byte
 .text.HIDIO_modify_buffer
                0x000000000000b160       0x44 CMakeFiles/kiibohd.dir/Output/HID-IO/hidio_com.c.obj
                0x000000000000b160                HIDIO_modify_buffer
 .text.HIDIO_buffer_pop_bytes
                0x000000000000b1a4       0x64 CMakeFiles/kiibohd.dir/Output/HID-IO/hidio_com.c.obj
                0x000000000000b1a4                HIDIO_buffer_pop_bytes
 .text.HIDIO_buffer_free_bytes
                0x000000000000b208       0x30 CMakeFiles/kiibohd.dir/Output/HID-IO/hidio_com.c.obj
                0x000000000000b208                HIDIO_buffer_free_bytes
 .text.HIDIO_buffer_position
                0x000000000000b238       0x30 CMakeFiles/kiibohd.dir/Output/HID-IO/hidio_com.c.obj
                0x000000000000b238                HIDIO_buffer_position
 .text.HIDIO_buffer_id
                0x000000000000b268       0x2c CMakeFiles/kiibohd.dir/Output/HID-IO/hidio_com.c.obj
                0x000000000000b268                HIDIO_buffer_id
 .text.HIDIO_payload_start
                0x000000000000b294       0x28 CMakeFiles/kiibohd.dir/Output/HID-IO/hidio_com.c.obj
                0x000000000000b294                HIDIO_payload_start
 .text.HIDIO_buffer_generate_packet
                0x000000000000b2bc      0x1f4 CMakeFiles/kiibohd.dir/Output/HID-IO/hidio_com.c.obj
                0x000000000000b2bc                HIDIO_buffer_generate_packet
 .text.HIDIO_test_2_call
                0x000000000000b4b0       0xc4 CMakeFiles/kiibohd.dir/Output/HID-IO/hidio_com.c.obj
                0x000000000000b4b0                HIDIO_test_2_call
 .text.HIDIO_nopayload_ack
                0x000000000000b574       0x38 CMakeFiles/kiibohd.dir/Output/HID-IO/hidio_com.c.obj
                0x000000000000b574                HIDIO_nopayload_ack
 .text.HIDIO_register_id
                0x000000000000b5ac       0x68 CMakeFiles/kiibohd.dir/Output/HID-IO/hidio_com.c.obj
                0x000000000000b5ac                HIDIO_register_id
 .text.HIDIO_call_id
                0x000000000000b614       0xac CMakeFiles/kiibohd.dir/Output/HID-IO/hidio_com.c.obj
                0x000000000000b614                HIDIO_call_id
 .text.HIDIO_reply_id
                0x000000000000b6c0       0xa8 CMakeFiles/kiibohd.dir/Output/HID-IO/hidio_com.c.obj
                0x000000000000b6c0                HIDIO_reply_id
 .text.HIDIO_setup
                0x000000000000b768       0xf0 CMakeFiles/kiibohd.dir/Output/HID-IO/hidio_com.c.obj
                0x000000000000b768                HIDIO_setup
 .text.HIDIO_process_incoming_packet
                0x000000000000b858      0x244 CMakeFiles/kiibohd.dir/Output/HID-IO/hidio_com.c.obj
                0x000000000000b858                HIDIO_process_incoming_packet
 .text.HIDIO_process
                0x000000000000ba9c       0xbc CMakeFiles/kiibohd.dir/Output/HID-IO/hidio_com.c.obj
                0x000000000000ba9c                HIDIO_process
 .text.cliFunc_outputDebug
                0x000000000000bb58       0x44 CMakeFiles/kiibohd.dir/Output/Interface/output_gen.c.obj
                0x000000000000bb58                cliFunc_outputDebug
 .text.Output_flashMode_capability
                0x000000000000bb9c       0x44 CMakeFiles/kiibohd.dir/Output/Interface/output_gen.c.obj
                0x000000000000bb9c                Output_flashMode_capability
 .text.OutputGen_setup
                0x000000000000bbe0       0x50 CMakeFiles/kiibohd.dir/Output/Interface/output_gen.c.obj
                0x000000000000bbe0                OutputGen_setup
 .text.Output_current_available
                0x000000000000bc30       0x34 CMakeFiles/kiibohd.dir/Output/Interface/output_gen.c.obj
                0x000000000000bc30                Output_current_available
 .text.Output_update_usb_current
                0x000000000000bc64       0x40 CMakeFiles/kiibohd.dir/Output/Interface/output_gen.c.obj
                0x000000000000bc64                Output_update_usb_current
 .text.Output_update_external_current
                0x000000000000bca4       0x60 CMakeFiles/kiibohd.dir/Output/Interface/output_gen.c.obj
                0x000000000000bca4                Output_update_external_current
 .text.cliFunc_current
                0x000000000000bd04       0x5c CMakeFiles/kiibohd.dir/Output/Interface/output_gen.c.obj
                0x000000000000bd04                cliFunc_current
 .text.Output_setup
                0x000000000000bd60       0x28 CMakeFiles/kiibohd.dir/Output/USB/output_com.c.obj
                0x000000000000bd60                Output_setup
 .text.Output_poll
                0x000000000000bd88       0x24 CMakeFiles/kiibohd.dir/Output/USB/output_com.c.obj
                0x000000000000bd88                Output_poll
 .text.Output_periodic
                0x000000000000bdac       0x24 CMakeFiles/kiibohd.dir/Output/USB/output_com.c.obj
                0x000000000000bdac                Output_periodic
 .text.Output_firmwareReload
                0x000000000000bdd0       0x24 CMakeFiles/kiibohd.dir/Output/USB/output_com.c.obj
                0x000000000000bdd0                Output_firmwareReload
 .text.Output_softReset
                0x000000000000bdf4       0x24 CMakeFiles/kiibohd.dir/Output/USB/output_com.c.obj
                0x000000000000bdf4                Output_softReset
 .text.Output_availablechar
                0x000000000000be18       0x24 CMakeFiles/kiibohd.dir/Output/USB/output_com.c.obj
                0x000000000000be18                Output_availablechar
 .text.Output_getchar
                0x000000000000be3c       0x24 CMakeFiles/kiibohd.dir/Output/USB/output_com.c.obj
                0x000000000000be3c                Output_getchar
 .text.Output_putstr
                0x000000000000be60       0x24 CMakeFiles/kiibohd.dir/Output/USB/output_com.c.obj
                0x000000000000be60                Output_putstr
 .text.Output_rawio_availablechar
                0x000000000000be84       0x24 CMakeFiles/kiibohd.dir/Output/USB/output_com.c.obj
                0x000000000000be84                Output_rawio_availablechar
 .text.Output_rawio_getbuffer
                0x000000000000bea8       0x24 CMakeFiles/kiibohd.dir/Output/USB/output_com.c.obj
                0x000000000000bea8                Output_rawio_getbuffer
 .text.Output_rawio_sendbuffer
                0x000000000000becc       0x24 CMakeFiles/kiibohd.dir/Output/USB/output_com.c.obj
                0x000000000000becc                Output_rawio_sendbuffer
 .text.cliFunc_readLEDs
                0x000000000000bef0       0x40 CMakeFiles/kiibohd.dir/Output/USB/output_usb.c.obj
                0x000000000000bef0                cliFunc_readLEDs
 .text.cliFunc_usbAddr
                0x000000000000bf30       0x40 CMakeFiles/kiibohd.dir/Output/USB/output_usb.c.obj
                0x000000000000bf30                cliFunc_usbAddr
 .text.cliFunc_idle
                0x000000000000bf70       0x6c CMakeFiles/kiibohd.dir/Output/USB/output_usb.c.obj
                0x000000000000bf70                cliFunc_idle
 .text.cliFunc_usbConf
                0x000000000000bfdc       0x3c CMakeFiles/kiibohd.dir/Output/USB/output_usb.c.obj
                0x000000000000bfdc                cliFunc_usbConf
 .text.cliFunc_usbInitTime
                0x000000000000c018       0x68 CMakeFiles/kiibohd.dir/Output/USB/output_usb.c.obj
                0x000000000000c018                cliFunc_usbInitTime
 .text.cliFunc_kbdProtocol
                0x000000000000c080       0x74 CMakeFiles/kiibohd.dir/Output/USB/output_usb.c.obj
                0x000000000000c080                cliFunc_kbdProtocol
 .text.Output_consCtrlSend_capability
                0x000000000000c0f4       0x94 CMakeFiles/kiibohd.dir/Output/USB/output_usb.c.obj
                0x000000000000c0f4                Output_consCtrlSend_capability
 .text.Output_noneSend_capability
                0x000000000000c188       0x3c CMakeFiles/kiibohd.dir/Output/USB/output_usb.c.obj
                0x000000000000c188                Output_noneSend_capability
 .text.Output_sysCtrlSend_capability
                0x000000000000c1c4       0x94 CMakeFiles/kiibohd.dir/Output/USB/output_usb.c.obj
                0x000000000000c1c4                Output_sysCtrlSend_capability
 .text.Output_usbCodeSend_capability
                0x000000000000c258      0x244 CMakeFiles/kiibohd.dir/Output/USB/output_usb.c.obj
                0x000000000000c258                Output_usbCodeSend_capability
 .text.Output_usbMouse_capability
                0x000000000000c49c       0xc0 CMakeFiles/kiibohd.dir/Output/USB/output_usb.c.obj
                0x000000000000c49c                Output_usbMouse_capability
 .text.Output_usbMouseWheel_capability
                0x000000000000c55c       0x80 CMakeFiles/kiibohd.dir/Output/USB/output_usb.c.obj
                0x000000000000c55c                Output_usbMouseWheel_capability
 .text.USB_flushBuffers
                0x000000000000c5dc       0x54 CMakeFiles/kiibohd.dir/Output/USB/output_usb.c.obj
                0x000000000000c5dc                USB_flushBuffers
 .text.Output_kbdProtocolBoot_capability
                0x000000000000c630       0x68 CMakeFiles/kiibohd.dir/Output/USB/output_usb.c.obj
                0x000000000000c630                Output_kbdProtocolBoot_capability
 .text.Output_kbdProtocolNKRO_capability
                0x000000000000c698       0x68 CMakeFiles/kiibohd.dir/Output/USB/output_usb.c.obj
                0x000000000000c698                Output_kbdProtocolNKRO_capability
 .text.Output_toggleKbdProtocol_capability
                0x000000000000c700       0x6c CMakeFiles/kiibohd.dir/Output/USB/output_usb.c.obj
                0x000000000000c700                Output_toggleKbdProtocol_capability
 .text.USB_setup
                0x000000000000c76c       0xbc CMakeFiles/kiibohd.dir/Output/USB/output_usb.c.obj
                0x000000000000c76c                USB_setup
 .text.USB_poll
                0x000000000000c828       0x3c CMakeFiles/kiibohd.dir/Output/USB/output_usb.c.obj
                0x000000000000c828                USB_poll
 .text.USB_indicator_update
                0x000000000000c864       0x90 CMakeFiles/kiibohd.dir/Output/USB/output_usb.c.obj
                0x000000000000c864                USB_indicator_update
 .text.USB_periodic
                0x000000000000c8f4       0xd4 CMakeFiles/kiibohd.dir/Output/USB/output_usb.c.obj
                0x000000000000c8f4                USB_periodic
 .text.USB_SysCtrlDebug
                0x000000000000c9c8       0x3c CMakeFiles/kiibohd.dir/Output/USB/output_usb.c.obj
                0x000000000000c9c8                USB_SysCtrlDebug
 .text.USB_ConsCtrlDebug
                0x000000000000ca04       0x3c CMakeFiles/kiibohd.dir/Output/USB/output_usb.c.obj
                0x000000000000ca04                USB_ConsCtrlDebug
 .text.USB_6KRODebug
                0x000000000000ca40       0x84 CMakeFiles/kiibohd.dir/Output/USB/output_usb.c.obj
                0x000000000000ca40                USB_6KRODebug
 .text.USB_NKRODebug
                0x000000000000cac4       0x78 CMakeFiles/kiibohd.dir/Output/USB/output_usb.c.obj
                0x000000000000cac4                USB_NKRODebug
 .text.USB_firmwareReload
                0x000000000000cb3c       0x24 CMakeFiles/kiibohd.dir/Output/USB/output_usb.c.obj
                0x000000000000cb3c                USB_firmwareReload
 .text.USB_softReset
                0x000000000000cb60       0x2c CMakeFiles/kiibohd.dir/Output/USB/output_usb.c.obj
                0x000000000000cb60                USB_softReset
 .text.USB_availablechar
                0x000000000000cb8c       0x24 CMakeFiles/kiibohd.dir/Output/USB/output_usb.c.obj
                0x000000000000cb8c                USB_availablechar
 .text.USB_getchar
                0x000000000000cbb0       0x24 CMakeFiles/kiibohd.dir/Output/USB/output_usb.c.obj
                0x000000000000cbb0                USB_getchar
 .text.USB_putstr
                0x000000000000cbd4       0x30 CMakeFiles/kiibohd.dir/Output/USB/output_usb.c.obj
                0x000000000000cbd4                USB_putstr
 .text.USB_rawio_availablechar
                0x000000000000cc04       0x24 CMakeFiles/kiibohd.dir/Output/USB/output_usb.c.obj
                0x000000000000cc04                USB_rawio_availablechar
 .text.USB_rawio_getbuffer
                0x000000000000cc28       0x24 CMakeFiles/kiibohd.dir/Output/USB/output_usb.c.obj
                0x000000000000cc28                USB_rawio_getbuffer
 .text.USB_rawio_sendbuffer
                0x000000000000cc4c       0x24 CMakeFiles/kiibohd.dir/Output/USB/output_usb.c.obj
                0x000000000000cc4c                USB_rawio_sendbuffer
 .text.usb_set_config_descriptor_size
                0x000000000000cc70       0x2c CMakeFiles/kiibohd.dir/Output/USB/arm/usb_desc.c.obj
                0x000000000000cc70                usb_set_config_descriptor_size
 .text.endpoint0_transmit
                0x000000000000cc9c       0x58 CMakeFiles/kiibohd.dir/Output/USB/arm/usb_dev.c.obj
 .text.usb_device_check
                0x000000000000ccf4       0x5c CMakeFiles/kiibohd.dir/Output/USB/arm/usb_dev.c.obj
                0x000000000000ccf4                usb_device_check
 .text.usb_set_configuration
                0x000000000000cd50       0x34 CMakeFiles/kiibohd.dir/Output/USB/arm/usb_dev.c.obj
                0x000000000000cd50                usb_set_configuration
 .text.usb_setup
                0x000000000000cd84      0x58c CMakeFiles/kiibohd.dir/Output/USB/arm/usb_dev.c.obj
                0x000000000000cd84                usb_setup
 .text.keyboard_control
                0x000000000000d310       0x74 CMakeFiles/kiibohd.dir/Output/USB/arm/usb_dev.c.obj
                0x000000000000d310                keyboard_control
 .text.usb_rx   0x000000000000d384       0x50 CMakeFiles/kiibohd.dir/Output/USB/arm/usb_dev.c.obj
                0x000000000000d384                usb_rx
 .text.usb_tx_packet_count
                0x000000000000d3d4       0x40 CMakeFiles/kiibohd.dir/Output/USB/arm/usb_dev.c.obj
                0x000000000000d3d4                usb_tx_packet_count
 .text.usb_rx_memory
                0x000000000000d414       0x98 CMakeFiles/kiibohd.dir/Output/USB/arm/usb_dev.c.obj
                0x000000000000d414                usb_rx_memory
 .text.usb_tx   0x000000000000d4ac       0xc0 CMakeFiles/kiibohd.dir/Output/USB/arm/usb_dev.c.obj
                0x000000000000d4ac                usb_tx
 .text.usb_resume
                0x000000000000d56c       0x6c CMakeFiles/kiibohd.dir/Output/USB/arm/usb_dev.c.obj
                0x000000000000d56c                usb_resume
 .text.usb_device_reload
                0x000000000000d5d8       0x50 CMakeFiles/kiibohd.dir/Output/USB/arm/usb_dev.c.obj
                0x000000000000d5d8                usb_device_reload
 .text.usb_isr  0x000000000000d628      0x3b8 CMakeFiles/kiibohd.dir/Output/USB/arm/usb_dev.c.obj
                0x000000000000d628                usb_isr
 .text.usb_init
                0x000000000000d9e0      0x144 CMakeFiles/kiibohd.dir/Output/USB/arm/usb_dev.c.obj
                0x000000000000d9e0                usb_init
 .text.usb_configured
                0x000000000000db24       0x28 CMakeFiles/kiibohd.dir/Output/USB/arm/usb_dev.c.obj
                0x000000000000db24                usb_configured
 .text.usb_keyboard_send
                0x000000000000db4c      0x210 CMakeFiles/kiibohd.dir/Output/USB/arm/usb_keyboard.c.obj
                0x000000000000db4c                usb_keyboard_send
 .text.usb_keyboard_idle_update
                0x000000000000dd5c       0x64 CMakeFiles/kiibohd.dir/Output/USB/arm/usb_keyboard.c.obj
                0x000000000000dd5c                usb_keyboard_idle_update
 .text.usb_keyboard_clear
                0x000000000000ddc0       0x38 CMakeFiles/kiibohd.dir/Output/USB/arm/usb_keyboard.c.obj
                0x000000000000ddc0                usb_keyboard_clear
 .text.usb_malloc
                0x000000000000ddf8       0x54 CMakeFiles/kiibohd.dir/Output/USB/arm/usb_mem.c.obj
                0x000000000000ddf8                usb_malloc
 .text.usb_free
                0x000000000000de4c       0x70 CMakeFiles/kiibohd.dir/Output/USB/arm/usb_mem.c.obj
                0x000000000000de4c                usb_free
 .text.usb_mouse_send
                0x000000000000debc      0x110 CMakeFiles/kiibohd.dir/Output/USB/arm/usb_mouse.c.obj
                0x000000000000debc                usb_mouse_send
 .text.usb_rawio_available
                0x000000000000dfcc       0x34 CMakeFiles/kiibohd.dir/Output/USB/arm/usb_rawio.c.obj
                0x000000000000dfcc                usb_rawio_available
 .text.usb_rawio_rx
                0x000000000000e000       0x84 CMakeFiles/kiibohd.dir/Output/USB/arm/usb_rawio.c.obj
                0x000000000000e000                usb_rawio_rx
 .text.usb_rawio_tx
                0x000000000000e084       0x94 CMakeFiles/kiibohd.dir/Output/USB/arm/usb_rawio.c.obj
                0x000000000000e084                usb_rawio_tx
 .text.usb_serial_getchar
                0x000000000000e118       0x64 CMakeFiles/kiibohd.dir/Output/USB/arm/usb_serial.c.obj
                0x000000000000e118                usb_serial_getchar
 .text.usb_serial_available
                0x000000000000e17c       0x38 CMakeFiles/kiibohd.dir/Output/USB/arm/usb_serial.c.obj
                0x000000000000e17c                usb_serial_available
 .text.usb_serial_write
                0x000000000000e1b4      0x100 CMakeFiles/kiibohd.dir/Output/USB/arm/usb_serial.c.obj
                0x000000000000e1b4                usb_serial_write
 .text.usb_serial_flush_callback
                0x000000000000e2b4       0x6c CMakeFiles/kiibohd.dir/Output/USB/arm/usb_serial.c.obj
                0x000000000000e2b4                usb_serial_flush_callback
 .text.cliFunc_clear
                0x000000000000e320       0x28 CMakeFiles/kiibohd.dir/Debug/cli/cli.c.obj
                0x000000000000e320                cliFunc_clear
 .text.cliFunc_colorTest
                0x000000000000e348       0x34 CMakeFiles/kiibohd.dir/Debug/cli/cli.c.obj
                0x000000000000e348                cliFunc_colorTest
 .text.cliFunc_reload
                0x000000000000e37c       0x3c CMakeFiles/kiibohd.dir/Debug/cli/cli.c.obj
                0x000000000000e37c                cliFunc_reload
 .text.cliFunc_reset
                0x000000000000e3b8       0x28 CMakeFiles/kiibohd.dir/Debug/cli/cli.c.obj
                0x000000000000e3b8                cliFunc_reset
 .text.cliFunc_help
                0x000000000000e3e0       0xdc CMakeFiles/kiibohd.dir/Debug/cli/cli.c.obj
                0x000000000000e3e0                cliFunc_help
 .text.cliFunc_led
                0x000000000000e4bc       0x30 CMakeFiles/kiibohd.dir/Debug/cli/cli.c.obj
                0x000000000000e4bc                cliFunc_led
 .text.cliFunc_restart
                0x000000000000e4ec       0x24 CMakeFiles/kiibohd.dir/Debug/cli/cli.c.obj
                0x000000000000e4ec                cliFunc_restart
 .text.cliFunc_tick
                0x000000000000e510       0x70 CMakeFiles/kiibohd.dir/Debug/cli/cli.c.obj
                0x000000000000e510                cliFunc_tick
 .text.cliFunc_cliDebug
                0x000000000000e580       0x50 CMakeFiles/kiibohd.dir/Debug/cli/cli.c.obj
                0x000000000000e580                cliFunc_cliDebug
 .text.cliFunc_rand
                0x000000000000e5d0       0x5c CMakeFiles/kiibohd.dir/Debug/cli/cli.c.obj
                0x000000000000e5d0                cliFunc_rand
 .text.ChipVersion_cpuid_partno
                0x000000000000e62c       0x70 CMakeFiles/kiibohd.dir/Debug/cli/cli.c.obj
                0x000000000000e62c                ChipVersion_cpuid_partno
 .text.ChipVersion_cpuid_implementor
                0x000000000000e69c       0x3c CMakeFiles/kiibohd.dir/Debug/cli/cli.c.obj
                0x000000000000e69c                ChipVersion_cpuid_implementor
 .text.ChipVersion_lookup
                0x000000000000e6d8       0xc0 CMakeFiles/kiibohd.dir/Debug/cli/cli.c.obj
                0x000000000000e6d8                ChipVersion_lookup
 .text.cliFunc_version
                0x000000000000e798      0x348 CMakeFiles/kiibohd.dir/Debug/cli/cli.c.obj
                0x000000000000e798                cliFunc_version
 .text.prompt   0x000000000000eae0       0x34 CMakeFiles/kiibohd.dir/Debug/cli/cli.c.obj
                0x000000000000eae0                prompt
 .text.CLI_argumentIsolation
                0x000000000000eb14       0x44 CMakeFiles/kiibohd.dir/Debug/cli/cli.c.obj
                0x000000000000eb14                CLI_argumentIsolation
 .text.cliFunc_periodic
                0x000000000000eb58       0x50 CMakeFiles/kiibohd.dir/Debug/cli/cli.c.obj
                0x000000000000eb58                cliFunc_periodic
 .text.CLI_commandLookup
                0x000000000000eba8       0xe8 CMakeFiles/kiibohd.dir/Debug/cli/cli.c.obj
                0x000000000000eba8                CLI_commandLookup
 .text.CLI_registerDictionary
                0x000000000000ec90       0x58 CMakeFiles/kiibohd.dir/Debug/cli/cli.c.obj
                0x000000000000ec90                CLI_registerDictionary
 .text.CLI_init
                0x000000000000ece8       0x70 CMakeFiles/kiibohd.dir/Debug/cli/cli.c.obj
                0x000000000000ece8                CLI_init
 .text.CLI_tabCompletion
                0x000000000000ed58       0xd0 CMakeFiles/kiibohd.dir/Debug/cli/cli.c.obj
                0x000000000000ed58                CLI_tabCompletion
 .text.CLI_wrap
                0x000000000000ee28       0x44 CMakeFiles/kiibohd.dir/Debug/cli/cli.c.obj
                0x000000000000ee28                CLI_wrap
 .text.CLI_saveHistory
                0x000000000000ee6c       0x68 CMakeFiles/kiibohd.dir/Debug/cli/cli.c.obj
                0x000000000000ee6c                CLI_saveHistory
 .text.CLI_retreiveHistory
                0x000000000000eed4       0x5c CMakeFiles/kiibohd.dir/Debug/cli/cli.c.obj
                0x000000000000eed4                CLI_retreiveHistory
 .text.CLI_process
                0x000000000000ef30      0x230 CMakeFiles/kiibohd.dir/Debug/cli/cli.c.obj
                0x000000000000ef30                CLI_process
 .text.printLatency
                0x000000000000f160       0x98 CMakeFiles/kiibohd.dir/Debug/cli/cli.c.obj
                0x000000000000f160                printLatency
 .text.cliFunc_latency
                0x000000000000f1f8       0x84 CMakeFiles/kiibohd.dir/Debug/cli/cli.c.obj
                0x000000000000f1f8                cliFunc_latency
 .text.Latency_init
                0x000000000000f27c       0x38 CMakeFiles/kiibohd.dir/Debug/latency/latency.c.obj
                0x000000000000f27c                Latency_init
 .text.Latency_resources
                0x000000000000f2b4       0x28 CMakeFiles/kiibohd.dir/Debug/latency/latency.c.obj
                0x000000000000f2b4                Latency_resources
 .text.Latency_add_resource
                0x000000000000f2dc       0x54 CMakeFiles/kiibohd.dir/Debug/latency/latency.c.obj
                0x000000000000f2dc                Latency_add_resource
 .text.Latency_query
                0x000000000000f330       0x70 CMakeFiles/kiibohd.dir/Debug/latency/latency.c.obj
                0x000000000000f330                Latency_query
 .text.Latency_query_name
                0x000000000000f3a0       0x2c CMakeFiles/kiibohd.dir/Debug/latency/latency.c.obj
                0x000000000000f3a0                Latency_query_name
 .text.Latency_start_time
                0x000000000000f3cc       0x3c CMakeFiles/kiibohd.dir/Debug/latency/latency.c.obj
                0x000000000000f3cc                Latency_start_time
 .text.Latency_end_time
                0x000000000000f408       0xa4 CMakeFiles/kiibohd.dir/Debug/latency/latency.c.obj
                0x000000000000f408                Latency_end_time
 .text.init_errorLED
                0x000000000000f4ac       0x34 CMakeFiles/kiibohd.dir/Debug/led/led.c.obj
                0x000000000000f4ac                init_errorLED
 .text.errorLED
                0x000000000000f4e0       0x48 CMakeFiles/kiibohd.dir/Debug/led/led.c.obj
                0x000000000000f4e0                errorLED
 .text.printstrs
                0x000000000000f528       0x48 CMakeFiles/kiibohd.dir/Debug/print/print.c.obj
                0x000000000000f528                printstrs
 .text._print   0x000000000000f570       0x24 CMakeFiles/kiibohd.dir/Debug/print/print.c.obj
                0x000000000000f570                _print
 .text.lenStr   0x000000000000f594       0x2c CMakeFiles/kiibohd.dir/Debug/print/print.c.obj
                0x000000000000f594                lenStr
 .text.revsStr  0x000000000000f5c0       0x40 CMakeFiles/kiibohd.dir/Debug/print/print.c.obj
                0x000000000000f5c0                revsStr
 .text.int8ToStr
                0x000000000000f600       0x44 CMakeFiles/kiibohd.dir/Debug/print/print.c.obj
                0x000000000000f600                int8ToStr
 .text.printInt8
                0x000000000000f644       0x28 CMakeFiles/kiibohd.dir/Debug/print/print.c.obj
                0x000000000000f644                printInt8
 .text.int16ToStr
                0x000000000000f66c       0x44 CMakeFiles/kiibohd.dir/Debug/print/print.c.obj
                0x000000000000f66c                int16ToStr
 .text.printInt16
                0x000000000000f6b0       0x28 CMakeFiles/kiibohd.dir/Debug/print/print.c.obj
                0x000000000000f6b0                printInt16
 .text.int32ToStr
                0x000000000000f6d8       0x44 CMakeFiles/kiibohd.dir/Debug/print/print.c.obj
                0x000000000000f6d8                int32ToStr
 .text.printInt32
                0x000000000000f71c       0x28 CMakeFiles/kiibohd.dir/Debug/print/print.c.obj
                0x000000000000f71c                printInt32
 .text.hexToStr_op
                0x000000000000f744       0x78 CMakeFiles/kiibohd.dir/Debug/print/print.c.obj
                0x000000000000f744                hexToStr_op
 .text.printHex_op
                0x000000000000f7bc       0x2c CMakeFiles/kiibohd.dir/Debug/print/print.c.obj
                0x000000000000f7bc                printHex_op
 .text.hex32ToStr_op
                0x000000000000f7e8       0x78 CMakeFiles/kiibohd.dir/Debug/print/print.c.obj
                0x000000000000f7e8                hex32ToStr_op
 .text.printHex32_op
                0x000000000000f860       0x2c CMakeFiles/kiibohd.dir/Debug/print/print.c.obj
                0x000000000000f860                printHex32_op
 .text.hex32ToStr16
                0x000000000000f88c       0x40 CMakeFiles/kiibohd.dir/Debug/print/print.c.obj
                0x000000000000f88c                hex32ToStr16
 .text.eqStr    0x000000000000f8cc       0x44 CMakeFiles/kiibohd.dir/Debug/print/print.c.obj
                0x000000000000f8cc                eqStr
 .text.numToInt
                0x000000000000f910       0x9c CMakeFiles/kiibohd.dir/Debug/print/print.c.obj
                0x000000000000f910                numToInt
 *(.rodata*)
 .rodata.__stack_chk_fail.str1.1
                0x000000000000f9ac        0xc CMakeFiles/kiibohd.dir/Lib/kinetis.c.obj
 .rodata.bus_fault_default_isr.str1.1
                0x000000000000f9b8       0x22 CMakeFiles/kiibohd.dir/Lib/kinetis.c.obj
 .rodata.fault_isr.str1.1
                0x000000000000f9da       0x22 CMakeFiles/kiibohd.dir/Lib/kinetis.c.obj
                                          0x9 (size before relaxing)
 .rodata.hard_fault_default_isr.str1.1
                0x000000000000f9da       0x17 CMakeFiles/kiibohd.dir/Lib/kinetis.c.obj
                                         0x1a (size before relaxing)
 .rodata.memmanage_fault_default_isr.str1.1
                0x000000000000f9f1       0x2d CMakeFiles/kiibohd.dir/Lib/kinetis.c.obj
 .rodata.nmi_default_isr.str1.1
                0x000000000000fa1e        0x7 CMakeFiles/kiibohd.dir/Lib/kinetis.c.obj
 .rodata.sys_reset_to_loader_magic
                0x000000000000fa25       0x16 CMakeFiles/kiibohd.dir/Lib/kinetis.c.obj
                0x000000000000fa25                sys_reset_to_loader_magic
 .rodata.usage_fault_default_isr.str1.1
                0x000000000000fa3b       0x18 CMakeFiles/kiibohd.dir/Lib/kinetis.c.obj
 .rodata.watchdog_default_isr.str1.1
                0x000000000000fa53       0x2a CMakeFiles/kiibohd.dir/Lib/kinetis.c.obj
                                         0x2c (size before relaxing)
 .rodata.str1.1
                0x000000000000fa7d        0xa CMakeFiles/kiibohd.dir/Lib/time.c.obj
 .rodata.i2c_isr.str1.1
                0x000000000000fa87       0x46 CMakeFiles/kiibohd.dir/Scan/Devices/ISSILed/i2c.c.obj
 .rodata.i2c_send_sequence.str1.1
                0x000000000000facd       0x57 CMakeFiles/kiibohd.dir/Scan/Devices/ISSILed/i2c.c.obj
                                         0x5a (size before relaxing)
 .rodata.LED_control_capability.str1.1
                0x000000000000fb24       0x24 CMakeFiles/kiibohd.dir/Scan/Devices/ISSILed/led_scan.c.obj
 .rodata.LED_ledEnableMask
                0x000000000000fb48       0x28 CMakeFiles/kiibohd.dir/Scan/Devices/ISSILed/led_scan.c.obj
                0x000000000000fb48                LED_ledEnableMask
 .rodata.LED_scan.str1.1
                0x000000000000fb70       0x46 CMakeFiles/kiibohd.dir/Scan/Devices/ISSILed/led_scan.c.obj
 .rodata.LED_setup.str1.1
                0x000000000000fbb6        0x8 CMakeFiles/kiibohd.dir/Scan/Devices/ISSILed/led_scan.c.obj
 .rodata.cliFunc_ledFPS.str1.1
                0x000000000000fbbe       0x49 CMakeFiles/kiibohd.dir/Scan/Devices/ISSILed/led_scan.c.obj
 .rodata.cliFunc_ledSet.str1.1
                0x000000000000fc07       0x25 CMakeFiles/kiibohd.dir/Scan/Devices/ISSILed/led_scan.c.obj
 .rodata.cliFunc_ledToggle.str1.1
                0x000000000000fc2c       0x1e CMakeFiles/kiibohd.dir/Scan/Devices/ISSILed/led_scan.c.obj
                                         0x21 (size before relaxing)
 .rodata.hardware_shutdown_pin
                0x000000000000fc4a        0x2 CMakeFiles/kiibohd.dir/Scan/Devices/ISSILed/led_scan.c.obj
 .rodata.ledCLIDict
                0x000000000000fc4c       0x48 CMakeFiles/kiibohd.dir/Scan/Devices/ISSILed/led_scan.c.obj
                0x000000000000fc4c                ledCLIDict
 .rodata.ledCLIDictName
                0x000000000000fc94       0x19 CMakeFiles/kiibohd.dir/Scan/Devices/ISSILed/led_scan.c.obj
                0x000000000000fc94                ledCLIDictName
 .rodata.ledCheckCLIDict_DescEntry
                0x000000000000fcad       0x36 CMakeFiles/kiibohd.dir/Scan/Devices/ISSILed/led_scan.c.obj
                0x000000000000fcad                ledCheckCLIDict_DescEntry
 .rodata.ledFPSCLIDict_DescEntry
                0x000000000000fce3       0x30 CMakeFiles/kiibohd.dir/Scan/Devices/ISSILed/led_scan.c.obj
                0x000000000000fce3                ledFPSCLIDict_DescEntry
 .rodata.ledResetCLIDict_DescEntry
                0x000000000000fd13       0x12 CMakeFiles/kiibohd.dir/Scan/Devices/ISSILed/led_scan.c.obj
                0x000000000000fd13                ledResetCLIDict_DescEntry
 .rodata.ledSetCLIDict_DescEntry
                0x000000000000fd25       0x1d CMakeFiles/kiibohd.dir/Scan/Devices/ISSILed/led_scan.c.obj
                0x000000000000fd25                ledSetCLIDict_DescEntry
 .rodata.ledToggleCLIDict_DescEntry
                0x000000000000fd42       0x1f CMakeFiles/kiibohd.dir/Scan/Devices/ISSILed/led_scan.c.obj
                0x000000000000fd42                ledToggleCLIDict_DescEntry
 .rodata.str1.1
                0x000000000000fd61       0x2a CMakeFiles/kiibohd.dir/Scan/Devices/ISSILed/led_scan.c.obj
 .rodata.Matrix_cols
                0x000000000000fd8b       0x12 CMakeFiles/kiibohd.dir/Scan/Devices/MatrixARMPeriodic/matrix_scan.c.obj
                0x000000000000fd8b                Matrix_cols
 .rodata.Matrix_keyPositionDebug.str1.1
                0x000000000000fd9d       0x3e CMakeFiles/kiibohd.dir/Scan/Devices/MatrixARMPeriodic/matrix_scan.c.obj
 .rodata.Matrix_rows
                0x000000000000fddb        0xa CMakeFiles/kiibohd.dir/Scan/Devices/MatrixARMPeriodic/matrix_scan.c.obj
                0x000000000000fddb                Matrix_rows
 .rodata.Matrix_setup.str1.1
                0x000000000000fde5        0xe CMakeFiles/kiibohd.dir/Scan/Devices/MatrixARMPeriodic/matrix_scan.c.obj
 .rodata.Matrix_single_scan.str1.1
                0x000000000000fdf3       0x99 CMakeFiles/kiibohd.dir/Scan/Devices/MatrixARMPeriodic/matrix_scan.c.obj
                                         0xa2 (size before relaxing)
 .rodata.cliFunc_debounce.str1.1
                0x000000000000fe8c       0x23 CMakeFiles/kiibohd.dir/Scan/Devices/MatrixARMPeriodic/matrix_scan.c.obj
                                         0x29 (size before relaxing)
 .rodata.cliFunc_matrixDebug.str1.1
                0x000000000000feaf       0x26 CMakeFiles/kiibohd.dir/Scan/Devices/MatrixARMPeriodic/matrix_scan.c.obj
 .rodata.cliFunc_matrixInfo.str1.1
                0x000000000000fed5       0x57 CMakeFiles/kiibohd.dir/Scan/Devices/MatrixARMPeriodic/matrix_scan.c.obj
 .rodata.cliFunc_strobeDelay.str1.1
                0x000000000000ff2c       0x21 CMakeFiles/kiibohd.dir/Scan/Devices/MatrixARMPeriodic/matrix_scan.c.obj
                                         0x24 (size before relaxing)
 .rodata.debounceCLIDict_DescEntry
                0x000000000000ff4d       0x39 CMakeFiles/kiibohd.dir/Scan/Devices/MatrixARMPeriodic/matrix_scan.c.obj
                0x000000000000ff4d                debounceCLIDict_DescEntry
 *fill*         0x000000000000ff86        0x2 
 .rodata.matrixCLIDict
                0x000000000000ff88       0x48 CMakeFiles/kiibohd.dir/Scan/Devices/MatrixARMPeriodic/matrix_scan.c.obj
                0x000000000000ff88                matrixCLIDict
 .rodata.matrixCLIDictName
                0x000000000000ffd0       0x17 CMakeFiles/kiibohd.dir/Scan/Devices/MatrixARMPeriodic/matrix_scan.c.obj
                0x000000000000ffd0                matrixCLIDictName
 .rodata.matrixDebugCLIDict_DescEntry
                0x000000000000ffe7       0x86 CMakeFiles/kiibohd.dir/Scan/Devices/MatrixARMPeriodic/matrix_scan.c.obj
                0x000000000000ffe7                matrixDebugCLIDict_DescEntry
 .rodata.matrixInfoCLIDict_DescEntry
                0x000000000001006d       0x28 CMakeFiles/kiibohd.dir/Scan/Devices/MatrixARMPeriodic/matrix_scan.c.obj
                0x000000000001006d                matrixInfoCLIDict_DescEntry
 .rodata.matrixStateCLIDict_DescEntry
                0x0000000000010095       0x9a CMakeFiles/kiibohd.dir/Scan/Devices/MatrixARMPeriodic/matrix_scan.c.obj
                0x0000000000010095                matrixStateCLIDict_DescEntry
 .rodata.str1.1
                0x000000000001012f       0x38 CMakeFiles/kiibohd.dir/Scan/Devices/MatrixARMPeriodic/matrix_scan.c.obj
 .rodata.strobeDelayCLIDict_DescEntry
                0x0000000000010167       0x3c CMakeFiles/kiibohd.dir/Scan/Devices/MatrixARMPeriodic/matrix_scan.c.obj
                0x0000000000010167                strobeDelayCLIDict_DescEntry
 *fill*         0x00000000000101a3        0x1 
 .rodata        0x00000000000101a4      0x53c CMakeFiles/kiibohd.dir/Scan/Devices/STLcd/lcd_scan.c.obj
 .rodata.LCD_layerStackExact_capability.str1.1
                0x00000000000106e0       0x40 CMakeFiles/kiibohd.dir/Scan/Devices/STLcd/lcd_scan.c.obj
 .rodata.LCD_layerStack_capability.str1.1
                0x0000000000010720       0x1c CMakeFiles/kiibohd.dir/Scan/Devices/STLcd/lcd_scan.c.obj
 .rodata.LCD_setup.str1.1
                0x000000000001073c        0x6 CMakeFiles/kiibohd.dir/Scan/Devices/STLcd/lcd_scan.c.obj