
Allocating common symbols
Common symbol       size              file

HIDIO_ack_buf_data  0x4e              CMakeFiles/kiibohd.dir/Output/HID-IO/hidio_com.c.obj
triggerPendingDebugMode
                    0x1               CMakeFiles/kiibohd.dir/Macro/PartialMap/macro.c.obj
gWDT_entropy_pool   0x20              CMakeFiles/kiibohd.dir/Lib/entropy.c.obj
macroPauseMode      0x1               CMakeFiles/kiibohd.dir/Macro/PartialMap/macro.c.obj
macroTriggerEventBufferSize
                    0x2               CMakeFiles/kiibohd.dir/Macro/PartialMap/macro.c.obj
macroResultDelayedCapabilities
                    0x7c              CMakeFiles/kiibohd.dir/Macro/PartialMap/result.c.obj
gWDT_buffer_position
                    0x1               CMakeFiles/kiibohd.dir/Lib/entropy.c.obj
CLIHexDebugMode     0x1               CMakeFiles/kiibohd.dir/main.c.obj
Output_DebugMode    0x1               CMakeFiles/kiibohd.dir/Output/Interface/output_gen.c.obj
USBKeys_Idle_Count  0x1               CMakeFiles/kiibohd.dir/Output/USB/output_usb.c.obj
CLIHistoryCurrent   0x1               CMakeFiles/kiibohd.dir/main.c.obj
USBMouse_Changed    0x1               CMakeFiles/kiibohd.dir/Output/USB/output_usb.c.obj
usb_rx_byte_count_data
                    0x14              CMakeFiles/kiibohd.dir/Output/USB/arm/usb_dev.c.obj
USBInit_TimeEnd     0x4               CMakeFiles/kiibohd.dir/Output/USB/output_usb.c.obj
capDebugMode        0x1               CMakeFiles/kiibohd.dir/Macro/PartialMap/result.c.obj
CLILEDState         0x1               CMakeFiles/kiibohd.dir/main.c.obj
CLIDictionariesUsed
                    0x1               CMakeFiles/kiibohd.dir/main.c.obj
USBMouse_Buttons    0x2               CMakeFiles/kiibohd.dir/Output/USB/output_usb.c.obj
USBMouse_VertWheel  0x1               CMakeFiles/kiibohd.dir/Output/USB/output_usb.c.obj
CLIHistoryBuffer    0x3e8             CMakeFiles/kiibohd.dir/main.c.obj
HIDIO_Id_List_Size  0x4               CMakeFiles/kiibohd.dir/Output/HID-IO/hidio_com.c.obj
voteDebugMode       0x1               CMakeFiles/kiibohd.dir/Macro/PartialMap/macro.c.obj
CLILineBuffer       0x65              CMakeFiles/kiibohd.dir/main.c.obj
macroResultMacroPendingList
                    0x25c             CMakeFiles/kiibohd.dir/Macro/PartialMap/result.c.obj
HIDIO_Packet_Size   0x2               CMakeFiles/kiibohd.dir/Output/HID-IO/hidio_com.c.obj
HIDIO_assembly_buf_data
                    0xd0              CMakeFiles/kiibohd.dir/Output/HID-IO/hidio_com.c.obj
CLIHistoryHead      0x1               CMakeFiles/kiibohd.dir/main.c.obj
USBMouse_Relative_y
                    0x2               CMakeFiles/kiibohd.dir/Output/USB/output_usb.c.obj
USBInit_Ticks       0x2               CMakeFiles/kiibohd.dir/Output/USB/output_usb.c.obj
LayerState          0x2               CMakeFiles/kiibohd.dir/Macro/PartialMap/macro.c.obj
Layer_rotationLayer
                    0x2               CMakeFiles/kiibohd.dir/Macro/PartialMap/layer.c.obj
USBKeys_idle        0x22              CMakeFiles/kiibohd.dir/Output/USB/output_usb.c.obj
HIDIO_ack_buf       0x4               CMakeFiles/kiibohd.dir/Output/HID-IO/hidio_com.c.obj
gWDT_buffer         0x20              CMakeFiles/kiibohd.dir/Lib/entropy.c.obj
macroTriggerEventBuffer
                    0xc0              CMakeFiles/kiibohd.dir/Macro/PartialMap/macro.c.obj
macroStepCounter    0x2               CMakeFiles/kiibohd.dir/Macro/PartialMap/macro.c.obj
HIDIO_ack_send_data
                    0xd0              CMakeFiles/kiibohd.dir/Output/HID-IO/hidio_com.c.obj
Output_ExtCurrent_Available
                    0x2               CMakeFiles/kiibohd.dir/Output/Interface/output_gen.c.obj
USBDev_Address      0x1               CMakeFiles/kiibohd.dir/Output/USB/output_usb.c.obj
USBKeys_Sent        0x1               CMakeFiles/kiibohd.dir/Output/USB/output_usb.c.obj
layerDebugMode      0x1               CMakeFiles/kiibohd.dir/Macro/PartialMap/layer.c.obj
USBKeys_LEDs_prev   0x1               CMakeFiles/kiibohd.dir/Output/USB/output_usb.c.obj
USBKeys_primary     0x22              CMakeFiles/kiibohd.dir/Output/USB/output_usb.c.obj
USBMouse_Relative_x
                    0x2               CMakeFiles/kiibohd.dir/Output/USB/output_usb.c.obj
Output_Available    0x1               CMakeFiles/kiibohd.dir/Output/Interface/output_gen.c.obj
HIDIO_ack_send_buf  0x10              CMakeFiles/kiibohd.dir/Output/HID-IO/hidio_com.c.obj
macroTriggerEventLayerCache
                    0x80              CMakeFiles/kiibohd.dir/Macro/PartialMap/layer.c.obj
gWDT_pool_count     0x1               CMakeFiles/kiibohd.dir/Lib/entropy.c.obj
HIDIO_Id_List       0xf0              CMakeFiles/kiibohd.dir/Output/HID-IO/hidio_com.c.obj
HIDIO_assembly_buf  0x10              CMakeFiles/kiibohd.dir/Output/HID-IO/hidio_com.c.obj
USBMouse_HoriWheel  0x1               CMakeFiles/kiibohd.dir/Output/USB/output_usb.c.obj
Output_USBCurrent_Available
                    0x2               CMakeFiles/kiibohd.dir/Output/Interface/output_gen.c.obj
[...]
Memory Configuration

Name             Origin             Length             Attributes
FLASH            0x0000000000001000 0x000000000001e000 xr
RAM              0x000000001fffe000 0x0000000000004000 xrw
*default*        0x0000000000000000 0xffffffffffffffff

Linker script and memory map

LOAD CMakeFiles/kiibohd.dir/main.c.obj
LOAD CMakeFiles/kiibohd.dir/Lib/kinetis.c.obj
LOAD CMakeFiles/kiibohd.dir/Lib/delay.c.obj
LOAD CMakeFiles/kiibohd.dir/Lib/entropy.c.obj
LOAD CMakeFiles/kiibohd.dir/Lib/gpio.c.obj
LOAD CMakeFiles/kiibohd.dir/Lib/periodic.c.obj
LOAD CMakeFiles/kiibohd.dir/Lib/storage.c.obj
LOAD CMakeFiles/kiibohd.dir/Lib/time.c.obj
LOAD CMakeFiles/kiibohd.dir/Lib/arm_cortex.c.obj
LOAD CMakeFiles/kiibohd.dir/Scan/Devices/MatrixARMPeriodic/matrix_scan.c.obj
LOAD CMakeFiles/kiibohd.dir/Scan/Infinity_60/scan_loop.c.obj
LOAD CMakeFiles/kiibohd.dir/Macro/PartialMap/kll.c.obj
LOAD CMakeFiles/kiibohd.dir/Macro/PartialMap/layer.c.obj
LOAD CMakeFiles/kiibohd.dir/Macro/PartialMap/macro.c.obj
LOAD CMakeFiles/kiibohd.dir/Macro/PartialMap/result.c.obj
LOAD CMakeFiles/kiibohd.dir/Macro/PartialMap/trigger.c.obj
LOAD CMakeFiles/kiibohd.dir/Output/HID-IO/hidio_com.c.obj
LOAD CMakeFiles/kiibohd.dir/Output/Interface/output_gen.c.obj
LOAD CMakeFiles/kiibohd.dir/Output/USB/output_com.c.obj
LOAD CMakeFiles/kiibohd.dir/Output/USB/output_usb.c.obj
LOAD CMakeFiles/kiibohd.dir/Output/USB/arm/usb_desc.c.obj
LOAD CMakeFiles/kiibohd.dir/Output/USB/arm/usb_dev.c.obj
LOAD CMakeFiles/kiibohd.dir/Output/USB/arm/usb_joystick.c.obj
LOAD CMakeFiles/kiibohd.dir/Output/USB/arm/usb_keyboard.c.obj
LOAD CMakeFiles/kiibohd.dir/Output/USB/arm/usb_mem.c.obj
LOAD CMakeFiles/kiibohd.dir/Output/USB/arm/usb_mouse.c.obj
LOAD CMakeFiles/kiibohd.dir/Output/USB/arm/usb_rawio.c.obj
LOAD CMakeFiles/kiibohd.dir/Output/USB/arm/usb_serial.c.obj
LOAD CMakeFiles/kiibohd.dir/Debug/cli/cli.c.obj
LOAD CMakeFiles/kiibohd.dir/Debug/latency/latency.c.obj
LOAD CMakeFiles/kiibohd.dir/Debug/led/led.c.obj
LOAD CMakeFiles/kiibohd.dir/Debug/print/print.c.obj
LOAD CMakeFiles/kiibohd.dir/generatedPixelmap.c.obj
                0x0000000000001000                _app_rom = ORIGIN (FLASH)
                0x000000000001f000                _app_rom_end = (ORIGIN (FLASH) + LENGTH (FLASH))

.text           0x0000000000001000     0xcac0
                0x0000000000000000                . = 0x0
 *(.vectors)
 .vectors       0x0000000000001000       0xf8 CMakeFiles/kiibohd.dir/Lib/kinetis.c.obj
                0x0000000000001000                gVectors
 *(.startup*)
 .startup       0x00000000000010f8       0xfc CMakeFiles/kiibohd.dir/Lib/kinetis.c.obj
                0x00000000000010f8                ResetHandler
 *(.text*)
 .text.main_periodic
                0x00000000000011f4       0x58 CMakeFiles/kiibohd.dir/main.c.obj
                0x00000000000011f4                main_periodic
 .text.startup.main
                0x000000000000124c       0x48 CMakeFiles/kiibohd.dir/main.c.obj
                0x000000000000124c                main
 .text.systick_default_isr
                0x0000000000001294       0x5c CMakeFiles/kiibohd.dir/Lib/kinetis.c.obj
                0x0000000000001294                systick_isr
                0x0000000000001294                systick_default_isr
 .text.fault_isr
                0x00000000000012f0       0x48 CMakeFiles/kiibohd.dir/Lib/kinetis.c.obj
                0x00000000000012f0                fault_isr
 .text.unused_isr
                0x0000000000001338       0x10 CMakeFiles/kiibohd.dir/Lib/kinetis.c.obj
                0x0000000000001338                enet_tx_isr
                0x0000000000001338                dma_ch6_isr
                0x0000000000001338                uart0_lon_isr
                0x0000000000001338                dma_ch8_isr
                0x0000000000001338                portcd_isr
                0x0000000000001338                can1_rx_warn_isr
                0x0000000000001338                dma_error_isr
                0x0000000000001338                i2c0_isr
                0x0000000000001338                portd_isr
                0x0000000000001338                enet_error_isr
                0x0000000000001338                tpm1_isr
                0x0000000000001338                porte_isr
                0x0000000000001338                portb_isr
                0x0000000000001338                spi1_isr
                0x0000000000001338                uart3_status_isr
                0x0000000000001338                mcm_isr
                0x0000000000001338                uart1_status_isr
                0x0000000000001338                randnum_isr
                0x0000000000001338                i2c1_isr
                0x0000000000001338                dma_ch11_isr
                0x0000000000001338                i2c2_isr
                0x0000000000001338                pit1_isr
                0x0000000000001338                dma_ch4_isr
                0x0000000000001338                software_isr
                0x0000000000001338                dma_ch7_isr
                0x0000000000001338                can1_bus_off_isr
                0x0000000000001338                ftm2_isr
                0x0000000000001338                uart5_status_isr
                0x0000000000001338                lpuart0_status_isr
                0x0000000000001338                dma_ch9_isr
                0x0000000000001338                pit2_isr
                0x0000000000001338                i2c3_isr
                0x0000000000001338                can1_error_isr
                0x0000000000001338                can0_wakeup_isr
                0x0000000000001338                flash_cmd_isr
                0x0000000000001338                uart2_status_isr
                0x0000000000001338                svcall_isr
                0x0000000000001338                dma_ch15_isr
                0x0000000000001338                uart1_error_isr
                0x0000000000001338                usbhs_phy_isr
                0x0000000000001338                unused_isr
                0x0000000000001338                spi0_isr
                0x0000000000001338                dma_ch3_isr
                0x0000000000001338                flash_error_isr
                0x0000000000001338                uart5_error_isr
                0x0000000000001338                rtc_seconds_isr
                0x0000000000001338                pdb_isr
                0x0000000000001338                dac1_isr
                0x0000000000001338                dma_ch14_isr
                0x0000000000001338                rtc_alarm_isr
                0x0000000000001338                dma_ch2_isr
                0x0000000000001338                ftm1_isr
                0x0000000000001338                dma_ch13_isr
                0x0000000000001338                uart2_error_isr
                0x0000000000001338                usb_charge_isr
                0x0000000000001338                cmt_isr
                0x0000000000001338                usbhs_isr
                0x0000000000001338                ftm3_isr
                0x0000000000001338                tsi0_isr
                0x0000000000001338                spi2_isr
                0x0000000000001338                can0_bus_off_isr
                0x0000000000001338                uart3_error_isr
                0x0000000000001338                porta_isr
                0x0000000000001338                low_voltage_isr
                0x0000000000001338                can0_error_isr
                0x0000000000001338                dma_ch12_isr
                0x0000000000001338                can1_wakeup_isr
                0x0000000000001338                pit3_isr
                0x0000000000001338                enet_rx_isr
                0x0000000000001338                portc_isr
                0x0000000000001338                debugmonitor_isr
                0x0000000000001338                cmp1_isr
                0x0000000000001338                ftm0_isr
                0x0000000000001338                tpm0_isr
                0x0000000000001338                i2s0_rx_isr
                0x0000000000001338                uart4_error_isr
                0x0000000000001338                can0_message_isr
                0x0000000000001338                can1_message_isr
                0x0000000000001338                sdhc_isr
                0x0000000000001338                dma_ch10_isr
                0x0000000000001338                uart0_error_isr
                0x0000000000001338                i2s0_isr
                0x0000000000001338                enet_timer_isr
                0x0000000000001338                i2s0_tx_isr
                0x0000000000001338                adc1_isr
                0x0000000000001338                cmp0_isr
                0x0000000000001338                pit_isr
                0x0000000000001338                dac0_isr
                0x0000000000001338                can1_tx_warn_isr
                0x0000000000001338                uart0_status_isr
                0x0000000000001338                mcg_isr
                0x0000000000001338                dma_ch1_isr
                0x0000000000001338                dma_ch5_isr
                0x0000000000001338                can0_rx_warn_isr
                0x0000000000001338                can0_tx_warn_isr
                0x0000000000001338                uart4_status_isr
                0x0000000000001338                cmp2_isr
                0x0000000000001338                pendablesrvreq_isr
                0x0000000000001338                wakeup_isr
                0x0000000000001338                cmp3_isr
                0x0000000000001338                tpm2_isr
                0x0000000000001338                dma_ch0_isr
                0x0000000000001338                adc0_isr
 .text.nmi_default_isr
                0x0000000000001348       0x28 CMakeFiles/kiibohd.dir/Lib/kinetis.c.obj
                0x0000000000001348                nmi_isr
                0x0000000000001348                nmi_default_isr
 .text.hard_fault_default_isr
                0x0000000000001370       0x4c CMakeFiles/kiibohd.dir/Lib/kinetis.c.obj
                0x0000000000001370                hard_fault_isr
                0x0000000000001370                hard_fault_default_isr
 .text.memmanage_fault_default_isr
                0x00000000000013bc       0x58 CMakeFiles/kiibohd.dir/Lib/kinetis.c.obj
                0x00000000000013bc                memmanage_fault_default_isr
                0x00000000000013bc                memmanage_fault_isr
 .text.bus_fault_default_isr
                0x0000000000001414       0x58 CMakeFiles/kiibohd.dir/Lib/kinetis.c.obj
                0x0000000000001414                bus_fault_isr
                0x0000000000001414                bus_fault_default_isr
 .text.usage_fault_default_isr
                0x000000000000146c       0x40 CMakeFiles/kiibohd.dir/Lib/kinetis.c.obj
                0x000000000000146c                usage_fault_default_isr
                0x000000000000146c                usage_fault_isr
 .text.watchdog_default_isr
                0x00000000000014ac       0x78 CMakeFiles/kiibohd.dir/Lib/kinetis.c.obj
                0x00000000000014ac                watchdog_isr
                0x00000000000014ac                watchdog_default_isr
 .text.__stack_chk_fail
                0x0000000000001524       0x1c CMakeFiles/kiibohd.dir/Lib/kinetis.c.obj
                0x0000000000001524                __stack_chk_fail
 .text.memset   0x0000000000001540       0x2c CMakeFiles/kiibohd.dir/Lib/kinetis.c.obj
                0x0000000000001540                memset
 .text.memcpy   0x000000000000156c       0x4c CMakeFiles/kiibohd.dir/Lib/kinetis.c.obj
                0x000000000000156c                memcpy
 .text.us_now   0x00000000000015b8       0x5c CMakeFiles/kiibohd.dir/Lib/delay.c.obj
                0x00000000000015b8                us_now
 .text.yield    0x0000000000001614       0x20 CMakeFiles/kiibohd.dir/Lib/delay.c.obj
                0x0000000000001614                yield
 .text.delay_us
                0x0000000000001634       0x34 CMakeFiles/kiibohd.dir/Lib/delay.c.obj
                0x0000000000001634                delay_us
 .text.delay_ms
                0x0000000000001668       0x34 CMakeFiles/kiibohd.dir/Lib/delay.c.obj
                0x0000000000001668                delay_ms
 .text.rand_initialize
                0x000000000000169c       0x74 CMakeFiles/kiibohd.dir/Lib/entropy.c.obj
                0x000000000000169c                rand_initialize
 .text.rand_value32
                0x0000000000001710       0x7c CMakeFiles/kiibohd.dir/Lib/entropy.c.obj
                0x0000000000001710                rand_value32
 .text.rand_available
                0x000000000000178c       0x28 CMakeFiles/kiibohd.dir/Lib/entropy.c.obj
                0x000000000000178c                rand_available
 .text.lptmr_isr
                0x00000000000017b4      0x140 CMakeFiles/kiibohd.dir/Lib/entropy.c.obj
                0x00000000000017b4                lptmr_isr
 .text.GPIO_Ctrl
                0x00000000000018f4       0xd8 CMakeFiles/kiibohd.dir/Lib/gpio.c.obj
                0x00000000000018f4                GPIO_Ctrl
 .text.Periodic_init
                0x00000000000019cc       0x5c CMakeFiles/kiibohd.dir/Lib/periodic.c.obj
                0x00000000000019cc                Periodic_init
 .text.Periodic_enable
                0x0000000000001a28       0x2c CMakeFiles/kiibohd.dir/Lib/periodic.c.obj
                0x0000000000001a28                Periodic_enable
 .text.Periodic_disable
                0x0000000000001a54       0x2c CMakeFiles/kiibohd.dir/Lib/periodic.c.obj
                0x0000000000001a54                Periodic_disable
 .text.Periodic_function
                0x0000000000001a80       0x28 CMakeFiles/kiibohd.dir/Lib/periodic.c.obj
                0x0000000000001a80                Periodic_function
 .text.Periodic_cycles
                0x0000000000001aa8       0x28 CMakeFiles/kiibohd.dir/Lib/periodic.c.obj
                0x0000000000001aa8                Periodic_cycles
 .text.pit0_isr
                0x0000000000001ad0       0x30 CMakeFiles/kiibohd.dir/Lib/periodic.c.obj
                0x0000000000001ad0                pit0_isr
 .text.Time_now
                0x0000000000001b00       0x30 CMakeFiles/kiibohd.dir/Lib/time.c.obj
                0x0000000000001b00                Time_now
 .text.Time_init
                0x0000000000001b30       0x24 CMakeFiles/kiibohd.dir/Lib/time.c.obj
                0x0000000000001b30                Time_init
 .text.Time_add
                0x0000000000001b54       0x58 CMakeFiles/kiibohd.dir/Lib/time.c.obj
                0x0000000000001b54                Time_add
 .text.Time_compare
                0x0000000000001bac       0x50 CMakeFiles/kiibohd.dir/Lib/time.c.obj
                0x0000000000001bac                Time_compare
 .text.Time_us  0x0000000000001bfc       0x48 CMakeFiles/kiibohd.dir/Lib/time.c.obj
                0x0000000000001bfc                Time_us
 .text.Time_ns  0x0000000000001c44       0x50 CMakeFiles/kiibohd.dir/Lib/time.c.obj
                0x0000000000001c44                Time_ns
 .text.Time_duration_rollover
                0x0000000000001c94       0x68 CMakeFiles/kiibohd.dir/Lib/time.c.obj
                0x0000000000001c94                Time_duration_rollover
 .text.Time_duration_rollover_now
                0x0000000000001cfc       0x4c CMakeFiles/kiibohd.dir/Lib/time.c.obj
                0x0000000000001cfc                Time_duration_rollover_now
 .text.Time_duration_ms
                0x0000000000001d48       0x30 CMakeFiles/kiibohd.dir/Lib/time.c.obj
                0x0000000000001d48                Time_duration_ms
 .text.Time_duration_us
                0x0000000000001d78       0x3c CMakeFiles/kiibohd.dir/Lib/time.c.obj
                0x0000000000001d78                Time_duration_us
 .text.Time_duration_ns
                0x0000000000001db4       0x3c CMakeFiles/kiibohd.dir/Lib/time.c.obj
                0x0000000000001db4                Time_duration_ns
 .text.Time_duration_ticks
                0x0000000000001df0       0x4c CMakeFiles/kiibohd.dir/Lib/time.c.obj
                0x0000000000001df0                Time_duration_ticks
 .text.Time_tick_reset
                0x0000000000001e3c       0x3c CMakeFiles/kiibohd.dir/Lib/time.c.obj
                0x0000000000001e3c                Time_tick_reset
 .text.Time_tick_start
                0x0000000000001e78       0x38 CMakeFiles/kiibohd.dir/Lib/time.c.obj
                0x0000000000001e78                Time_tick_start
 .text.Time_tick_update
                0x0000000000001eb0       0x80 CMakeFiles/kiibohd.dir/Lib/time.c.obj
                0x0000000000001eb0                Time_tick_update
 .text.cliFunc_matrixState
                0x0000000000001f30       0x40 CMakeFiles/kiibohd.dir/Scan/Devices/MatrixARMPeriodic/matrix_scan.c.obj
                0x0000000000001f30                cliFunc_matrixState
 .text.cliFunc_debounce
                0x0000000000001f70       0x60 CMakeFiles/kiibohd.dir/Scan/Devices/MatrixARMPeriodic/matrix_scan.c.obj
                0x0000000000001f70                cliFunc_debounce
 .text.cliFunc_matrixInfo
                0x0000000000001fd0       0x64 CMakeFiles/kiibohd.dir/Scan/Devices/MatrixARMPeriodic/matrix_scan.c.obj
                0x0000000000001fd0                cliFunc_matrixInfo
 .text.cliFunc_matrixDebug
                0x0000000000002034       0x90 CMakeFiles/kiibohd.dir/Scan/Devices/MatrixARMPeriodic/matrix_scan.c.obj
                0x0000000000002034                cliFunc_matrixDebug
 .text.cliFunc_strobeDelay
                0x00000000000020c4       0x60 CMakeFiles/kiibohd.dir/Scan/Devices/MatrixARMPeriodic/matrix_scan.c.obj
                0x00000000000020c4                cliFunc_strobeDelay
 .text.Matrix_setup
                0x0000000000002124      0x12c CMakeFiles/kiibohd.dir/Scan/Devices/MatrixARMPeriodic/matrix_scan.c.obj
                0x0000000000002124                Matrix_setup
 .text.Matrix_keyPositionDebug
                0x0000000000002250       0x74 CMakeFiles/kiibohd.dir/Scan/Devices/MatrixARMPeriodic/matrix_scan.c.obj
                0x0000000000002250                Matrix_keyPositionDebug
 .text.Matrix_single_scan
                0x00000000000022c4      0x4a0 CMakeFiles/kiibohd.dir/Scan/Devices/MatrixARMPeriodic/matrix_scan.c.obj
                0x00000000000022c4                Matrix_single_scan
 .text.Matrix_start
                0x0000000000002764       0x28 CMakeFiles/kiibohd.dir/Scan/Devices/MatrixARMPeriodic/matrix_scan.c.obj
                0x0000000000002764                Matrix_start
 .text.Matrix_currentChange
                0x000000000000278c       0x20 CMakeFiles/kiibohd.dir/Scan/Devices/MatrixARMPeriodic/matrix_scan.c.obj
                0x000000000000278c                Matrix_currentChange
 .text.cliFunc_echo
                0x00000000000027ac       0x44 CMakeFiles/kiibohd.dir/Scan/Infinity_60/scan_loop.c.obj
                0x00000000000027ac                cliFunc_echo
 .text.Scan_setup
                0x00000000000027f0       0x38 CMakeFiles/kiibohd.dir/Scan/Infinity_60/scan_loop.c.obj
                0x00000000000027f0                Scan_setup
 .text.Scan_poll
                0x0000000000002828       0x20 CMakeFiles/kiibohd.dir/Scan/Infinity_60/scan_loop.c.obj
                0x0000000000002828                Scan_poll
 .text.Scan_periodic
                0x0000000000002848       0x24 CMakeFiles/kiibohd.dir/Scan/Infinity_60/scan_loop.c.obj
                0x0000000000002848                Scan_periodic
 .text.Scan_finishedWithMacro
                0x000000000000286c       0x20 CMakeFiles/kiibohd.dir/Scan/Infinity_60/scan_loop.c.obj
                0x000000000000286c                Scan_finishedWithMacro
 .text.Scan_finishedWithOutput
                0x000000000000288c       0x20 CMakeFiles/kiibohd.dir/Scan/Infinity_60/scan_loop.c.obj
                0x000000000000288c                Scan_finishedWithOutput
 .text.Scan_currentChange
                0x00000000000028ac       0x24 CMakeFiles/kiibohd.dir/Scan/Infinity_60/scan_loop.c.obj
                0x00000000000028ac                Scan_currentChange
 .text.KLL_TriggerIndex_loopkup
                0x00000000000028d0       0x58 CMakeFiles/kiibohd.dir/Macro/PartialMap/kll.c.obj
                0x00000000000028d0                KLL_TriggerIndex_loopkup
 .text.KLL_CapabilityState
                0x0000000000002928       0x80 CMakeFiles/kiibohd.dir/Macro/PartialMap/kll.c.obj
                0x0000000000002928                KLL_CapabilityState
 .text.Layer_layerStateSet.part.0
                0x00000000000029a8      0x144 CMakeFiles/kiibohd.dir/Macro/PartialMap/layer.c.obj
 .text.Layer_layerState_capability
                0x0000000000002aec       0x78 CMakeFiles/kiibohd.dir/Macro/PartialMap/layer.c.obj
                0x0000000000002aec                Layer_layerState_capability
 .text.Layer_layerLatch_capability
                0x0000000000002b64       0x74 CMakeFiles/kiibohd.dir/Macro/PartialMap/layer.c.obj
                0x0000000000002b64                Layer_layerLatch_capability
 .text.Layer_layerLock_capability
                0x0000000000002bd8       0x78 CMakeFiles/kiibohd.dir/Macro/PartialMap/layer.c.obj
                0x0000000000002bd8                Layer_layerLock_capability
 .text.Layer_layerShift_capability
                0x0000000000002c50       0x9c CMakeFiles/kiibohd.dir/Macro/PartialMap/layer.c.obj
                0x0000000000002c50                Layer_layerShift_capability
 .text.Layer_layerRotate_capability
                0x0000000000002cec       0xac CMakeFiles/kiibohd.dir/Macro/PartialMap/layer.c.obj
                0x0000000000002cec                Layer_layerRotate_capability
 .text.Layer_clearLayers
                0x0000000000002d98       0x34 CMakeFiles/kiibohd.dir/Macro/PartialMap/layer.c.obj
                0x0000000000002d98                Layer_clearLayers
 .text.Layer_setup
                0x0000000000002dcc       0x34 CMakeFiles/kiibohd.dir/Macro/PartialMap/layer.c.obj
                0x0000000000002dcc                Layer_setup
 .text.Layer_layerLookup
                0x0000000000002e00      0x138 CMakeFiles/kiibohd.dir/Macro/PartialMap/layer.c.obj
                0x0000000000002e00                Layer_layerLookup
 .text.Macro_none_capability
                0x0000000000002f38       0x3c CMakeFiles/kiibohd.dir/Macro/PartialMap/macro.c.obj
                0x0000000000002f38                Macro_none_capability
 .text.cliFunc_posList
                0x0000000000002f74       0x28 CMakeFiles/kiibohd.dir/Macro/PartialMap/macro.c.obj
                0x0000000000002f74                cliFunc_posList
 .text.cliFunc_capDebug
                0x0000000000002f9c       0x48 CMakeFiles/kiibohd.dir/Macro/PartialMap/macro.c.obj
                0x0000000000002f9c                cliFunc_capDebug
 .text.cliFunc_layerDebug
                0x0000000000002fe4       0x48 CMakeFiles/kiibohd.dir/Macro/PartialMap/macro.c.obj
                0x0000000000002fe4                cliFunc_layerDebug
 .text.cliFunc_macroProc
                0x000000000000302c       0x48 CMakeFiles/kiibohd.dir/Macro/PartialMap/macro.c.obj
                0x000000000000302c                cliFunc_macroProc
 .text.cliFunc_capList
                0x0000000000003074       0x80 CMakeFiles/kiibohd.dir/Macro/PartialMap/macro.c.obj
                0x0000000000003074                cliFunc_capList
 .text.cliFunc_macroList
                0x00000000000030f4      0x1a0 CMakeFiles/kiibohd.dir/Macro/PartialMap/macro.c.obj
                0x00000000000030f4                cliFunc_macroList
 .text.cliFunc_macroDebug
                0x0000000000003294       0x88 CMakeFiles/kiibohd.dir/Macro/PartialMap/macro.c.obj
                0x0000000000003294                cliFunc_macroDebug
 .text.cliFunc_capSelect
                0x000000000000331c      0x124 CMakeFiles/kiibohd.dir/Macro/PartialMap/macro.c.obj
                0x000000000000331c                cliFunc_capSelect
 .text.cliFunc_layerState
                0x0000000000003440       0x80 CMakeFiles/kiibohd.dir/Macro/PartialMap/macro.c.obj
                0x0000000000003440                cliFunc_layerState
 .text.cliFunc_macroStep
                0x00000000000034c0       0x3c CMakeFiles/kiibohd.dir/Macro/PartialMap/macro.c.obj
                0x00000000000034c0                cliFunc_macroStep
 .text.cliFunc_layerList
                0x00000000000034fc       0xe8 CMakeFiles/kiibohd.dir/Macro/PartialMap/macro.c.obj
                0x00000000000034fc                cliFunc_layerList
 .text.cliFunc_voteDebug
                0x00000000000035e4       0x5c CMakeFiles/kiibohd.dir/Macro/PartialMap/macro.c.obj
                0x00000000000035e4                cliFunc_voteDebug
 .text.Macro_showScheduleType
                0x0000000000003640       0xc4 CMakeFiles/kiibohd.dir/Macro/PartialMap/macro.c.obj
                0x0000000000003640                Macro_showScheduleType
 .text.Macro_showTriggerType
                0x0000000000003704      0x108 CMakeFiles/kiibohd.dir/Macro/PartialMap/macro.c.obj
                0x0000000000003704                Macro_showTriggerType
 .text.Macro_testThreadSafe_capability
                0x000000000000380c       0x7c CMakeFiles/kiibohd.dir/Macro/PartialMap/macro.c.obj
                0x000000000000380c                Macro_testThreadSafe_capability
 .text.Macro_testThreadUnsafe_capability
                0x0000000000003888       0x7c CMakeFiles/kiibohd.dir/Macro/PartialMap/macro.c.obj
                0x0000000000003888                Macro_testThreadUnsafe_capability
 .text.Macro_showTriggerEvent
                0x0000000000003904       0x74 CMakeFiles/kiibohd.dir/Macro/PartialMap/macro.c.obj
                0x0000000000003904                Macro_showTriggerEvent
 .text.Macro_keyState
                0x0000000000003978       0x74 CMakeFiles/kiibohd.dir/Macro/PartialMap/macro.c.obj
                0x0000000000003978                Macro_keyState
 .text.cliFunc_keyHold
                0x00000000000039ec       0x48 CMakeFiles/kiibohd.dir/Macro/PartialMap/macro.c.obj
                0x00000000000039ec                cliFunc_keyHold
 .text.cliFunc_keyPress
                0x0000000000003a34       0x48 CMakeFiles/kiibohd.dir/Macro/PartialMap/macro.c.obj
                0x0000000000003a34                cliFunc_keyPress
 .text.cliFunc_keyRelease
                0x0000000000003a7c       0x48 CMakeFiles/kiibohd.dir/Macro/PartialMap/macro.c.obj
                0x0000000000003a7c                cliFunc_keyRelease
 .text.Macro_ledState
                0x0000000000003ac4       0x44 CMakeFiles/kiibohd.dir/Macro/PartialMap/macro.c.obj
                0x0000000000003ac4                Macro_ledState
 .text.Macro_layerState
                0x0000000000003b08       0x78 CMakeFiles/kiibohd.dir/Macro/PartialMap/macro.c.obj
                0x0000000000003b08                Macro_layerState
 .text.Macro_timeState
                0x0000000000003b80       0x90 CMakeFiles/kiibohd.dir/Macro/PartialMap/macro.c.obj
                0x0000000000003b80                Macro_timeState
 .text.Macro_rotationState
                0x0000000000003c10       0x68 CMakeFiles/kiibohd.dir/Macro/PartialMap/macro.c.obj
                0x0000000000003c10                Macro_rotationState
 .text.Macro_rotate_capability
                0x0000000000003c78       0x58 CMakeFiles/kiibohd.dir/Macro/PartialMap/macro.c.obj
                0x0000000000003c78                Macro_rotate_capability
 .text.Macro_tick_update
                0x0000000000003cd0       0x68 CMakeFiles/kiibohd.dir/Macro/PartialMap/macro.c.obj
                0x0000000000003cd0                Macro_tick_update
 .text.Macro_poll
                0x0000000000003d38       0x24 CMakeFiles/kiibohd.dir/Macro/PartialMap/macro.c.obj
                0x0000000000003d38                Macro_poll
 .text.Macro_periodic
                0x0000000000003d5c      0x18c CMakeFiles/kiibohd.dir/Macro/PartialMap/macro.c.obj
                0x0000000000003d5c                Macro_periodic
 .text.Macro_setup
                0x0000000000003ee8       0x8c CMakeFiles/kiibohd.dir/Macro/PartialMap/macro.c.obj
                0x0000000000003ee8                Macro_setup
 .text.macroDebugShowTrigger
                0x0000000000003f74      0x170 CMakeFiles/kiibohd.dir/Macro/PartialMap/macro.c.obj
                0x0000000000003f74                macroDebugShowTrigger
 .text.macroDebugShowResult
                0x00000000000040e4      0x138 CMakeFiles/kiibohd.dir/Macro/PartialMap/macro.c.obj
                0x00000000000040e4                macroDebugShowResult
 .text.cliFunc_macroShow
                0x000000000000421c       0x58 CMakeFiles/kiibohd.dir/Macro/PartialMap/macro.c.obj
                0x000000000000421c                cliFunc_macroShow
 .text.Result_evalResultMacroCombo
                0x0000000000004274      0x158 CMakeFiles/kiibohd.dir/Macro/PartialMap/result.c.obj
                0x0000000000004274                Result_evalResultMacroCombo
 .text.Result_appendResultMacroToPendingList
                0x00000000000043cc      0x150 CMakeFiles/kiibohd.dir/Macro/PartialMap/result.c.obj
                0x00000000000043cc                Result_appendResultMacroToPendingList
 .text.Result_evalResultMacro
                0x000000000000451c       0x90 CMakeFiles/kiibohd.dir/Macro/PartialMap/result.c.obj
                0x000000000000451c                Result_evalResultMacro
 .text.Result_setup
                0x00000000000045ac       0x3c CMakeFiles/kiibohd.dir/Macro/PartialMap/result.c.obj
                0x00000000000045ac                Result_setup
 .text.Result_process_delayed
                0x00000000000045e8       0xac CMakeFiles/kiibohd.dir/Macro/PartialMap/result.c.obj
                0x00000000000045e8                Result_process_delayed
 .text.Result_process
                0x0000000000004694       0x68 CMakeFiles/kiibohd.dir/Macro/PartialMap/result.c.obj
                0x0000000000004694                Result_process
 .text.Trigger_showTriggerMacroVote
                0x00000000000046fc       0xac CMakeFiles/kiibohd.dir/Macro/PartialMap/trigger.c.obj
                0x00000000000046fc                Trigger_showTriggerMacroVote
 .text.Trigger_isLongResultMacro
                0x00000000000047a8       0x44 CMakeFiles/kiibohd.dir/Macro/PartialMap/trigger.c.obj
                0x00000000000047a8                Trigger_isLongResultMacro
 .text.Trigger_isLongTriggerMacro
                0x00000000000047ec       0x2c CMakeFiles/kiibohd.dir/Macro/PartialMap/trigger.c.obj
                0x00000000000047ec                Trigger_isLongTriggerMacro
 .text.Trigger_evalShortTriggerMacroVote_PHRO
                0x0000000000004818       0x38 CMakeFiles/kiibohd.dir/Macro/PartialMap/trigger.c.obj
                0x0000000000004818                Trigger_evalShortTriggerMacroVote_PHRO
 .text.Trigger_evalShortTriggerMacroVote_DRO
                0x0000000000004850       0x28 CMakeFiles/kiibohd.dir/Macro/PartialMap/trigger.c.obj
                0x0000000000004850                Trigger_evalShortTriggerMacroVote_DRO
 .text.Trigger_evalShortTriggerMacroVote
                0x0000000000004878       0xf8 CMakeFiles/kiibohd.dir/Macro/PartialMap/trigger.c.obj
                0x0000000000004878                Trigger_evalShortTriggerMacroVote
 .text.Trigger_evalLongTriggerMacroVote
                0x0000000000004970       0xd4 CMakeFiles/kiibohd.dir/Macro/PartialMap/trigger.c.obj
                0x0000000000004970                Trigger_evalLongTriggerMacroVote
 .text.Trigger_overallVote
                0x0000000000004a44       0xc0 CMakeFiles/kiibohd.dir/Macro/PartialMap/trigger.c.obj
                0x0000000000004a44                Trigger_overallVote
 .text.Trigger_evalTriggerMacro
                0x0000000000004b04      0x1f8 CMakeFiles/kiibohd.dir/Macro/PartialMap/trigger.c.obj
                0x0000000000004b04                Trigger_evalTriggerMacro
 .text.Trigger_updateTriggerMacroPendingList
                0x0000000000004cfc       0xd4 CMakeFiles/kiibohd.dir/Macro/PartialMap/trigger.c.obj
                0x0000000000004cfc                Trigger_updateTriggerMacroPendingList
 .text.Trigger_setup
                0x0000000000004dd0       0x38 CMakeFiles/kiibohd.dir/Macro/PartialMap/trigger.c.obj
                0x0000000000004dd0                Trigger_setup
 .text.Trigger_process
                0x0000000000004e08      0x110 CMakeFiles/kiibohd.dir/Macro/PartialMap/trigger.c.obj
                0x0000000000004e08                Trigger_process
 .text.HIDIO_supported_0_call
                0x0000000000004f18       0x24 CMakeFiles/kiibohd.dir/Output/HID-IO/hidio_com.c.obj
                0x0000000000004f18                HIDIO_supported_0_call
 .text.HIDIO_supported_0_reply
                0x0000000000004f3c       0x24 CMakeFiles/kiibohd.dir/Output/HID-IO/hidio_com.c.obj
                0x0000000000004f3c                HIDIO_supported_0_reply
 .text.HIDIO_test_2_reply
                0x0000000000004f60       0x4c CMakeFiles/kiibohd.dir/Output/HID-IO/hidio_com.c.obj
                0x0000000000004f60                HIDIO_test_2_reply
 .text.HIDIO_info_1_reply
                0x0000000000004fac       0x24 CMakeFiles/kiibohd.dir/Output/HID-IO/hidio_com.c.obj
                0x0000000000004fac                HIDIO_info_1_reply
 .text.HIDIO_info_1_call
                0x0000000000004fd0       0x24 CMakeFiles/kiibohd.dir/Output/HID-IO/hidio_com.c.obj
                0x0000000000004fd0                HIDIO_info_1_call
 .text.HIDIO_buffer_munch
                0x0000000000004ff4       0x58 CMakeFiles/kiibohd.dir/Output/HID-IO/hidio_com.c.obj
                0x0000000000004ff4                HIDIO_buffer_munch
 .text.HIDIO_buffer_push_byte
                0x000000000000504c       0x34 CMakeFiles/kiibohd.dir/Output/HID-IO/hidio_com.c.obj
                0x000000000000504c                HIDIO_buffer_push_byte
 .text.HIDIO_modify_buffer
                0x0000000000005080       0x44 CMakeFiles/kiibohd.dir/Output/HID-IO/hidio_com.c.obj
                0x0000000000005080                HIDIO_modify_buffer
 .text.HIDIO_buffer_pop_bytes
                0x00000000000050c4       0x64 CMakeFiles/kiibohd.dir/Output/HID-IO/hidio_com.c.obj
                0x00000000000050c4                HIDIO_buffer_pop_bytes
 .text.HIDIO_buffer_free_bytes
                0x0000000000005128       0x30 CMakeFiles/kiibohd.dir/Output/HID-IO/hidio_com.c.obj
                0x0000000000005128                HIDIO_buffer_free_bytes
 .text.HIDIO_buffer_position
                0x0000000000005158       0x30 CMakeFiles/kiibohd.dir/Output/HID-IO/hidio_com.c.obj
                0x0000000000005158                HIDIO_buffer_position
 .text.HIDIO_buffer_id
                0x0000000000005188       0x2c CMakeFiles/kiibohd.dir/Output/HID-IO/hidio_com.c.obj
                0x0000000000005188                HIDIO_buffer_id
 .text.HIDIO_payload_start
                0x00000000000051b4       0x28 CMakeFiles/kiibohd.dir/Output/HID-IO/hidio_com.c.obj
                0x00000000000051b4                HIDIO_payload_start
 .text.HIDIO_buffer_generate_packet
                0x00000000000051dc      0x1f4 CMakeFiles/kiibohd.dir/Output/HID-IO/hidio_com.c.obj
                0x00000000000051dc                HIDIO_buffer_generate_packet
 .text.HIDIO_test_2_call
                0x00000000000053d0       0xc4 CMakeFiles/kiibohd.dir/Output/HID-IO/hidio_com.c.obj
                0x00000000000053d0                HIDIO_test_2_call
 .text.HIDIO_nopayload_ack
                0x0000000000005494       0x38 CMakeFiles/kiibohd.dir/Output/HID-IO/hidio_com.c.obj
                0x0000000000005494                HIDIO_nopayload_ack
 .text.HIDIO_register_id
                0x00000000000054cc       0x68 CMakeFiles/kiibohd.dir/Output/HID-IO/hidio_com.c.obj
                0x00000000000054cc                HIDIO_register_id
 .text.HIDIO_call_id
                0x0000000000005534       0xac CMakeFiles/kiibohd.dir/Output/HID-IO/hidio_com.c.obj
                0x0000000000005534                HIDIO_call_id
 .text.HIDIO_reply_id
                0x00000000000055e0       0xa8 CMakeFiles/kiibohd.dir/Output/HID-IO/hidio_com.c.obj
                0x00000000000055e0                HIDIO_reply_id
 .text.HIDIO_setup
                0x0000000000005688       0xf0 CMakeFiles/kiibohd.dir/Output/HID-IO/hidio_com.c.obj
                0x0000000000005688                HIDIO_setup
 .text.HIDIO_process_incoming_packet
                0x0000000000005778      0x244 CMakeFiles/kiibohd.dir/Output/HID-IO/hidio_com.c.obj
                0x0000000000005778                HIDIO_process_incoming_packet
 .text.HIDIO_process
                0x00000000000059bc       0xbc CMakeFiles/kiibohd.dir/Output/HID-IO/hidio_com.c.obj
                0x00000000000059bc                HIDIO_process
 .text.cliFunc_outputDebug
                0x0000000000005a78       0x44 CMakeFiles/kiibohd.dir/Output/Interface/output_gen.c.obj
                0x0000000000005a78                cliFunc_outputDebug
 .text.Output_flashMode_capability
                0x0000000000005abc       0x44 CMakeFiles/kiibohd.dir/Output/Interface/output_gen.c.obj
                0x0000000000005abc                Output_flashMode_capability
 .text.OutputGen_setup
                0x0000000000005b00       0x50 CMakeFiles/kiibohd.dir/Output/Interface/output_gen.c.obj
                0x0000000000005b00                OutputGen_setup
 .text.Output_current_available
                0x0000000000005b50       0x34 CMakeFiles/kiibohd.dir/Output/Interface/output_gen.c.obj
                0x0000000000005b50                Output_current_available
 .text.Output_update_usb_current
                0x0000000000005b84       0x40 CMakeFiles/kiibohd.dir/Output/Interface/output_gen.c.obj
                0x0000000000005b84                Output_update_usb_current
 .text.Output_update_external_current
                0x0000000000005bc4       0x60 CMakeFiles/kiibohd.dir/Output/Interface/output_gen.c.obj
                0x0000000000005bc4                Output_update_external_current
 .text.cliFunc_current
                0x0000000000005c24       0x5c CMakeFiles/kiibohd.dir/Output/Interface/output_gen.c.obj
                0x0000000000005c24                cliFunc_current
 .text.Output_setup
                0x0000000000005c80       0x28 CMakeFiles/kiibohd.dir/Output/USB/output_com.c.obj
                0x0000000000005c80                Output_setup
 .text.Output_poll
                0x0000000000005ca8       0x24 CMakeFiles/kiibohd.dir/Output/USB/output_com.c.obj
                0x0000000000005ca8                Output_poll
 .text.Output_periodic
                0x0000000000005ccc       0x24 CMakeFiles/kiibohd.dir/Output/USB/output_com.c.obj
                0x0000000000005ccc                Output_periodic
 .text.Output_firmwareReload
                0x0000000000005cf0       0x24 CMakeFiles/kiibohd.dir/Output/USB/output_com.c.obj
                0x0000000000005cf0                Output_firmwareReload
 .text.Output_softReset
                0x0000000000005d14       0x24 CMakeFiles/kiibohd.dir/Output/USB/output_com.c.obj
                0x0000000000005d14                Output_softReset
 .text.Output_availablechar
                0x0000000000005d38       0x24 CMakeFiles/kiibohd.dir/Output/USB/output_com.c.obj
                0x0000000000005d38                Output_availablechar
 .text.Output_getchar
                0x0000000000005d5c       0x24 CMakeFiles/kiibohd.dir/Output/USB/output_com.c.obj
                0x0000000000005d5c                Output_getchar
 .text.Output_putstr
                0x0000000000005d80       0x24 CMakeFiles/kiibohd.dir/Output/USB/output_com.c.obj
                0x0000000000005d80                Output_putstr
 .text.Output_rawio_availablechar
                0x0000000000005da4       0x24 CMakeFiles/kiibohd.dir/Output/USB/output_com.c.obj
                0x0000000000005da4                Output_rawio_availablechar
 .text.Output_rawio_getbuffer
                0x0000000000005dc8       0x24 CMakeFiles/kiibohd.dir/Output/USB/output_com.c.obj
                0x0000000000005dc8                Output_rawio_getbuffer
 .text.Output_rawio_sendbuffer
                0x0000000000005dec       0x24 CMakeFiles/kiibohd.dir/Output/USB/output_com.c.obj
                0x0000000000005dec                Output_rawio_sendbuffer
 .text.cliFunc_readLEDs
                0x0000000000005e10       0x40 CMakeFiles/kiibohd.dir/Output/USB/output_usb.c.obj
                0x0000000000005e10                cliFunc_readLEDs
 .text.cliFunc_usbAddr
                0x0000000000005e50       0x40 CMakeFiles/kiibohd.dir/Output/USB/output_usb.c.obj
                0x0000000000005e50                cliFunc_usbAddr
 .text.cliFunc_idle
                0x0000000000005e90       0x6c CMakeFiles/kiibohd.dir/Output/USB/output_usb.c.obj
                0x0000000000005e90                cliFunc_idle
 .text.cliFunc_usbConf
                0x0000000000005efc       0x3c CMakeFiles/kiibohd.dir/Output/USB/output_usb.c.obj
                0x0000000000005efc                cliFunc_usbConf
 .text.cliFunc_usbInitTime
                0x0000000000005f38       0x68 CMakeFiles/kiibohd.dir/Output/USB/output_usb.c.obj
                0x0000000000005f38                cliFunc_usbInitTime
 .text.cliFunc_kbdProtocol
                0x0000000000005fa0       0x74 CMakeFiles/kiibohd.dir/Output/USB/output_usb.c.obj
                0x0000000000005fa0                cliFunc_kbdProtocol
 .text.Output_consCtrlSend_capability
                0x0000000000006014       0x94 CMakeFiles/kiibohd.dir/Output/USB/output_usb.c.obj
                0x0000000000006014                Output_consCtrlSend_capability
 .text.Output_noneSend_capability
                0x00000000000060a8       0x3c CMakeFiles/kiibohd.dir/Output/USB/output_usb.c.obj
                0x00000000000060a8                Output_noneSend_capability
 .text.Output_sysCtrlSend_capability
                0x00000000000060e4       0x94 CMakeFiles/kiibohd.dir/Output/USB/output_usb.c.obj
                0x00000000000060e4                Output_sysCtrlSend_capability
 .text.Output_usbCodeSend_capability
                0x0000000000006178      0x244 CMakeFiles/kiibohd.dir/Output/USB/output_usb.c.obj
                0x0000000000006178                Output_usbCodeSend_capability
 .text.Output_usbMouse_capability
                0x00000000000063bc       0xc0 CMakeFiles/kiibohd.dir/Output/USB/output_usb.c.obj
                0x00000000000063bc                Output_usbMouse_capability
 .text.Output_usbMouseWheel_capability
                0x000000000000647c       0x80 CMakeFiles/kiibohd.dir/Output/USB/output_usb.c.obj
                0x000000000000647c                Output_usbMouseWheel_capability
 .text.USB_flushBuffers
                0x00000000000064fc       0x54 CMakeFiles/kiibohd.dir/Output/USB/output_usb.c.obj
                0x00000000000064fc                USB_flushBuffers
 .text.Output_kbdProtocolBoot_capability
                0x0000000000006550       0x68 CMakeFiles/kiibohd.dir/Output/USB/output_usb.c.obj
                0x0000000000006550                Output_kbdProtocolBoot_capability
 .text.Output_kbdProtocolNKRO_capability
                0x00000000000065b8       0x68 CMakeFiles/kiibohd.dir/Output/USB/output_usb.c.obj
                0x00000000000065b8                Output_kbdProtocolNKRO_capability
 .text.Output_toggleKbdProtocol_capability
                0x0000000000006620       0x6c CMakeFiles/kiibohd.dir/Output/USB/output_usb.c.obj
                0x0000000000006620                Output_toggleKbdProtocol_capability
 .text.USB_setup
                0x000000000000668c       0xbc CMakeFiles/kiibohd.dir/Output/USB/output_usb.c.obj
                0x000000000000668c                USB_setup
 .text.USB_poll
                0x0000000000006748       0x3c CMakeFiles/kiibohd.dir/Output/USB/output_usb.c.obj
                0x0000000000006748                USB_poll
 .text.USB_indicator_update
                0x0000000000006784       0x90 CMakeFiles/kiibohd.dir/Output/USB/output_usb.c.obj
                0x0000000000006784                USB_indicator_update
 .text.USB_periodic
                0x0000000000006814       0xd4 CMakeFiles/kiibohd.dir/Output/USB/output_usb.c.obj
                0x0000000000006814                USB_periodic
 .text.USB_SysCtrlDebug
                0x00000000000068e8       0x3c CMakeFiles/kiibohd.dir/Output/USB/output_usb.c.obj
                0x00000000000068e8                USB_SysCtrlDebug
 .text.USB_ConsCtrlDebug
                0x0000000000006924       0x3c CMakeFiles/kiibohd.dir/Output/USB/output_usb.c.obj
                0x0000000000006924                USB_ConsCtrlDebug
 .text.USB_6KRODebug
                0x0000000000006960       0x84 CMakeFiles/kiibohd.dir/Output/USB/output_usb.c.obj
                0x0000000000006960                USB_6KRODebug
 .text.USB_NKRODebug
                0x00000000000069e4       0x78 CMakeFiles/kiibohd.dir/Output/USB/output_usb.c.obj
                0x00000000000069e4                USB_NKRODebug
 .text.USB_firmwareReload
                0x0000000000006a5c       0x24 CMakeFiles/kiibohd.dir/Output/USB/output_usb.c.obj
                0x0000000000006a5c                USB_firmwareReload
 .text.USB_softReset
                0x0000000000006a80       0x2c CMakeFiles/kiibohd.dir/Output/USB/output_usb.c.obj
                0x0000000000006a80                USB_softReset
 .text.USB_availablechar
                0x0000000000006aac       0x24 CMakeFiles/kiibohd.dir/Output/USB/output_usb.c.obj
                0x0000000000006aac                USB_availablechar
 .text.USB_getchar
                0x0000000000006ad0       0x24 CMakeFiles/kiibohd.dir/Output/USB/output_usb.c.obj
                0x0000000000006ad0                USB_getchar
 .text.USB_putstr
                0x0000000000006af4       0x30 CMakeFiles/kiibohd.dir/Output/USB/output_usb.c.obj
                0x0000000000006af4                USB_putstr
 .text.USB_rawio_availablechar
                0x0000000000006b24       0x24 CMakeFiles/kiibohd.dir/Output/USB/output_usb.c.obj
                0x0000000000006b24                USB_rawio_availablechar
 .text.USB_rawio_getbuffer
                0x0000000000006b48       0x24 CMakeFiles/kiibohd.dir/Output/USB/output_usb.c.obj
                0x0000000000006b48                USB_rawio_getbuffer
 .text.USB_rawio_sendbuffer
                0x0000000000006b6c       0x24 CMakeFiles/kiibohd.dir/Output/USB/output_usb.c.obj
                0x0000000000006b6c                USB_rawio_sendbuffer
 .text.usb_set_config_descriptor_size
                0x0000000000006b90       0x2c CMakeFiles/kiibohd.dir/Output/USB/arm/usb_desc.c.obj
                0x0000000000006b90                usb_set_config_descriptor_size
 .text.endpoint0_transmit
                0x0000000000006bbc       0x58 CMakeFiles/kiibohd.dir/Output/USB/arm/usb_dev.c.obj
 .text.usb_device_check
                0x0000000000006c14       0x5c CMakeFiles/kiibohd.dir/Output/USB/arm/usb_dev.c.obj
                0x0000000000006c14                usb_device_check
 .text.usb_set_configuration
                0x0000000000006c70       0x34 CMakeFiles/kiibohd.dir/Output/USB/arm/usb_dev.c.obj
                0x0000000000006c70                usb_set_configuration
 .text.usb_setup
                0x0000000000006ca4      0x58c CMakeFiles/kiibohd.dir/Output/USB/arm/usb_dev.c.obj
                0x0000000000006ca4                usb_setup
 .text.keyboard_control
                0x0000000000007230       0x74 CMakeFiles/kiibohd.dir/Output/USB/arm/usb_dev.c.obj
                0x0000000000007230                keyboard_control
 .text.usb_rx   0x00000000000072a4       0x50 CMakeFiles/kiibohd.dir/Output/USB/arm/usb_dev.c.obj
                0x00000000000072a4                usb_rx
 .text.usb_tx_packet_count
                0x00000000000072f4       0x40 CMakeFiles/kiibohd.dir/Output/USB/arm/usb_dev.c.obj
                0x00000000000072f4                usb_tx_packet_count
 .text.usb_rx_memory
                0x0000000000007334       0x98 CMakeFiles/kiibohd.dir/Output/USB/arm/usb_dev.c.obj
                0x0000000000007334                usb_rx_memory
 .text.usb_tx   0x00000000000073cc       0xc0 CMakeFiles/kiibohd.dir/Output/USB/arm/usb_dev.c.obj
                0x00000000000073cc                usb_tx
 .text.usb_resume
                0x000000000000748c       0x6c CMakeFiles/kiibohd.dir/Output/USB/arm/usb_dev.c.obj
                0x000000000000748c                usb_resume
 .text.usb_device_reload
                0x00000000000074f8       0x50 CMakeFiles/kiibohd.dir/Output/USB/arm/usb_dev.c.obj
                0x00000000000074f8                usb_device_reload
 .text.usb_isr  0x0000000000007548      0x3b8 CMakeFiles/kiibohd.dir/Output/USB/arm/usb_dev.c.obj
                0x0000000000007548                usb_isr
 .text.usb_init
                0x0000000000007900      0x13c CMakeFiles/kiibohd.dir/Output/USB/arm/usb_dev.c.obj
                0x0000000000007900                usb_init
 .text.usb_configured
                0x0000000000007a3c       0x28 CMakeFiles/kiibohd.dir/Output/USB/arm/usb_dev.c.obj
                0x0000000000007a3c                usb_configured
 .text.usb_keyboard_send
                0x0000000000007a64      0x210 CMakeFiles/kiibohd.dir/Output/USB/arm/usb_keyboard.c.obj
                0x0000000000007a64                usb_keyboard_send
 .text.usb_keyboard_idle_update
                0x0000000000007c74       0x64 CMakeFiles/kiibohd.dir/Output/USB/arm/usb_keyboard.c.obj
                0x0000000000007c74                usb_keyboard_idle_update
 .text.usb_keyboard_clear
                0x0000000000007cd8       0x38 CMakeFiles/kiibohd.dir/Output/USB/arm/usb_keyboard.c.obj
                0x0000000000007cd8                usb_keyboard_clear
 .text.usb_malloc
                0x0000000000007d10       0x54 CMakeFiles/kiibohd.dir/Output/USB/arm/usb_mem.c.obj
                0x0000000000007d10                usb_malloc
 .text.usb_free
                0x0000000000007d64       0x70 CMakeFiles/kiibohd.dir/Output/USB/arm/usb_mem.c.obj
                0x0000000000007d64                usb_free
 .text.usb_mouse_send
                0x0000000000007dd4      0x110 CMakeFiles/kiibohd.dir/Output/USB/arm/usb_mouse.c.obj
                0x0000000000007dd4                usb_mouse_send
 .text.usb_rawio_available
                0x0000000000007ee4       0x34 CMakeFiles/kiibohd.dir/Output/USB/arm/usb_rawio.c.obj
                0x0000000000007ee4                usb_rawio_available
 .text.usb_rawio_rx
                0x0000000000007f18       0x84 CMakeFiles/kiibohd.dir/Output/USB/arm/usb_rawio.c.obj
                0x0000000000007f18                usb_rawio_rx
 .text.usb_rawio_tx
                0x0000000000007f9c       0x94 CMakeFiles/kiibohd.dir/Output/USB/arm/usb_rawio.c.obj
                0x0000000000007f9c                usb_rawio_tx
 .text.usb_serial_getchar
                0x0000000000008030       0x64 CMakeFiles/kiibohd.dir/Output/USB/arm/usb_serial.c.obj
                0x0000000000008030                usb_serial_getchar
 .text.usb_serial_available
                0x0000000000008094       0x38 CMakeFiles/kiibohd.dir/Output/USB/arm/usb_serial.c.obj
                0x0000000000008094                usb_serial_available
 .text.usb_serial_write
                0x00000000000080cc      0x100 CMakeFiles/kiibohd.dir/Output/USB/arm/usb_serial.c.obj
                0x00000000000080cc                usb_serial_write
 .text.usb_serial_flush_callback
                0x00000000000081cc       0x6c CMakeFiles/kiibohd.dir/Output/USB/arm/usb_serial.c.obj
                0x00000000000081cc                usb_serial_flush_callback
 .text.cliFunc_clear
                0x0000000000008238       0x28 CMakeFiles/kiibohd.dir/Debug/cli/cli.c.obj
                0x0000000000008238                cliFunc_clear
 .text.cliFunc_colorTest
                0x0000000000008260       0x34 CMakeFiles/kiibohd.dir/Debug/cli/cli.c.obj
                0x0000000000008260                cliFunc_colorTest
 .text.cliFunc_reload
                0x0000000000008294       0x3c CMakeFiles/kiibohd.dir/Debug/cli/cli.c.obj
                0x0000000000008294                cliFunc_reload
 .text.cliFunc_reset
                0x00000000000082d0       0x28 CMakeFiles/kiibohd.dir/Debug/cli/cli.c.obj
                0x00000000000082d0                cliFunc_reset
 .text.cliFunc_help
                0x00000000000082f8       0xdc CMakeFiles/kiibohd.dir/Debug/cli/cli.c.obj
                0x00000000000082f8                cliFunc_help
 .text.cliFunc_led
                0x00000000000083d4       0x30 CMakeFiles/kiibohd.dir/Debug/cli/cli.c.obj
                0x00000000000083d4                cliFunc_led
 .text.cliFunc_restart
                0x0000000000008404       0x24 CMakeFiles/kiibohd.dir/Debug/cli/cli.c.obj
                0x0000000000008404                cliFunc_restart
 .text.cliFunc_tick
                0x0000000000008428       0x70 CMakeFiles/kiibohd.dir/Debug/cli/cli.c.obj
                0x0000000000008428                cliFunc_tick
 .text.cliFunc_cliDebug
                0x0000000000008498       0x50 CMakeFiles/kiibohd.dir/Debug/cli/cli.c.obj
                0x0000000000008498                cliFunc_cliDebug
 .text.cliFunc_rand
                0x00000000000084e8       0x5c CMakeFiles/kiibohd.dir/Debug/cli/cli.c.obj
                0x00000000000084e8                cliFunc_rand
 .text.ChipVersion_cpuid_partno
                0x0000000000008544       0x70 CMakeFiles/kiibohd.dir/Debug/cli/cli.c.obj
                0x0000000000008544                ChipVersion_cpuid_partno
 .text.ChipVersion_cpuid_implementor
                0x00000000000085b4       0x3c CMakeFiles/kiibohd.dir/Debug/cli/cli.c.obj
                0x00000000000085b4                ChipVersion_cpuid_implementor
 .text.ChipVersion_lookup
                0x00000000000085f0       0xc0 CMakeFiles/kiibohd.dir/Debug/cli/cli.c.obj
                0x00000000000085f0                ChipVersion_lookup
 .text.cliFunc_version
                0x00000000000086b0      0x348 CMakeFiles/kiibohd.dir/Debug/cli/cli.c.obj
                0x00000000000086b0                cliFunc_version
 .text.prompt   0x00000000000089f8       0x34 CMakeFiles/kiibohd.dir/Debug/cli/cli.c.obj
                0x00000000000089f8                prompt
 .text.CLI_argumentIsolation
                0x0000000000008a2c       0x44 CMakeFiles/kiibohd.dir/Debug/cli/cli.c.obj
                0x0000000000008a2c                CLI_argumentIsolation
 .text.cliFunc_periodic
                0x0000000000008a70       0x50 CMakeFiles/kiibohd.dir/Debug/cli/cli.c.obj
                0x0000000000008a70                cliFunc_periodic
 .text.CLI_commandLookup
                0x0000000000008ac0       0xe8 CMakeFiles/kiibohd.dir/Debug/cli/cli.c.obj
                0x0000000000008ac0                CLI_commandLookup
 .text.CLI_registerDictionary
                0x0000000000008ba8       0x58 CMakeFiles/kiibohd.dir/Debug/cli/cli.c.obj
                0x0000000000008ba8                CLI_registerDictionary
 .text.CLI_init
                0x0000000000008c00       0x70 CMakeFiles/kiibohd.dir/Debug/cli/cli.c.obj
                0x0000000000008c00                CLI_init
 .text.CLI_tabCompletion
                0x0000000000008c70       0xd0 CMakeFiles/kiibohd.dir/Debug/cli/cli.c.obj
                0x0000000000008c70                CLI_tabCompletion
 .text.CLI_wrap
                0x0000000000008d40       0x44 CMakeFiles/kiibohd.dir/Debug/cli/cli.c.obj
                0x0000000000008d40                CLI_wrap
 .text.CLI_saveHistory
                0x0000000000008d84       0x68 CMakeFiles/kiibohd.dir/Debug/cli/cli.c.obj
                0x0000000000008d84                CLI_saveHistory
 .text.CLI_retreiveHistory
                0x0000000000008dec       0x5c CMakeFiles/kiibohd.dir/Debug/cli/cli.c.obj
                0x0000000000008dec                CLI_retreiveHistory
 .text.CLI_process
                0x0000000000008e48      0x230 CMakeFiles/kiibohd.dir/Debug/cli/cli.c.obj
                0x0000000000008e48                CLI_process
 .text.printLatency
                0x0000000000009078       0x98 CMakeFiles/kiibohd.dir/Debug/cli/cli.c.obj
                0x0000000000009078                printLatency
 .text.cliFunc_latency
                0x0000000000009110       0x84 CMakeFiles/kiibohd.dir/Debug/cli/cli.c.obj
                0x0000000000009110                cliFunc_latency
 .text.Latency_init
                0x0000000000009194       0x38 CMakeFiles/kiibohd.dir/Debug/latency/latency.c.obj
                0x0000000000009194                Latency_init
 .text.Latency_resources
                0x00000000000091cc       0x28 CMakeFiles/kiibohd.dir/Debug/latency/latency.c.obj
                0x00000000000091cc                Latency_resources
 .text.Latency_add_resource
                0x00000000000091f4       0x54 CMakeFiles/kiibohd.dir/Debug/latency/latency.c.obj
                0x00000000000091f4                Latency_add_resource
 .text.Latency_query
                0x0000000000009248       0x70 CMakeFiles/kiibohd.dir/Debug/latency/latency.c.obj
                0x0000000000009248                Latency_query
 .text.Latency_query_name
                0x00000000000092b8       0x2c CMakeFiles/kiibohd.dir/Debug/latency/latency.c.obj
                0x00000000000092b8                Latency_query_name
 .text.Latency_start_time
                0x00000000000092e4       0x3c CMakeFiles/kiibohd.dir/Debug/latency/latency.c.obj
                0x00000000000092e4                Latency_start_time
 .text.Latency_end_time
                0x0000000000009320       0xa4 CMakeFiles/kiibohd.dir/Debug/latency/latency.c.obj
                0x0000000000009320                Latency_end_time
 .text.init_errorLED
                0x00000000000093c4       0x34 CMakeFiles/kiibohd.dir/Debug/led/led.c.obj
                0x00000000000093c4                init_errorLED
 .text.errorLED
                0x00000000000093f8       0x48 CMakeFiles/kiibohd.dir/Debug/led/led.c.obj
                0x00000000000093f8                errorLED
 .text.printstrs
                0x0000000000009440       0x48 CMakeFiles/kiibohd.dir/Debug/print/print.c.obj
                0x0000000000009440                printstrs
 .text._print   0x0000000000009488       0x24 CMakeFiles/kiibohd.dir/Debug/print/print.c.obj
                0x0000000000009488                _print
 .text.lenStr   0x00000000000094ac       0x2c CMakeFiles/kiibohd.dir/Debug/print/print.c.obj
                0x00000000000094ac                lenStr
 .text.revsStr  0x00000000000094d8       0x40 CMakeFiles/kiibohd.dir/Debug/print/print.c.obj
                0x00000000000094d8                revsStr
 .text.int8ToStr
                0x0000000000009518       0x44 CMakeFiles/kiibohd.dir/Debug/print/print.c.obj
                0x0000000000009518                int8ToStr
 .text.printInt8
                0x000000000000955c       0x28 CMakeFiles/kiibohd.dir/Debug/print/print.c.obj
                0x000000000000955c                printInt8
 .text.int16ToStr
                0x0000000000009584       0x44 CMakeFiles/kiibohd.dir/Debug/print/print.c.obj
                0x0000000000009584                int16ToStr
 .text.printInt16
                0x00000000000095c8       0x28 CMakeFiles/kiibohd.dir/Debug/print/print.c.obj
                0x00000000000095c8                printInt16
 .text.int32ToStr
                0x00000000000095f0       0x44 CMakeFiles/kiibohd.dir/Debug/print/print.c.obj
                0x00000000000095f0                int32ToStr
 .text.printInt32
                0x0000000000009634       0x28 CMakeFiles/kiibohd.dir/Debug/print/print.c.obj
                0x0000000000009634                printInt32
 .text.hexToStr_op
                0x000000000000965c       0x78 CMakeFiles/kiibohd.dir/Debug/print/print.c.obj
                0x000000000000965c                hexToStr_op
 .text.printHex_op
                0x00000000000096d4       0x2c CMakeFiles/kiibohd.dir/Debug/print/print.c.obj
                0x00000000000096d4                printHex_op
 .text.hex32ToStr_op
                0x0000000000009700       0x78 CMakeFiles/kiibohd.dir/Debug/print/print.c.obj
                0x0000000000009700                hex32ToStr_op
 .text.printHex32_op
                0x0000000000009778       0x2c CMakeFiles/kiibohd.dir/Debug/print/print.c.obj
                0x0000000000009778                printHex32_op
 .text.hex32ToStr16
                0x00000000000097a4       0x40 CMakeFiles/kiibohd.dir/Debug/print/print.c.obj
                0x00000000000097a4                hex32ToStr16
 .text.eqStr    0x00000000000097e4       0x44 CMakeFiles/kiibohd.dir/Debug/print/print.c.obj
                0x00000000000097e4                eqStr
 .text.numToInt
                0x0000000000009828       0x9c CMakeFiles/kiibohd.dir/Debug/print/print.c.obj
                0x0000000000009828                numToInt
 *(.rodata*)
 .rodata.__stack_chk_fail.str1.1
                0x00000000000098c4        0xc CMakeFiles/kiibohd.dir/Lib/kinetis.c.obj
 .rodata.bus_fault_default_isr.str1.1
                0x00000000000098d0       0x22 CMakeFiles/kiibohd.dir/Lib/kinetis.c.obj
 .rodata.fault_isr.str1.1
                0x00000000000098f2        0x9 CMakeFiles/kiibohd.dir/Lib/kinetis.c.obj
 .rodata.hard_fault_default_isr.str1.1
                0x00000000000098fb       0x17 CMakeFiles/kiibohd.dir/Lib/kinetis.c.obj
                                         0x1a (size before relaxing)
 .rodata.memmanage_fault_default_isr.str1.1
                0x0000000000009912       0x2d CMakeFiles/kiibohd.dir/Lib/kinetis.c.obj
 .rodata.nmi_default_isr.str1.1
                0x000000000000993f        0x7 CMakeFiles/kiibohd.dir/Lib/kinetis.c.obj
 .rodata.sys_reset_to_loader_magic
                0x0000000000009946       0x16 CMakeFiles/kiibohd.dir/Lib/kinetis.c.obj
                0x0000000000009946                sys_reset_to_loader_magic
 .rodata.usage_fault_default_isr.str1.1
                0x000000000000995c       0x18 CMakeFiles/kiibohd.dir/Lib/kinetis.c.obj
 .rodata.watchdog_default_isr.str1.1
                0x0000000000009974       0x2a CMakeFiles/kiibohd.dir/Lib/kinetis.c.obj
                                         0x2c (size before relaxing)
 .rodata.str1.1
                0x000000000000999e        0xa CMakeFiles/kiibohd.dir/Lib/time.c.obj
 .rodata.Matrix_cols
                0x00000000000099a8       0x12 CMakeFiles/kiibohd.dir/Scan/Devices/MatrixARMPeriodic/matrix_scan.c.obj
                0x00000000000099a8                Matrix_cols
 .rodata.Matrix_keyPositionDebug.str1.1
                0x00000000000099ba       0x3e CMakeFiles/kiibohd.dir/Scan/Devices/MatrixARMPeriodic/matrix_scan.c.obj
 .rodata.Matrix_rows
                0x00000000000099f8        0xe CMakeFiles/kiibohd.dir/Scan/Devices/MatrixARMPeriodic/matrix_scan.c.obj
                0x00000000000099f8                Matrix_rows
 .rodata.Matrix_setup.str1.1
                0x0000000000009a06        0xe CMakeFiles/kiibohd.dir/Scan/Devices/MatrixARMPeriodic/matrix_scan.c.obj
 .rodata.Matrix_single_scan.str1.1
                0x0000000000009a14       0x99 CMakeFiles/kiibohd.dir/Scan/Devices/MatrixARMPeriodic/matrix_scan.c.obj
                                         0xa2 (size before relaxing)
 .rodata.cliFunc_debounce.str1.1
                0x0000000000009aad       0x26 CMakeFiles/kiibohd.dir/Scan/Devices/MatrixARMPeriodic/matrix_scan.c.obj
                                         0x29 (size before relaxing)
 .rodata.cliFunc_matrixDebug.str1.1
                0x0000000000009ad3       0x26 CMakeFiles/kiibohd.dir/Scan/Devices/MatrixARMPeriodic/matrix_scan.c.obj
 .rodata.cliFunc_matrixInfo.str1.1
                0x0000000000009af9       0x57 CMakeFiles/kiibohd.dir/Scan/Devices/MatrixARMPeriodic/matrix_scan.c.obj
 .rodata.cliFunc_strobeDelay.str1.1
                0x0000000000009b50       0x24 CMakeFiles/kiibohd.dir/Scan/Devices/MatrixARMPeriodic/matrix_scan.c.obj
 .rodata.debounceCLIDict_DescEntry
                0x0000000000009b74       0x39 CMakeFiles/kiibohd.dir/Scan/Devices/MatrixARMPeriodic/matrix_scan.c.obj
                0x0000000000009b74                debounceCLIDict_DescEntry
 *fill*         0x0000000000009bad        0x3 
 .rodata.matrixCLIDict
                0x0000000000009bb0       0x48 CMakeFiles/kiibohd.dir/Scan/Devices/MatrixARMPeriodic/matrix_scan.c.obj
                0x0000000000009bb0                matrixCLIDict
 .rodata.matrixCLIDictName
                0x0000000000009bf8       0x17 CMakeFiles/kiibohd.dir/Scan/Devices/MatrixARMPeriodic/matrix_scan.c.obj
                0x0000000000009bf8                matrixCLIDictName
 .rodata.matrixDebugCLIDict_DescEntry
                0x0000000000009c0f       0x86 CMakeFiles/kiibohd.dir/Scan/Devices/MatrixARMPeriodic/matrix_scan.c.obj
                0x0000000000009c0f                matrixDebugCLIDict_DescEntry
 .rodata.matrixInfoCLIDict_DescEntry
                0x0000000000009c95       0x28 CMakeFiles/kiibohd.dir/Scan/Devices/MatrixARMPeriodic/matrix_scan.c.obj
                0x0000000000009c95                matrixInfoCLIDict_DescEntry
 .rodata.matrixStateCLIDict_DescEntry
                0x0000000000009cbd       0x9a CMakeFiles/kiibohd.dir/Scan/Devices/MatrixARMPeriodic/matrix_scan.c.obj
                0x0000000000009cbd                matrixStateCLIDict_DescEntry
 .rodata.str1.1
                0x0000000000009d57       0x38 CMakeFiles/kiibohd.dir/Scan/Devices/MatrixARMPeriodic/matrix_scan.c.obj
 .rodata.strobeDelayCLIDict_DescEntry
                0x0000000000009d8f       0x3c CMakeFiles/kiibohd.dir/Scan/Devices/MatrixARMPeriodic/matrix_scan.c.obj
                0x0000000000009d8f                strobeDelayCLIDict_DescEntry
 .rodata.cliFunc_echo.str1.1
                0x0000000000009dcb        0x3 CMakeFiles/kiibohd.dir/Scan/Infinity_60/scan_loop.c.obj
 .rodata.echoCLIDict_DescEntry
                0x0000000000009dcb       0x26 CMakeFiles/kiibohd.dir/Scan/Infinity_60/scan_loop.c.obj
                0x0000000000009dcb                echoCLIDict_DescEntry
 *fill*         0x0000000000009df1        0x3 
 .rodata.scanCLIDict
                0x0000000000009df4       0x18 CMakeFiles/kiibohd.dir/Scan/Infinity_60/scan_loop.c.obj
                0x0000000000009df4                scanCLIDict
 .rodata.scanCLIDictName
                0x0000000000009e0c       0x15 CMakeFiles/kiibohd.dir/Scan/Infinity_60/scan_loop.c.obj
                0x0000000000009e0c                scanCLIDictName
 .rodata.str1.1
                0x0000000000009e21        0x5 CMakeFiles/kiibohd.dir/Scan/Infinity_60/scan_loop.c.obj
 .rodata.Layer_layerLatch_capability.str1.1
                0x0000000000009e26       0x1d CMakeFiles/kiibohd.dir/Macro/PartialMap/layer.c.obj
 .rodata.Layer_layerLock_capability.str1.1
                0x0000000000009e43       0x1c CMakeFiles/kiibohd.dir/Macro/PartialMap/layer.c.obj
 .rodata.Layer_layerRotate_capability.str1.1
                0x0000000000009e5f       0x1c CMakeFiles/kiibohd.dir/Macro/PartialMap/layer.c.obj
 .rodata.Layer_layerShift_capability.str1.1
                0x0000000000009e7b       0x1d CMakeFiles/kiibohd.dir/Macro/PartialMap/layer.c.obj
 .rodata.Layer_layerStateSet.part.0.str1.1
                0x0000000000009e98       0x11 CMakeFiles/kiibohd.dir/Macro/PartialMap/layer.c.obj
                                         0x16 (size before relaxing)
 .rodata.Layer_layerState_capability.str1.1
                0x0000000000009ea9       0x2d CMakeFiles/kiibohd.dir/Macro/PartialMap/layer.c.obj
 *fill*         0x0000000000009ed6        0x2 
 .rodata.CapabilitiesList
                0x0000000000009ed8       0x98 CMakeFiles/kiibohd.dir/Macro/PartialMap/macro.c.obj
                0x0000000000009ed8                CapabilitiesList
 .rodata.LayerIndex
                0x0000000000009f70       0x18 CMakeFiles/kiibohd.dir/Macro/PartialMap/macro.c.obj
                0x0000000000009f70                LayerIndex
 .rodata.Macro_keyState.str1.1
                0x0000000000009f88       0x3c CMakeFiles/kiibohd.dir/Macro/PartialMap/macro.c.obj
 .rodata.Macro_layerState.str1.1
                0x0000000000009fc4       0x3e CMakeFiles/kiibohd.dir/Macro/PartialMap/macro.c.obj
 .rodata.Macro_none_capability.str1.1
                0x000000000000a002        0xd CMakeFiles/kiibohd.dir/Macro/PartialMap/macro.c.obj
 .rodata.Macro_periodic.str1.1
                0x000000000000a00f       0xa9 CMakeFiles/kiibohd.dir/Macro/PartialMap/macro.c.obj
 .rodata.Macro_rotate_capability.str1.1
                0x000000000000a0b8        0xf CMakeFiles/kiibohd.dir/Macro/PartialMap/macro.c.obj
 .rodata.Macro_setup.str1.1
                0x000000000000a0c7        0xb CMakeFiles/kiibohd.dir/Macro/PartialMap/macro.c.obj
 .rodata.Macro_showSchedule.str1.1
                0x000000000000a0d2        0xb CMakeFiles/kiibohd.dir/Macro/PartialMap/macro.c.obj
                                          0x4 (size before relaxing)
 .rodata.Macro_showScheduleType.str1.1
                0x000000000000a0d2       0x2e CMakeFiles/kiibohd.dir/Macro/PartialMap/macro.c.obj
                                         0x5f (size before relaxing)
 .rodata.Macro_showTriggerType.str1.1
                0x000000000000a100       0x48 CMakeFiles/kiibohd.dir/Macro/PartialMap/macro.c.obj
                                         0x4e (size before relaxing)
 .rodata.Macro_testThreadSafe_capability.str1.1
                0x000000000000a148       0x24 CMakeFiles/kiibohd.dir/Macro/PartialMap/macro.c.obj
 .rodata.Macro_testThreadUnsafe_capability.str1.1
                0x000000000000a16c       0x28 CMakeFiles/kiibohd.dir/Macro/PartialMap/macro.c.obj
 .rodata.Macro_timeState.str1.1
                0x000000000000a194       0x8e CMakeFiles/kiibohd.dir/Macro/PartialMap/macro.c.obj
 *fill*         0x000000000000a222        0x2 
 .rodata.ResultMacroList
                0x000000000000a224      0x178 CMakeFiles/kiibohd.dir/Macro/PartialMap/macro.c.obj
                0x000000000000a224                ResultMacroList
 .rodata.TriggerMacroList
                0x000000000000a39c      0x2f8 CMakeFiles/kiibohd.dir/Macro/PartialMap/macro.c.obj
                0x000000000000a39c                TriggerMacroList
 .rodata.capDebugCLIDict_DescEntry
                0x000000000000a694       0x49 CMakeFiles/kiibohd.dir/Macro/PartialMap/macro.c.obj
                0x000000000000a694                capDebugCLIDict_DescEntry
 .rodata.capListCLIDict_DescEntry
                0x000000000000a6dd       0x3c CMakeFiles/kiibohd.dir/Macro/PartialMap/macro.c.obj
                0x000000000000a6dd                capListCLIDict_DescEntry
 .rodata.capSelectCLIDict_DescEntry
                0x000000000000a719       0x76 CMakeFiles/kiibohd.dir/Macro/PartialMap/macro.c.obj
                0x000000000000a719                capSelectCLIDict_DescEntry
 .rodata.cliFunc_capDebug.str1.1
                0x000000000000a78f       0x2a CMakeFiles/kiibohd.dir/Macro/PartialMap/macro.c.obj
 .rodata.cliFunc_capList.str1.1
                0x000000000000a7b9       0x29 CMakeFiles/kiibohd.dir/Macro/PartialMap/macro.c.obj
                                         0x2d (size before relaxing)
 .rodata.cliFunc_capSelect.str1.1
                0x000000000000a7e2       0xaa CMakeFiles/kiibohd.dir/Macro/PartialMap/macro.c.obj
                                         0xb0 (size before relaxing)
 .rodata.cliFunc_layerDebug.str1.1
                0x000000000000a88c       0x25 CMakeFiles/kiibohd.dir/Macro/PartialMap/macro.c.obj
 .rodata.cliFunc_layerList.str1.1
                0x000000000000a8b1      0x715 CMakeFiles/kiibohd.dir/Macro/PartialMap/macro.c.obj
                                        0x71a (size before relaxing)
 .rodata.cliFunc_layerState.str1.1
                0x000000000000afc6       0x29 CMakeFiles/kiibohd.dir/Macro/PartialMap/macro.c.obj
 .rodata.cliFunc_macroDebug.str1.1
                0x000000000000afef       0x25 CMakeFiles/kiibohd.dir/Macro/PartialMap/macro.c.obj
 .rodata.cliFunc_macroList.str1.1
                0x000000000000b014      0x117 CMakeFiles/kiibohd.dir/Macro/PartialMap/macro.c.obj
                                        0x119 (size before relaxing)
 .rodata.cliFunc_macroProc.str1.1
                0x000000000000b12b       0x2a CMakeFiles/kiibohd.dir/Macro/PartialMap/macro.c.obj
 .rodata.cliFunc_posList.str1.1
                0x000000000000b155        0x3 CMakeFiles/kiibohd.dir/Macro/PartialMap/macro.c.obj
 .rodata.cliFunc_voteDebug.str1.1
                0x000000000000b155       0x24 CMakeFiles/kiibohd.dir/Macro/PartialMap/macro.c.obj
 *fill*         0x000000000000b179        0x3 
 .rodata.default_tl_0x00
                0x000000000000b17c        0x4 CMakeFiles/kiibohd.dir/Macro/PartialMap/macro.c.obj
                0x000000000000b17c                default_tl_0x00
 .rodata.default_tl_0x01
                0x000000000000b180        0x8 CMakeFiles/kiibohd.dir/Macro/PartialMap/macro.c.obj
                0x000000000000b180                default_tl_0x01
 .rodata.default_tl_0x02
                0x000000000000b188        0x8 CMakeFiles/kiibohd.dir/Macro/PartialMap/macro.c.obj
                0x000000000000b188                default_tl_0x02
 .rodata.default_tl_0x03
                0x000000000000b190        0x8 CMakeFiles/kiibohd.dir/Macro/PartialMap/macro.c.obj
                0x000000000000b190                default_tl_0x03
 .rodata.default_tl_0x04
                0x000000000000b198        0x8 CMakeFiles/kiibohd.dir/Macro/PartialMap/macro.c.obj
                0x000000000000b198                default_tl_0x04
 .rodata.default_tl_0x05
                0x000000000000b1a0        0x8 CMakeFiles/kiibohd.dir/Macro/PartialMap/macro.c.obj
                0x000000000000b1a0                default_tl_0x05
 .rodata.default_tl_0x06
                0x000000000000b1a8        0x8 CMakeFiles/kiibohd.dir/Macro/PartialMap/macro.c.obj
                0x000000000000b1a8                default_tl_0x06
 .rodata.default_tl_0x07
                0x000000000000b1b0        0x8 CMakeFiles/kiibohd.dir/Macro/PartialMap/macro.c.obj
                0x000000000000b1b0                default_tl_0x07
 .rodata.default_tl_0x08
                0x000000000000b1b8        0x8 CMakeFiles/kiibohd.dir/Macro/PartialMap/macro.c.obj
                0x000000000000b1b8                default_tl_0x08
 .rodata.default_tl_0x09
                0x000000000000b1c0        0x8 CMakeFiles/kiibohd.dir/Macro/PartialMap/macro.c.obj
                0x000000000000b1c0                default_tl_0x09
 .rodata.default_tl_0x0A
                0x000000000000b1c8        0x8 CMakeFiles/kiibohd.dir/Macro/PartialMap/macro.c.obj
                0x000000000000b1c8                default_tl_0x0A
 .rodata.default_tl_0x0B
                0x000000000000b1d0        0x8 CMakeFiles/kiibohd.dir/Macro/PartialMap/macro.c.obj
                0x000000000000b1d0                default_tl_0x0B
 .rodata.default_tl_0x0C
                0x000000000000b1d8        0x8 CMakeFiles/kiibohd.dir/Macro/PartialMap/macro.c.obj
                0x000000000000b1d8                default_tl_0x0C
 .rodata.default_tl_0x0D
                0x000000000000b1e0        0x8 CMakeFiles/kiibohd.dir/Macro/PartialMap/macro.c.obj
                0x000000000000b1e0                default_tl_0x0D
 .rodata.default_tl_0x0E
                0x000000000000b1e8        0x8 CMakeFiles/kiibohd.dir/Macro/PartialMap/macro.c.obj
                0x000000000000b1e8                default_tl_0x0E
 .rodata.default_tl_0x0F
                0x000000000000b1f0        0x4 CMakeFiles/kiibohd.dir/Macro/PartialMap/macro.c.obj
                0x000000000000b1f0                default_tl_0x0F
 .rodata.default_tl_0x10
                0x000000000000b1f4        0x8 CMakeFiles/kiibohd.dir/Macro/PartialMap/macro.c.obj
                0x000000000000b1f4                default_tl_0x10
 .rodata.default_tl_0x11
                0x000000000000b1fc        0x8 CMakeFiles/kiibohd.dir/Macro/PartialMap/macro.c.obj
                0x000000000000b1fc                default_tl_0x11
 .rodata.default_tl_0x12
                0x000000000000b204        0x8 CMakeFiles/kiibohd.dir/Macro/PartialMap/macro.c.obj
                0x000000000000b204                default_tl_0x12
 .rodata.default_tl_0x13
                0x000000000000b20c        0x8 CMakeFiles/kiibohd.dir/Macro/PartialMap/macro.c.obj
                0x000000000000b20c                default_tl_0x13
 .rodata.default_tl_0x14
                0x000000000000b214        0x8 CMakeFiles/kiibohd.dir/Macro/PartialMap/macro.c.obj
                0x000000000000b214                default_tl_0x14
 .rodata.default_tl_0x15
                0x000000000000b21c        0x8 CMakeFiles/kiibohd.dir/Macro/PartialMap/macro.c.obj
                0x000000000000b21c                default_tl_0x15
 .rodata.default_tl_0x16
                0x000000000000b224        0x8 CMakeFiles/kiibohd.dir/Macro/PartialMap/macro.c.obj
                0x000000000000b224                default_tl_0x16
 .rodata.default_tl_0x17
                0x000000000000b22c        0x8 CMakeFiles/kiibohd.dir/Macro/PartialMap/macro.c.obj
                0x000000000000b22c                default_tl_0x17
 .rodata.default_tl_0x18
                0x000000000000b234        0x8 CMakeFiles/kiibohd.dir/Macro/PartialMap/macro.c.obj
                0x000000000000b234                default_tl_0x18
 .rodata.default_tl_0x19
                0x000000000000b23c        0x8 CMakeFiles/kiibohd.dir/Macro/PartialMap/macro.c.obj
                0x000000000000b23c                default_tl_0x19
 .rodata.default_tl_0x1A
                0x000000000000b244        0x8 CMakeFiles/kiibohd.dir/Macro/PartialMap/macro.c.obj
                0x000000000000b244                default_tl_0x1A
 .rodata.default_tl_0x1B
                0x000000000000b24c        0x8 CMakeFiles/kiibohd.dir/Macro/PartialMap/macro.c.obj
                0x000000000000b24c                default_tl_0x1B
 .rodata.default_tl_0x1C
                0x000000000000b254        0x8 CMakeFiles/kiibohd.dir/Macro/PartialMap/macro.c.obj
                0x000000000000b254                default_tl_0x1C
 .rodata.default_tl_0x1D
                0x000000000000b25c        0x8 CMakeFiles/kiibohd.dir/Macro/PartialMap/macro.c.obj
                0x000000000000b25c                default_tl_0x1D
 .rodata.default_tl_0x1E
                0x000000000000b264        0x8 CMakeFiles/kiibohd.dir/Macro/PartialMap/macro.c.obj
                0x000000000000b264                default_tl_0x1E
 .rodata.default_tl_0x1F
                0x000000000000b26c        0x8 CMakeFiles/kiibohd.dir/Macro/PartialMap/macro.c.obj
                0x000000000000b26c                default_tl_0x1F
 .rodata.default_tl_0x20
                0x000000000000b274        0x8 CMakeFiles/kiibohd.dir/Macro/PartialMap/macro.c.obj
                0x000000000000b274                default_tl_0x20
 .rodata.default_tl_0x21
                0x000000000000b27c        0x8 CMakeFiles/kiibohd.dir/Macro/PartialMap/macro.c.obj
                0x000000000000b27c                default_tl_0x21
 .rodata.default_tl_0x22
                0x000000000000b284        0x8 CMakeFiles/kiibohd.dir/Macro/PartialMap/macro.c.obj
                0x000000000000b284                default_tl_0x22
 .rodata.default_tl_0x23
                0x000000000000b28c        0x8 CMakeFiles/kiibohd.dir/Macro/PartialMap/macro.c.obj
                0x000000000000b28c                default_tl_0x23
 .rodata.default_tl_0x24
                0x000000000000b294        0x8 CMakeFiles/kiibohd.dir/Macro/PartialMap/macro.c.obj
                0x000000000000b294                default_tl_0x24
 .rodata.default_tl_0x25
                0x000000000000b29c        0x8 CMakeFiles/kiibohd.dir/Macro/PartialMap/macro.c.obj
                0x000000000000b29c                default_tl_0x25
 .rodata.default_tl_0x26
                0x000000000000b2a4        0x8 CMakeFiles/kiibohd.dir/Macro/PartialMap/macro.c.obj
                0x000000000000b2a4                default_tl_0x26
 .rodata.default_tl_0x27
                0x000000000000b2ac        0x8 CMakeFiles/kiibohd.dir/Macro/PartialMap/macro.c.obj
                0x000000000000b2ac                default_tl_0x27
 .rodata.default_tl_0x28
                0x000000000000b2b4        0x8 CMakeFiles/kiibohd.dir/Macro/PartialMap/macro.c.obj
                0x000000000000b2b4                default_tl_0x28
 .rodata.default_tl_0x29
                0x000000000000b2bc        0x8 CMakeFiles/kiibohd.dir/Macro/PartialMap/macro.c.obj
                0x000000000000b2bc                default_tl_0x29
 .rodata.default_tl_0x2A
                0x000000000000b2c4        0x8 CMakeFiles/kiibohd.dir/Macro/PartialMap/macro.c.obj
                0x000000000000b2c4                default_tl_0x2A
 .rodata.default_tl_0x2B
                0x000000000000b2cc        0x8 CMakeFiles/kiibohd.dir/Macro/PartialMap/macro.c.obj
                0x000000000000b2cc                default_tl_0x2B
 .rodata.default_tl_0x2C
                0x000000000000b2d4        0x8 CMakeFiles/kiibohd.dir/Macro/PartialMap/macro.c.obj
                0x000000000000b2d4                default_tl_0x2C
 .rodata.default_tl_0x2D
                0x000000000000b2dc        0x8 CMakeFiles/kiibohd.dir/Macro/PartialMap/macro.c.obj
                0x000000000000b2dc                default_tl_0x2D
 .rodata.default_tl_0x2E
                0x000000000000b2e4        0x8 CMakeFiles/kiibohd.dir/Macro/PartialMap/macro.c.obj
                0x000000000000b2e4                default_tl_0x2E
 .rodata.default_tl_0x2F
                0x000000000000b2ec        0x8 CMakeFiles/kiibohd.dir/Macro/PartialMap/macro.c.obj
                0x000000000000b2ec                default_tl_0x2F
 .rodata.default_tl_0x30
                0x000000000000b2f4        0x8 CMakeFiles/kiibohd.dir/Macro/PartialMap/macro.c.obj
                0x000000000000b2f4                default_tl_0x30
 .rodata.default_tl_0x31
                0x000000000000b2fc        0x8 CMakeFiles/kiibohd.dir/Macro/PartialMap/macro.c.obj
                0x000000000000b2fc                default_tl_0x31
 .rodata.default_tl_0x32
                0x000000000000b304        0x8 CMakeFiles/kiibohd.dir/Macro/PartialMap/macro.c.obj
                0x000000000000b304                default_tl_0x32
 .rodata.default_tl_0x33
                0x000000000000b30c        0x8 CMakeFiles/kiibohd.dir/Macro/PartialMap/macro.c.obj
                0x000000000000b30c                default_tl_0x33
 .rodata.default_tl_0x34
                0x000000000000b314        0x8 CMakeFiles/kiibohd.dir/Macro/PartialMap/macro.c.obj
                0x000000000000b314                default_tl_0x34
 .rodata.default_tl_0x35
                0x000000000000b31c        0x8 CMakeFiles/kiibohd.dir/Macro/PartialMap/macro.c.obj
                0x000000000000b31c                default_tl_0x35
 .rodata.default_tl_0x36
                0x000000000000b324        0x8 CMakeFiles/kiibohd.dir/Macro/PartialMap/macro.c.obj
                0x000000000000b324                default_tl_0x36
 .rodata.default_tl_0x37
                0x000000000000b32c        0x4 CMakeFiles/kiibohd.dir/Macro/PartialMap/macro.c.obj
                0x000000000000b32c                default_tl_0x37
 .rodata.default_tl_0x38
                0x000000000000b330        0x8 CMakeFiles/kiibohd.dir/Macro/PartialMap/macro.c.obj
                0x000000000000b330                default_tl_0x38
 .rodata.default_tl_0x39
                0x000000000000b338        0x8 CMakeFiles/kiibohd.dir/Macro/PartialMap/macro.c.obj
                0x000000000000b338                default_tl_0x39
 .rodata.default_tl_0x3A
                0x000000000000b340        0x8 CMakeFiles/kiibohd.dir/Macro/PartialMap/macro.c.obj
                0x000000000000b340                default_tl_0x3A
 .rodata.default_tl_0x3B
                0x000000000000b348        0x8 CMakeFiles/kiibohd.dir/Macro/PartialMap/macro.c.obj
                0x000000000000b348                default_tl_0x3B
 .rodata.default_tl_0x3C
                0x000000000000b350        0x8 CMakeFiles/kiibohd.dir/Macro/PartialMap/macro.c.obj
                0x000000000000b350                default_tl_0x3C
 .rodata.default_tl_0x3D
                0x000000000000b358        0x8 CMakeFiles/kiibohd.dir/Macro/PartialMap/macro.c.obj
                0x000000000000b358                default_tl_0x3D
 .rodata.default_tl_0x3E
                0x000000000000b360        0x8 CMakeFiles/kiibohd.dir/Macro/PartialMap/macro.c.obj
                0x000000000000b360                default_tl_0x3E
 .rodata.default_tl_0x3F
                0x000000000000b368        0x8 CMakeFiles/kiibohd.dir/Macro/PartialMap/macro.c.obj
                0x000000000000b368                default_tl_0x3F
 .rodata.keyHoldCLIDict_DescEntry
                0x000000000000b370       0x6d CMakeFiles/kiibohd.dir/Macro/PartialMap/macro.c.obj
                0x000000000000b370                keyHoldCLIDict_DescEntry
 .rodata.keyPressCLIDict_DescEntry
                0x000000000000b3dd       0x6e CMakeFiles/kiibohd.dir/Macro/PartialMap/macro.c.obj
                0x000000000000b3dd                keyPressCLIDict_DescEntry
 .rodata.keyReleaseCLIDict_DescEntry
                0x000000000000b44b       0x6b CMakeFiles/kiibohd.dir/Macro/PartialMap/macro.c.obj
                0x000000000000b44b                keyReleaseCLIDict_DescEntry
 *fill*         0x000000000000b4b6        0x2 
 .rodata.layer1_tl_0x00
                0x000000000000b4b8        0x8 CMakeFiles/kiibohd.dir/Macro/PartialMap/macro.c.obj
                0x000000000000b4b8                layer1_tl_0x00
 .rodata.layer1_tl_0x01
                0x000000000000b4c0        0x8 CMakeFiles/kiibohd.dir/Macro/PartialMap/macro.c.obj
                0x000000000000b4c0                layer1_tl_0x01
 .rodata.layer1_tl_0x02
                0x000000000000b4c8        0x8 CMakeFiles/kiibohd.dir/Macro/PartialMap/macro.c.obj
                0x000000000000b4c8                layer1_tl_0x02
 .rodata.layer1_tl_0x03
                0x000000000000b4d0        0x8 CMakeFiles/kiibohd.dir/Macro/PartialMap/macro.c.obj
                0x000000000000b4d0                layer1_tl_0x03
 .rodata.layer1_tl_0x04
                0x000000000000b4d8        0x8 CMakeFiles/kiibohd.dir/Macro/PartialMap/macro.c.obj
                0x000000000000b4d8                layer1_tl_0x04
 .rodata.layer1_tl_0x05
                0x000000000000b4e0        0x8 CMakeFiles/kiibohd.dir/Macro/PartialMap/macro.c.obj
                0x000000000000b4e0                layer1_tl_0x05
 .rodata.layer1_tl_0x06
                0x000000000000b4e8        0x8 CMakeFiles/kiibohd.dir/Macro/PartialMap/macro.c.obj
                0x000000000000b4e8                layer1_tl_0x06
 .rodata.layer1_tl_0x07
                0x000000000000b4f0        0x8 CMakeFiles/kiibohd.dir/Macro/PartialMap/macro.c.obj
                0x000000000000b4f0                layer1_tl_0x07
 .rodata.layer1_tl_0x08
                0x000000000000b4f8        0x8 CMakeFiles/kiibohd.dir/Macro/PartialMap/macro.c.obj
                0x000000000000b4f8                layer1_tl_0x08
 .rodata.layer1_tl_0x09
                0x000000000000b500        0x8 CMakeFiles/kiibohd.dir/Macro/PartialMap/macro.c.obj
                0x000000000000b500                layer1_tl_0x09
 .rodata.layer1_tl_0x0A
                0x000000000000b508        0x8 CMakeFiles/kiibohd.dir/Macro/PartialMap/macro.c.obj
                0x000000000000b508                layer1_tl_0x0A
 .rodata.layer1_tl_0x0B
                0x000000000000b510        0x8 CMakeFiles/kiibohd.dir/Macro/PartialMap/macro.c.obj
                0x000000000000b510                layer1_tl_0x0B
 .rodata.layer1_tl_0x0C
                0x000000000000b518        0x4 CMakeFiles/kiibohd.dir/Macro/PartialMap/macro.c.obj
                0x000000000000b518                layer1_tl_0x0C
 .rodata.layer1_tl_0x0D
                0x000000000000b51c        0x4 CMakeFiles/kiibohd.dir/Macro/PartialMap/macro.c.obj
                0x000000000000b51c                layer1_tl_0x0D
 .rodata.layer1_tl_0x0E
                0x000000000000b520        0x8 CMakeFiles/kiibohd.dir/Macro/PartialMap/macro.c.obj
                0x000000000000b520                layer1_tl_0x0E
 .rodata.layer1_tl_0x0F
                0x000000000000b528        0x4 CMakeFiles/kiibohd.dir/Macro/PartialMap/macro.c.obj
                0x000000000000b528                layer1_tl_0x0F
 .rodata.layer1_tl_0x10
                0x000000000000b52c        0x8 CMakeFiles/kiibohd.dir/Macro/PartialMap/macro.c.obj
                0x000000000000b52c                layer1_tl_0x10
 .rodata.layer1_tl_0x11
                0x000000000000b534        0x4 CMakeFiles/kiibohd.dir/Macro/PartialMap/macro.c.obj
                0x000000000000b534                layer1_tl_0x11
 .rodata.layer1_tl_0x12
                0x000000000000b538        0x4 CMakeFiles/kiibohd.dir/Macro/PartialMap/macro.c.obj
                0x000000000000b538                layer1_tl_0x12
 .rodata.layer1_tl_0x13
                0x000000000000b53c        0x4 CMakeFiles/kiibohd.dir/Macro/PartialMap/macro.c.obj
                0x000000000000b53c                layer1_tl_0x13
 .rodata.layer1_tl_0x14
                0x000000000000b540        0x4 CMakeFiles/kiibohd.dir/Macro/PartialMap/macro.c.obj
                0x000000000000b540                layer1_tl_0x14
 .rodata.layer1_tl_0x15
                0x000000000000b544        0x4 CMakeFiles/kiibohd.dir/Macro/PartialMap/macro.c.obj
                0x000000000000b544                layer1_tl_0x15
 .rodata.layer1_tl_0x16
                0x000000000000b548        0x8 CMakeFiles/kiibohd.dir/Macro/PartialMap/macro.c.obj
                0x000000000000b548                layer1_tl_0x16
 .rodata.layer1_tl_0x17
                0x000000000000b550        0x8 CMakeFiles/kiibohd.dir/Macro/PartialMap/macro.c.obj
                0x000000000000b550                layer1_tl_0x17
 .rodata.layer1_tl_0x18
                0x000000000000b558        0x8 CMakeFiles/kiibohd.dir/Macro/PartialMap/macro.c.obj
                0x000000000000b558                layer1_tl_0x18
 .rodata.layer1_tl_0x19
                0x000000000000b560        0x8 CMakeFiles/kiibohd.dir/Macro/PartialMap/macro.c.obj
                0x000000000000b560                layer1_tl_0x19
 .rodata.layer1_tl_0x1A
                0x000000000000b568        0x4 CMakeFiles/kiibohd.dir/Macro/PartialMap/macro.c.obj
                0x000000000000b568                layer1_tl_0x1A
 .rodata.layer1_tl_0x1B
                0x000000000000b56c        0x8 CMakeFiles/kiibohd.dir/Macro/PartialMap/macro.c.obj
                0x000000000000b56c                layer1_tl_0x1B
 .rodata.layer1_tl_0x1C
                0x000000000000b574        0x4 CMakeFiles/kiibohd.dir/Macro/PartialMap/macro.c.obj
                0x000000000000b574                layer1_tl_0x1C
 .rodata.layer1_tl_0x1D
                0x000000000000b578        0x8 CMakeFiles/kiibohd.dir/Macro/PartialMap/macro.c.obj
                0x000000000000b578                layer1_tl_0x1D
 .rodata.layer1_tl_0x1E
                0x000000000000b580        0x8 CMakeFiles/kiibohd.dir/Macro/PartialMap/macro.c.obj
                0x000000000000b580                layer1_tl_0x1E
 .rodata.layer1_tl_0x1F
                0x000000000000b588        0x8 CMakeFiles/kiibohd.dir/Macro/PartialMap/macro.c.obj
                0x000000000000b588                layer1_tl_0x1F
 .rodata.layer1_tl_0x20
                0x000000000000b590        0x8 CMakeFiles/kiibohd.dir/Macro/PartialMap/macro.c.obj
                0x000000000000b590                layer1_tl_0x20
 .rodata.layer1_tl_0x21
                0x000000000000b598        0x4 CMakeFiles/kiibohd.dir/Macro/PartialMap/macro.c.obj
                0x000000000000b598                layer1_tl_0x21
 .rodata.layer1_tl_0x22
                0x000000000000b59c        0x8 CMakeFiles/kiibohd.dir/Macro/PartialMap/macro.c.obj
                0x000000000000b59c                layer1_tl_0x22
 .rodata.layer1_tl_0x23
                0x000000000000b5a4        0x8 CMakeFiles/kiibohd.dir/Macro/PartialMap/macro.c.obj
                0x000000000000b5a4                layer1_tl_0x23
 .rodata.layer1_tl_0x24
                0x000000000000b5ac        0x8 CMakeFiles/kiibohd.dir/Macro/PartialMap/macro.c.obj
                0x000000000000b5ac                layer1_tl_0x24
 .rodata.layer1_tl_0x25
                0x000000000000b5b4        0x8 CMakeFiles/kiibohd.dir/Macro/PartialMap/macro.c.obj
                0x000000000000b5b4                layer1_tl_0x25
 .rodata.layer1_tl_0x26
                0x000000000000b5bc        0x8 CMakeFiles/kiibohd.dir/Macro/PartialMap/macro.c.obj
                0x000000000000b5bc                layer1_tl_0x26
 .rodata.layer1_tl_0x27
                0x000000000000b5c4        0x8 CMakeFiles/kiibohd.dir/Macro/PartialMap/macro.c.obj
                0x000000000000b5c4                layer1_tl_0x27
 .rodata.layer1_tl_0x28
                0x000000000000b5cc        0x4 CMakeFiles/kiibohd.dir/Macro/PartialMap/macro.c.obj
                0x000000000000b5cc                layer1_tl_0x28
 .rodata.layer1_tl_0x29
                0x000000000000b5d0        0x4 CMakeFiles/kiibohd.dir/Macro/PartialMap/macro.c.obj
                0x000000000000b5d0                layer1_tl_0x29
 .rodata.layer1_tl_0x2A
                0x000000000000b5d4        0x4 CMakeFiles/kiibohd.dir/Macro/PartialMap/macro.c.obj
                0x000000000000b5d4                layer1_tl_0x2A
 .rodata.layer1_tl_0x2B
                0x000000000000b5d8        0x4 CMakeFiles/kiibohd.dir/Macro/PartialMap/macro.c.obj
                0x000000000000b5d8                layer1_tl_0x2B
 .rodata.layer1_tl_0x2C
                0x000000000000b5dc        0x4 CMakeFiles/kiibohd.dir/Macro/PartialMap/macro.c.obj
                0x000000000000b5dc                layer1_tl_0x2C
 .rodata.layer1_tl_0x2D
                0x000000000000b5e0        0x4 CMakeFiles/kiibohd.dir/Macro/PartialMap/macro.c.obj
                0x000000000000b5e0                layer1_tl_0x2D
 .rodata.layer1_tl_0x2E
                0x000000000000b5e4        0x4 CMakeFiles/kiibohd.dir/Macro/PartialMap/macro.c.obj
                0x000000000000b5e4                layer1_tl_0x2E
 .rodata.layer1_tl_0x2F
                0x000000000000b5e8        0x8 CMakeFiles/kiibohd.dir/Macro/PartialMap/macro.c.obj
                0x000000000000b5e8                layer1_tl_0x2F
 .rodata.layer1_tl_0x30